  Resolving versions
Downloading packages
 Downloaded 12 packages in 0.05s
  Compiling cowlib
===> Analyzing applications...
===> Compiling cowlib
  Compiling gleam_stdlib
/private/tmp/nix-shell.aVdhuU/http-gun-ip-sni-mutation-qkqqw4qr/http_gun/build/dev/erlang/gleam_stdlib/_gleam_artefacts/gleam_stdlib.erl:75:10: Warning: 'catch ...' is deprecated; please use 'try ... catch ... end' instead.
Compile directive 'nowarn_deprecated_catch' can be used to suppress
warnings in selected modules.
%   75|     case catch binary_to_integer(String, Base) of
%     |          ^

/private/tmp/nix-shell.aVdhuU/http-gun-ip-sni-mutation-qkqqw4qr/http_gun/build/dev/erlang/gleam_stdlib/_gleam_artefacts/gleam_stdlib.erl:81:10: Warning: 'catch ...' is deprecated; please use 'try ... catch ... end' instead.
Compile directive 'nowarn_deprecated_catch' can be used to suppress
warnings in selected modules.
%   81|     case catch binary_to_integer(String) of
%     |          ^

/private/tmp/nix-shell.aVdhuU/http-gun-ip-sni-mutation-qkqqw4qr/http_gun/build/dev/erlang/gleam_stdlib/_gleam_artefacts/gleam_stdlib.erl:87:10: Warning: 'catch ...' is deprecated; please use 'try ... catch ... end' instead.
Compile directive 'nowarn_deprecated_catch' can be used to suppress
warnings in selected modules.
%   87|     case catch binary_to_float(String) of
%     |          ^

  Compiling file_streams
  Compiling filepath
  Compiling gleam_erlang
  Compiling gleam_http
  Compiling gleam_json
  Compiling gleam_otp
  Compiling gleeunit
  Compiling gun
===> Analyzing applications...
===> Compiling gun
  Compiling simplifile
  Compiling telemetry
===> Analyzing applications...
===> Compiling telemetry
  Compiling sinal
  Compiling http_gun
   Compiled in 13.86s
    Running http_gun_destination_test.main
=NOTICE REPORT==== 1-Oct-2026::07:56:22.423688 ===
TLS server: In state wait_finished received CLIENT ALERT: Fatal - Bad Certificate

=NOTICE REPORT==== 1-Oct-2026::07:56:22.423613 ===
TLS client: In state wait_cert_cr at ssl_handshake.erl:2262 generated CLIENT ALERT: Fatal - Bad Certificate
 - {bad_cert,{hostname_check_failed,{requested,"wrong.invalid"},
                                    {received,[{dNSName,"localhost"}]}}}
[31;1mruntime error[39m: let assert[0m

Pattern match failed, no pattern matched the value.

unmatched value:
  Ok(Buffered(Response(200, [#("content-length", "3")], "abc"), [], H1))

stacktrace:
  http_gun_destination_test.ip_literal_tls_checks_ip_san_test[90m test/http_gun_destination_test.gleam:347[0m
  http_gun_destination_test.main[90m test/http_gun_destination_test.gleam:28[0m

