  Resolving versions
Downloading packages
 Downloaded 12 packages in 0.06s
  Compiling cowlib
===> Analyzing applications...
===> Compiling cowlib
  Compiling gleam_stdlib
/private/tmp/nix-shell.BUcsGe/http-gun-gate-wd32bmuq/http_gun/build/dev/erlang/gleam_stdlib/_gleam_artefacts/gleam_stdlib.erl:75:10: Warning: 'catch ...' is deprecated; please use 'try ... catch ... end' instead.
Compile directive 'nowarn_deprecated_catch' can be used to suppress
warnings in selected modules.
%   75|     case catch binary_to_integer(String, Base) of
%     |          ^

/private/tmp/nix-shell.BUcsGe/http-gun-gate-wd32bmuq/http_gun/build/dev/erlang/gleam_stdlib/_gleam_artefacts/gleam_stdlib.erl:81:10: Warning: 'catch ...' is deprecated; please use 'try ... catch ... end' instead.
Compile directive 'nowarn_deprecated_catch' can be used to suppress
warnings in selected modules.
%   81|     case catch binary_to_integer(String) of
%     |          ^

/private/tmp/nix-shell.BUcsGe/http-gun-gate-wd32bmuq/http_gun/build/dev/erlang/gleam_stdlib/_gleam_artefacts/gleam_stdlib.erl:87:10: Warning: 'catch ...' is deprecated; please use 'try ... catch ... end' instead.
Compile directive 'nowarn_deprecated_catch' can be used to suppress
warnings in selected modules.
%   87|     case catch binary_to_float(String) of
%     |          ^

  Compiling file_streams
  Compiling filepath
  Compiling gleam_erlang
  Compiling gleam_http
  Compiling gleam_json
  Compiling gleam_otp
  Compiling gleeunit
  Compiling gun
===> Analyzing applications...
===> Compiling gun
  Compiling simplifile
  Compiling telemetry
===> Analyzing applications...
===> Compiling telemetry
  Compiling sinal
   Checking http_gun
   Compiled in 13.83s
  Compiling http_gun
   Compiled in 0.52s
   Compiled in 0.19s
    Running http_gun_test.main
[32m.[39m[32m.[39m[32m.[39m[32m.[39m[32m.[39m[32m.[39m[32m.[39m[32m.[39m[32m.[39m[32m.[39m[32m.[39m[32m.[39m[32m.[39m=CRASH REPORT==== 1-Oct-2026::07:40:11.303071 ===
  crasher:
    initial call: http_gun@internal@resolution:'-start/5-anonymous-0-'/0
    pid: <0.253.0>
    registered_name: []
    exception error: #{function =>
                           <<"throwing_resolver_is_typed_and_does_not_kill_pool_test">>,
                       line => 536,message => <<"injected resolver failure">>,
                       module => <<"http_gun_destination_test">>,
                       file => <<"test/http_gun_destination_test.gleam">>,
                       gleam_error => panic}
      in function  http_gun_destination_test:'-throwing_resolver_is_typed_and_does_not_kill_pool_test/0-anonymous-0-'/2 (test/http_gun_destination_test.gleam:535)
      in call from http_gun@internal@resolution:'-resolve/3-anonymous-3-'/4 (src/http_gun/internal/resolution.gleam:81)
      in call from http_gun@internal@resolution:'-start/5-anonymous-0-'/4 (src/http_gun/internal/resolution.gleam:30)
    ancestors: [<0.252.0>,<0.251.0>,<0.120.0>]
    message_queue_len: 0
    messages: []
    links: [<0.252.0>]
    dictionary: []
    trap_exit: false
    status: running
    heap_size: 233
    stack_size: 29
    reductions: 57
  neighbours:

[32m.[39m[32m.[39m[32m.[39m=NOTICE REPORT==== 1-Oct-2026::07:40:11.588050 ===
TLS client: In state wait_cert_cr at ssl_handshake.erl:2262 generated CLIENT ALERT: Fatal - Bad Certificate
 - {bad_cert,{hostname_check_failed,{requested,{127,0,0,1}},
                                    {received,[{dNSName,"localhost"}]}}}
=NOTICE REPORT==== 1-Oct-2026::07:40:11.588133 ===
TLS server: In state wait_finished received CLIENT ALERT: Fatal - Bad Certificate

[32m.[39m=NOTICE REPORT==== 1-Oct-2026::07:40:11.605076 ===
TLS client: In state wait_cert_cr at ssl_handshake.erl:2262 generated CLIENT ALERT: Fatal - Bad Certificate
 - {bad_cert,{hostname_check_failed,{requested,"wrong.invalid"},
                                    {received,[{dNSName,"localhost"}]}}}
=NOTICE REPORT==== 1-Oct-2026::07:40:11.605129 ===
TLS server: In state wait_finished received CLIENT ALERT: Fatal - Bad Certificate

[32m.[39m[32m.[39m[32m.[39m[32m.[39m[32m.[39m[32m.[39m[32m.[39m[32m.[39m[32m.[39m
[1m[31mpanic[39m[22m [90msrc/gleeunit/should.gleam:10[39m
[36m test[39m: http_gun_destination_test.recording_enforces_destination_and_offline_modes_never_resolve_test
[36m info[39m: 
Error(Busy)
should equal
Ok("/tmp/http-gun-8-69157.json")
[32m.[39m[32m.[39m=ERROR REPORT==== 1-Oct-2026::07:40:13.204408 ===
** State machine <0.495.0> terminating
** Process label = {gun,{127,0,0,1},63264}
** Last event = {info,{tcp,#Port<0.84>,
                           <<"HTTP/1.1 200 OK\r\nContent-Length: +1\r\n\r\nx">>}}
** When server state  = {connected,
                         {state,<0.486.0>,
                          {up,#Ref<0.1014612162.3041656834.73861>},
                          {127,0,0,1},
                          63264,<<"http">>,
                          {127,0,0,1},
                          63264,[],
                          #{protocols => [http],
                            retry => 0,connect_timeout => 1000,
                            domain_lookup_timeout => 1000,
                            http2_opts =>
                             #{flow => 1,max_headers => 101,
                               initial_connection_window_size => 65535,
                               initial_stream_window_size => 16384,
                               notify_settings_changed => true},
                            http_opts => #{flow => 1,max_headers => 100},
                            tcp_opts =>
                             [{send_timeout,1000},{send_timeout_close,true}],
                            tls_handshake_timeout => 1000,transport => tcp},
                          undefined,#Port<0.84>,gun_tcp,true,
                          {tcp,tcp_closed,tcp_error},
                          gun_http,
                          {http_state,#Port<0.84>,gun_tcp,
                           #{flow => 1,max_headers => 100},
                           'HTTP/1.1',keepalive,<<>>,undefined,
                           [{stream,#Ref<0.1014612162.3041656834.73877>,
                             <0.496.0>,1,<<"GET">>,<<"127.0.0.1:63264">>,
                             <<"/">>,[],true,undefined}],
                           head,
                           {0,0},
                           head},
                          undefined,gun_default_event_h,undefined}}
** Reason for termination = error:badarg
** Callback modules = [gun]
** Callback mode = state_functions
** Stacktrace =
**  [{erlang,binary_to_integer,
             [<<>>],
             [{error_info,#{module => erl_erts_errors}}]},
     {cow_http_hd,digits,3,
                  [{file,"/private/tmp/nix-shell.BUcsGe/http-gun-gate-wd32bmuq/http_gun/build/dev/erlang/cowlib/src/cow_http_hd.erl"},
                   {line,3721}]},
     {cow_http_hd,parse_content_length,1,
                  [{file,"/private/tmp/nix-shell.BUcsGe/http-gun-gate-wd32bmuq/http_gun/build/dev/erlang/cowlib/src/cow_http_hd.erl"},
                   {line,1667}]},
     {gun_http,response_io_from_headers,4,
               [{file,"/private/tmp/nix-shell.BUcsGe/http-gun-gate-wd32bmuq/http_gun/build/dev/erlang/gun/src/gun_http.erl"},
                {line,1020}]},
     {gun_http,handle_response,8,
               [{file,"/private/tmp/nix-shell.BUcsGe/http-gun-gate-wd32bmuq/http_gun/build/dev/erlang/gun/src/gun_http.erl"},
                {line,474}]},
     {gun,handle_common_connected_no_input,4,
          [{file,"/private/tmp/nix-shell.BUcsGe/http-gun-gate-wd32bmuq/http_gun/build/dev/erlang/gun/src/gun.erl"},
           {line,1641}]},
     {gen_statem,loop_state_callback,11,[{file,"gen_statem.erl"},{line,3741}]},
     {proc_lib,init_p_do_apply,3,[{file,"proc_lib.erl"},{line,333}]}]

=CRASH REPORT==== 1-Oct-2026::07:40:13.204923 ===
  crasher:
    initial call: gun:init/1
    pid: <0.495.0>
    registered_name: []
    process_label: {gun,{127,0,0,1},63264}
    exception error: bad argument
      in function  binary_to_integer/1
         called as binary_to_integer(<<>>)
         *** argument 1: not a textual representation of an integer
      in call from cow_http_hd:digits/3 (/private/tmp/nix-shell.BUcsGe/http-gun-gate-wd32bmuq/http_gun/build/dev/erlang/cowlib/src/cow_http_hd.erl:3721)
      in call from cow_http_hd:parse_content_length/1 (/private/tmp/nix-shell.BUcsGe/http-gun-gate-wd32bmuq/http_gun/build/dev/erlang/cowlib/src/cow_http_hd.erl:1667)
      in call from gun_http:response_io_from_headers/4 (/private/tmp/nix-shell.BUcsGe/http-gun-gate-wd32bmuq/http_gun/build/dev/erlang/gun/src/gun_http.erl:1020)
      in call from gun_http:handle_response/8 (/private/tmp/nix-shell.BUcsGe/http-gun-gate-wd32bmuq/http_gun/build/dev/erlang/gun/src/gun_http.erl:474)
      in call from gun:handle_common_connected_no_input/4 (/private/tmp/nix-shell.BUcsGe/http-gun-gate-wd32bmuq/http_gun/build/dev/erlang/gun/src/gun.erl:1641)
      in call from gen_statem:loop_state_callback/11 (gen_statem.erl:3741)
    ancestors: [gun_conns_sup,gun_sup,<0.107.0>]
    message_queue_len: 0
    messages: []
    links: [<0.109.0>,#Port<0.84>]
    dictionary: []
    trap_exit: false
    status: running
    heap_size: 17731
    stack_size: 29
    reductions: 21548
  neighbours:

=SUPERVISOR REPORT==== 1-Oct-2026::07:40:13.209229 ===
    supervisor: {local,gun_conns_sup}
    errorContext: child_terminated
    reason: {badarg,
                [{erlang,binary_to_integer,
                     [<<>>],
                     [{error_info,#{module => erl_erts_errors}}]},
                 {cow_http_hd,digits,3,
                     [{file,
                          "/private/tmp/nix-shell.BUcsGe/http-gun-gate-wd32bmuq/http_gun/build/dev/erlang/cowlib/src/cow_http_hd.erl"},
                      {line,3721}]},
                 {cow_http_hd,parse_content_length,1,
                     [{file,
                          "/private/tmp/nix-shell.BUcsGe/http-gun-gate-wd32bmuq/http_gun/build/dev/erlang/cowlib/src/cow_http_hd.erl"},
                      {line,1667}]},
                 {gun_http,response_io_from_headers,4,
                     [{file,
                          "/private/tmp/nix-shell.BUcsGe/http-gun-gate-wd32bmuq/http_gun/build/dev/erlang/gun/src/gun_http.erl"},
                      {line,1020}]},
                 {gun_http,handle_response,8,
                     [{file,
                          "/private/tmp/nix-shell.BUcsGe/http-gun-gate-wd32bmuq/http_gun/build/dev/erlang/gun/src/gun_http.erl"},
                      {line,474}]},
                 {gun,handle_common_connected_no_input,4,
                     [{file,
                          "/private/tmp/nix-shell.BUcsGe/http-gun-gate-wd32bmuq/http_gun/build/dev/erlang/gun/src/gun.erl"},
                      {line,1641}]},
                 {gen_statem,loop_state_callback,11,
                     [{file,"gen_statem.erl"},{line,3741}]},
                 {proc_lib,init_p_do_apply,3,
                     [{file,"proc_lib.erl"},{line,333}]}]}
    offender: [{pid,<0.495.0>},
               {id,gun},
               {mfargs,{gun,start_link,undefined}},
               {restart_type,temporary},
               {significant,false},
               {shutdown,5000},
               {child_type,worker}]

=ERROR REPORT==== 1-Oct-2026::07:40:13.210278 ===
** State machine <0.500.0> terminating
** Process label = {gun,{127,0,0,1},63266}
** Last event = {info,{tcp,#Port<0.87>,
                           <<"HTTP/1.1 200 OK\r\nContent-Length: -1\r\n\r\nx">>}}
** When server state  = {connected,
                         {state,<0.486.0>,
                          {up,#Ref<0.1014612162.3041656835.78061>},
                          {127,0,0,1},
                          63266,<<"http">>,
                          {127,0,0,1},
                          63266,[],
                          #{protocols => [http],
                            retry => 0,connect_timeout => 1000,
                            domain_lookup_timeout => 1000,
                            http2_opts =>
                             #{flow => 1,max_headers => 101,
                               initial_connection_window_size => 65535,
                               initial_stream_window_size => 16384,
                               notify_settings_changed => true},
                            http_opts => #{flow => 1,max_headers => 100},
                            tcp_opts =>
                             [{send_timeout,1000},{send_timeout_close,true}],
                            tls_handshake_timeout => 1000,transport => tcp},
                          undefined,#Port<0.87>,gun_tcp,true,
                          {tcp,tcp_closed,tcp_error},
                          gun_http,
                          {http_state,#Port<0.87>,gun_tcp,
                           #{flow => 1,max_headers => 100},
                           'HTTP/1.1',keepalive,<<>>,undefined,
                           [{stream,#Ref<0.1014612162.3041656835.78077>,
                             <0.501.0>,1,<<"GET">>,<<"127.0.0.1:63266">>,
                             <<"/">>,[],true,undefined}],
                           head,
                           {0,0},
                           head},
                          undefined,gun_default_event_h,undefined}}
** Reason for termination = error:badarg
** Callback modules = [gun]
** Callback mode = state_functions
** Stacktrace =
**  [{erlang,binary_to_integer,
             [<<>>],
             [{error_info,#{module => erl_erts_errors}}]},
     {cow_http_hd,digits,3,
                  [{file,"/private/tmp/nix-shell.BUcsGe/http-gun-gate-wd32bmuq/http_gun/build/dev/erlang/cowlib/src/cow_http_hd.erl"},
                   {line,3721}]},
     {cow_http_hd,parse_content_length,1,
                  [{file,"/private/tmp/nix-shell.BUcsGe/http-gun-gate-wd32bmuq/http_gun/build/dev/erlang/cowlib/src/cow_http_hd.erl"},
                   {line,1667}]},
     {gun_http,response_io_from_headers,4,
               [{file,"/private/tmp/nix-shell.BUcsGe/http-gun-gate-wd32bmuq/http_gun/build/dev/erlang/gun/src/gun_http.erl"},
                {line,1020}]},
     {gun_http,handle_response,8,
               [{file,"/private/tmp/nix-shell.BUcsGe/http-gun-gate-wd32bmuq/http_gun/build/dev/erlang/gun/src/gun_http.erl"},
                {line,474}]},
     {gun,handle_common_connected_no_input,4,
          [{file,"/private/tmp/nix-shell.BUcsGe/http-gun-gate-wd32bmuq/http_gun/build/dev/erlang/gun/src/gun.erl"},
           {line,1641}]},
     {gen_statem,loop_state_callback,11,[{file,"gen_statem.erl"},{line,3741}]},
     {proc_lib,init_p_do_apply,3,[{file,"proc_lib.erl"},{line,333}]}]

=CRASH REPORT==== 1-Oct-2026::07:40:13.210650 ===
  crasher:
    initial call: gun:init/1
    pid: <0.500.0>
    registered_name: []
    process_label: {gun,{127,0,0,1},63266}
    exception error: bad argument
      in function  binary_to_integer/1
         called as binary_to_integer(<<>>)
         *** argument 1: not a textual representation of an integer
      in call from cow_http_hd:digits/3 (/private/tmp/nix-shell.BUcsGe/http-gun-gate-wd32bmuq/http_gun/build/dev/erlang/cowlib/src/cow_http_hd.erl:3721)
      in call from cow_http_hd:parse_content_length/1 (/private/tmp/nix-shell.BUcsGe/http-gun-gate-wd32bmuq/http_gun/build/dev/erlang/cowlib/src/cow_http_hd.erl:1667)
      in call from gun_http:response_io_from_headers/4 (/private/tmp/nix-shell.BUcsGe/http-gun-gate-wd32bmuq/http_gun/build/dev/erlang/gun/src/gun_http.erl:1020)
      in call from gun_http:handle_response/8 (/private/tmp/nix-shell.BUcsGe/http-gun-gate-wd32bmuq/http_gun/build/dev/erlang/gun/src/gun_http.erl:474)
      in call from gun:handle_common_connected_no_input/4 (/private/tmp/nix-shell.BUcsGe/http-gun-gate-wd32bmuq/http_gun/build/dev/erlang/gun/src/gun.erl:1641)
      in call from gen_statem:loop_state_callback/11 (gen_statem.erl:3741)
    ancestors: [gun_conns_sup,gun_sup,<0.107.0>]
    message_queue_len: 0
    messages: []
    links: [<0.109.0>,#Port<0.87>]
    dictionary: []
    trap_exit: false
    status: running
    heap_size: 17731
    stack_size: 29
    reductions: 21414
  neighbours:

=SUPERVISOR REPORT==== 1-Oct-2026::07:40:13.210994 ===
    supervisor: {local,gun_conns_sup}
    errorContext: child_terminated
    reason: {badarg,
                [{erlang,binary_to_integer,
                     [<<>>],
                     [{error_info,#{module => erl_erts_errors}}]},
                 {cow_http_hd,digits,3,
                     [{file,
                          "/private/tmp/nix-shell.BUcsGe/http-gun-gate-wd32bmuq/http_gun/build/dev/erlang/cowlib/src/cow_http_hd.erl"},
                      {line,3721}]},
                 {cow_http_hd,parse_content_length,1,
                     [{file,
                          "/private/tmp/nix-shell.BUcsGe/http-gun-gate-wd32bmuq/http_gun/build/dev/erlang/cowlib/src/cow_http_hd.erl"},
                      {line,1667}]},
                 {gun_http,response_io_from_headers,4,
                     [{file,
                          "/private/tmp/nix-shell.BUcsGe/http-gun-gate-wd32bmuq/http_gun/build/dev/erlang/gun/src/gun_http.erl"},
                      {line,1020}]},
                 {gun_http,handle_response,8,
                     [{file,
                          "/private/tmp/nix-shell.BUcsGe/http-gun-gate-wd32bmuq/http_gun/build/dev/erlang/gun/src/gun_http.erl"},
                      {line,474}]},
                 {gun,handle_common_connected_no_input,4,
                     [{file,
                          "/private/tmp/nix-shell.BUcsGe/http-gun-gate-wd32bmuq/http_gun/build/dev/erlang/gun/src/gun.erl"},
                      {line,1641}]},
                 {gen_statem,loop_state_callback,11,
                     [{file,"gen_statem.erl"},{line,3741}]},
                 {proc_lib,init_p_do_apply,3,
                     [{file,"proc_lib.erl"},{line,333}]}]}
    offender: [{pid,<0.500.0>},
               {id,gun},
               {mfargs,{gun,start_link,undefined}},
               {restart_type,temporary},
               {significant,false},
               {shutdown,5000},
               {child_type,worker}]

[32m.[39m[32m.[39m[32m.[39m[32m.[39m[32m.[39m[32m.[39m[32m.[39m[32m.[39m[32m.[39m[32m.[39m[32m.[39m[32m.[39m[32m.[39m[32m.[39m[32m.[39m[32m.[39m=NOTICE REPORT==== 1-Oct-2026::07:40:13.692818 ===
TLS client: In state wait_cert_cr at ssl_handshake.erl:2254 generated CLIENT ALERT: Fatal - Unknown CA

=NOTICE REPORT==== 1-Oct-2026::07:40:13.692923 ===
TLS server: In state wait_finished received CLIENT ALERT: Fatal - Unknown CA

[32m.[39m[32m.[39m[32m.[39m[32m.[39m[32m.[39m=NOTICE REPORT==== 1-Oct-2026::07:40:13.745157 ===
TLS client: In state wait_cert_cr at ssl_handshake.erl:2262 generated CLIENT ALERT: Fatal - Bad Certificate
 - {bad_cert,{hostname_check_failed,{requested,{127,0,0,1}},
                                    {received,[{dNSName,"localhost"}]}}}
=NOTICE REPORT==== 1-Oct-2026::07:40:13.745246 ===
TLS server: In state wait_finished received CLIENT ALERT: Fatal - Bad Certificate

[32m.[39m[32m.[39m[32m.[39m[32m.[39m[32m.[39m[32m.[39m[32m.[39m[32m.[39m[32m.[39m[32m.[39m[32m.[39m[32m.[39m[32m.[39m[32m.[39m[32m.[39m[32m.[39m[32m.[39m[32m.[39m[32m.[39m[32m.[39m[32m.[39m[32m.[39m[32m.[39m[32m.[39m[32m.[39m[32m.[39m[32m.[39m[32m.[39m[32m.[39m[32m.[39m[32m.[39m[32m.[39m[32m.[39m[32m.[39m[32m.[39m[32m.[39m[32m.[39m[32m.[39m[32m.[39m[32m.[39m[32m.[39m[32m.[39m[32m.[39m[32m.[39m[32m.[39m[32m.[39m[32m.[39m[32m.[39m[32m.[39m[32m.[39m[32m.[39m[32m.[39m[32m.[39m[32m.[39m[32m.[39m[32m.[39m[32m.[39m[32m.[39m[32m.[39m[32m.[39m[32m.[39m[32m.[39m[32m.[39m[32m.[39m[32m.[39m[32m.[39m[32m.[39m[32m.[39m[32m.[39m[31m
118 passed, 1 failures[39m
