{"client":"gun","scenario":"bounded","requests":1000,"connection_cap":4,"trial":"profile","elapsed_us":38609,"p50_us":140,"p95_us":221,"p99_us":339,"connections":4,"failures":0,"failure_examples":[],"bytes":3000,"peak_vm_bytes":54871601,"peak_total_mailbox":4,"peak_one_mailbox":2,"peak_processes":101,"peak_ports":11}
FUNCTION                                                    CALLS  [    %]
http_gun@internal@pool:'-validate/2-anonymous-2-'/2          5010  [ 9.51]
http_gun@internal@pool:'-validate/2-anonymous-1-'/2          5010  [ 9.51]
http_gun@internal@pool:'-validate/2-anonymous-0-'/2          5010  [ 9.51]
http_gun@internal@pool:'-connection_lost/2-anonymous-0-'/2   3992  [ 7.58]
http_gun@internal@pool:'-release_body/4-anonymous-0-'/3      3991  [ 7.58]
http_gun@internal@pool:'-launch/3-anonymous-1-'/2            3985  [ 7.57]
http_gun@internal@pool:handle/2                              3014  [ 5.72]
http_gun@internal@pool:'-admit_live/2-anonymous-0-'/2        2432  [ 4.62]
http_gun@internal@pool:admit_live/2                          1020  [ 1.94]
http_gun@internal@pool:admit/2                               1020  [ 1.94]
http_gun@internal@pool:connection_lost/2                     1004  [ 1.91]
http_gun@internal@pool:process_lost/2                        1003  [ 1.90]
http_gun@internal@pool:'-start_mode/2-anonymous-2-'/1        1003  [ 1.90]
http_gun@internal@pool:config/1                              1002  [ 1.90]
http_gun@internal@pool:option_port/2                         1002  [ 1.90]
http_gun@internal@pool:origin/1                              1002  [ 1.90]
http_gun@internal@pool:validate/2                            1002  [ 1.90]
http_gun@internal@pool:open/2                                1002  [ 1.90]
http_gun@internal@pool:launch/3                              1002  [ 1.90]
http_gun@internal@pool:release_body/4                        1002  [ 1.90]
http_gun@internal@pool:group/2                               1002  [ 1.90]
http_gun@internal@pool:reserve_capture/2                     1002  [ 1.90]
http_gun@internal@pool:open_request/6                        1002  [ 1.90]
http_gun@internal@pool:'-launch/3-anonymous-0-'/3            1002  [ 1.90]
http_gun@internal@pool:'-open/2-anonymous-1-'/3              1002  [ 1.90]
http_gun@internal@pool:'-open/2-anonymous-0-'/4              1002  [ 1.90]
http_gun@internal@pool:'-validate/2-anonymous-6-'/3          1002  [ 1.90]
http_gun@internal@pool:'-validate/2-anonymous-5-'/2          1002  [ 1.90]
http_gun@internal@pool:'-admit_live/2-anonymous-1-'/2          44  [ 0.08]
http_gun@internal@pool:dispatch_group/2                        31  [ 0.06]
http_gun@internal@pool:make_room/2                             18  [ 0.03]
http_gun@internal@pool:'-admit_live/2-anonymous-2-'/1          17  [ 0.03]
http_gun@internal@pool:'-handle/2-anonymous-1-'/4              11  [ 0.02]
http_gun@internal@pool:'-make_room/2-anonymous-0-'/3            8  [ 0.02]
http_gun@internal@pool:'-start_mode/2-anonymous-3-'/1           6  [ 0.01]
http_gun@internal@pool:'-handle/2-anonymous-4-'/1               4  [ 0.01]
http_gun@internal@pool:stop/1                                   1  [ 0.00]
http_gun@internal@pool:start_mode/2                             1  [ 0.00]
http_gun@internal@pool:start/1                                  1  [ 0.00]
http_gun@internal@pool:'-start_mode/2-anonymous-6-'/2           1  [ 0.00]
http_gun@internal@pool:'-start_mode/2-anonymous-5-'/3           1  [ 0.00]
http_gun@internal@pool:'-start_mode/2-anonymous-4-'/3           1  [ 0.00]
http_gun@internal@pool:'-connection_lost/2-anonymous-1-'/2      1  [ 0.00]
http_gun@internal@pool:'-stop/1-anonymous-0-'/1                 1  [ 0.00]
                                                                   [100.0]
