{"client":"gun","scenario":"buffered","requests":1000,"connection_cap":4,"trial":"profile","elapsed_us":51774,"p50_us":22768,"p95_us":42087,"p99_us":44850,"connections":4,"failures":0,"failure_examples":[],"bytes":3000,"peak_vm_bytes":66680761,"peak_total_mailbox":103,"peak_one_mailbox":72,"peak_processes":786,"peak_ports":11}
FUNCTION                                                    CALLS  [    %]
http_gun@internal@pool:'-admit_live/2-anonymous-0-'/2       10444  [12.22]
http_gun@internal@pool:'-admit_live/2-anonymous-1-'/2        7958  [ 9.31]
http_gun@internal@pool:'-make_room/2-anonymous-0-'/3         7936  [ 9.29]
http_gun@internal@pool:'-validate/2-anonymous-2-'/2          5010  [ 5.86]
http_gun@internal@pool:'-validate/2-anonymous-1-'/2          5010  [ 5.86]
http_gun@internal@pool:'-validate/2-anonymous-0-'/2          5010  [ 5.86]
http_gun@internal@pool:'-release_body/4-anonymous-0-'/3      3998  [ 4.68]
http_gun@internal@pool:'-connection_lost/2-anonymous-0-'/2   3998  [ 4.68]
http_gun@internal@pool:'-launch/3-anonymous-1-'/2            3992  [ 4.67]
http_gun@internal@pool:handle/2                              3014  [ 3.53]
http_gun@internal@pool:admit_live/2                          2997  [ 3.51]
http_gun@internal@pool:admit/2                               2997  [ 3.51]
http_gun@internal@pool:dispatch_group/2                      2996  [ 3.51]
http_gun@internal@pool:make_room/2                           1995  [ 2.34]
http_gun@internal@pool:connection_lost/2                     1004  [ 1.18]
http_gun@internal@pool:process_lost/2                        1003  [ 1.17]
http_gun@internal@pool:'-start_mode/2-anonymous-2-'/1        1003  [ 1.17]
http_gun@internal@pool:config/1                              1002  [ 1.17]
http_gun@internal@pool:option_port/2                         1002  [ 1.17]
http_gun@internal@pool:origin/1                              1002  [ 1.17]
http_gun@internal@pool:validate/2                            1002  [ 1.17]
http_gun@internal@pool:open/2                                1002  [ 1.17]
http_gun@internal@pool:launch/3                              1002  [ 1.17]
http_gun@internal@pool:release_body/4                        1002  [ 1.17]
http_gun@internal@pool:group/2                               1002  [ 1.17]
http_gun@internal@pool:reserve_capture/2                     1002  [ 1.17]
http_gun@internal@pool:open_request/6                        1002  [ 1.17]
http_gun@internal@pool:'-launch/3-anonymous-0-'/3            1002  [ 1.17]
http_gun@internal@pool:'-open/2-anonymous-1-'/3              1002  [ 1.17]
http_gun@internal@pool:'-open/2-anonymous-0-'/4              1002  [ 1.17]
http_gun@internal@pool:'-validate/2-anonymous-6-'/3          1002  [ 1.17]
http_gun@internal@pool:'-validate/2-anonymous-5-'/2          1002  [ 1.17]
http_gun@internal@pool:'-admit_live/2-anonymous-2-'/1          12  [ 0.01]
http_gun@internal@pool:'-handle/2-anonymous-1-'/4              11  [ 0.01]
http_gun@internal@pool:'-start_mode/2-anonymous-3-'/1           6  [ 0.01]
http_gun@internal@pool:'-handle/2-anonymous-4-'/1               4  [ 0.00]
http_gun@internal@pool:stop/1                                   1  [ 0.00]
http_gun@internal@pool:start_mode/2                             1  [ 0.00]
http_gun@internal@pool:start/1                                  1  [ 0.00]
http_gun@internal@pool:'-start_mode/2-anonymous-6-'/2           1  [ 0.00]
http_gun@internal@pool:'-start_mode/2-anonymous-5-'/3           1  [ 0.00]
http_gun@internal@pool:'-start_mode/2-anonymous-4-'/3           1  [ 0.00]
http_gun@internal@pool:'-connection_lost/2-anonymous-1-'/2      1  [ 0.00]
http_gun@internal@pool:'-stop/1-anonymous-0-'/1                 1  [ 0.00]
                                                                   [100.0]
