{"client":"gun","scenario":"buffered","requests":500,"connection_cap":4,"trial":"profile","elapsed_us":26079,"p50_us":13586,"p95_us":20501,"p99_us":21124,"connections":4,"failures":0,"failure_examples":[],"bytes":1500,"peak_vm_bytes":61785817,"peak_total_mailbox":5,"peak_one_mailbox":3,"peak_processes":301,"peak_ports":11}
FUNCTION                                                    CALLS  [    %]
http_gun@internal@pool:'-admit_live/2-anonymous-0-'/2        5206  [12.19]
http_gun@internal@pool:'-admit_live/2-anonymous-1-'/2        3958  [ 9.27]
http_gun@internal@pool:'-make_room/2-anonymous-0-'/3         3936  [ 9.22]
http_gun@internal@pool:'-validate/2-anonymous-2-'/2          2510  [ 5.88]
http_gun@internal@pool:'-validate/2-anonymous-1-'/2          2510  [ 5.88]
http_gun@internal@pool:'-validate/2-anonymous-0-'/2          2510  [ 5.88]
http_gun@internal@pool:'-release_body/4-anonymous-0-'/3      1998  [ 4.68]
http_gun@internal@pool:'-connection_lost/2-anonymous-0-'/2   1998  [ 4.68]
http_gun@internal@pool:'-launch/3-anonymous-1-'/2            1992  [ 4.67]
http_gun@internal@pool:handle/2                              1514  [ 3.55]
http_gun@internal@pool:admit_live/2                          1497  [ 3.51]
http_gun@internal@pool:admit/2                               1497  [ 3.51]
http_gun@internal@pool:dispatch_group/2                      1496  [ 3.50]
http_gun@internal@pool:make_room/2                            995  [ 2.33]
http_gun@internal@pool:connection_lost/2                      504  [ 1.18]
http_gun@internal@pool:process_lost/2                         503  [ 1.18]
http_gun@internal@pool:'-start_mode/2-anonymous-2-'/1         503  [ 1.18]
http_gun@internal@pool:config/1                               502  [ 1.18]
http_gun@internal@pool:option_port/2                          502  [ 1.18]
http_gun@internal@pool:origin/1                               502  [ 1.18]
http_gun@internal@pool:validate/2                             502  [ 1.18]
http_gun@internal@pool:open/2                                 502  [ 1.18]
http_gun@internal@pool:launch/3                               502  [ 1.18]
http_gun@internal@pool:release_body/4                         502  [ 1.18]
http_gun@internal@pool:group/2                                502  [ 1.18]
http_gun@internal@pool:reserve_capture/2                      502  [ 1.18]
http_gun@internal@pool:open_request/6                         502  [ 1.18]
http_gun@internal@pool:'-launch/3-anonymous-0-'/3             502  [ 1.18]
http_gun@internal@pool:'-open/2-anonymous-1-'/3               502  [ 1.18]
http_gun@internal@pool:'-open/2-anonymous-0-'/4               502  [ 1.18]
http_gun@internal@pool:'-validate/2-anonymous-6-'/3           502  [ 1.18]
http_gun@internal@pool:'-validate/2-anonymous-5-'/2           502  [ 1.18]
http_gun@internal@pool:'-admit_live/2-anonymous-2-'/1          12  [ 0.03]
http_gun@internal@pool:'-handle/2-anonymous-1-'/4              11  [ 0.03]
http_gun@internal@pool:'-start_mode/2-anonymous-3-'/1           6  [ 0.01]
http_gun@internal@pool:'-handle/2-anonymous-4-'/1               4  [ 0.01]
http_gun@internal@pool:stop/1                                   1  [ 0.00]
http_gun@internal@pool:start_mode/2                             1  [ 0.00]
http_gun@internal@pool:start/1                                  1  [ 0.00]
http_gun@internal@pool:'-start_mode/2-anonymous-6-'/2           1  [ 0.00]
http_gun@internal@pool:'-start_mode/2-anonymous-5-'/3           1  [ 0.00]
http_gun@internal@pool:'-start_mode/2-anonymous-4-'/3           1  [ 0.00]
http_gun@internal@pool:'-connection_lost/2-anonymous-1-'/2      1  [ 0.00]
http_gun@internal@pool:'-stop/1-anonymous-0-'/1                 1  [ 0.00]
                                                                   [100.0]
