  Compiling http_gun
   Compiled in 0.33s
    Running http_gun_test.main
[32m.[39m[32m.[39m[32m.[39m[32m.[39m[32m.[39m[32m.[39m[32m.[39m[32m.[39m[32m.[39m[32m.[39m=NOTICE REPORT==== 30-Sep-2026::06:03:53.474865 ===
TLS server: In state wait_finished received CLIENT ALERT: Fatal - Unknown CA

=NOTICE REPORT==== 30-Sep-2026::06:03:53.474766 ===
TLS client: In state wait_cert_cr at ssl_handshake.erl:2254 generated CLIENT ALERT: Fatal - Unknown CA

[32m.[39m[32m.[39m[32m.[39m[32m.[39m[32m.[39m=NOTICE REPORT==== 30-Sep-2026::06:03:53.534844 ===
TLS client: In state wait_cert_cr at ssl_handshake.erl:2262 generated CLIENT ALERT: Fatal - Bad Certificate
 - {bad_cert,{hostname_check_failed,{requested,"127.0.0.1"},
                                    {received,[{dNSName,"localhost"}]}}}
=NOTICE REPORT==== 30-Sep-2026::06:03:53.534936 ===
TLS server: In state wait_finished received CLIENT ALERT: Fatal - Bad Certificate

[32m.[39m[32m.[39m[32m.[39m[32m.[39m[32m.[39m[32m.[39m
[1m[31mpanic[39m[22m [90msrc/gleeunit/should.gleam:10[39m
[36m test[39m: http_gun_pool_test.cancelled_queue_entries_preserve_fifo_and_restore_capacity_test
[36m info[39m: 
False
should equal
True
[32m.[39m[32m.[39m[32m.[39m[32m.[39m[32m.[39m[32m.[39m[32m.[39m[32m.[39m[32m.[39m[32m.[39m[32m.[39m[32m.[39m[32m.[39m[32m.[39m[32m.[39m[32m.[39m[32m.[39m[32m.[39m[32m.[39m[32m.[39m[32m.[39m[32m.[39m[32m.[39m[32m.[39m[32m.[39m[32m.[39m[32m.[39m[32m.[39m[32m.[39m[32m.[39m[32m.[39m[32m.[39m[31m
53 passed, 1 failures[39m
