======================== EUnit ========================
gun_probe_test: framing_and_bounds_table_test...PROBE DeclaredOversize | adapter Failure(Sent, BodyTooLarge) | http_gun Failure(DeadlineExceeded, MayHaveBeenSent)
PROBE EndlessChunked | adapter Failure(Sent, BodyTooLarge) | http_gun Failure(LimitExceeded(CollectedBodyBytes, 4096, 5000), MayHaveBeenSent)
PROBE CloseDelimitedOversize | adapter Failure(Sent, BodyTooLarge) | http_gun Failure(LimitExceeded(CollectedBodyBytes, 4096, 10000), MayHaveBeenSent)
PROBE ManyHeaders | adapter Failure(Sent, HeadersTooLarge) | http_gun Failure(RequestFailed(HeaderLimitReached), MayHaveBeenSent)
PROBE BigHeaderLine | adapter Failure(Sent, HeadersTooLarge) | http_gun Failure(LimitExceeded(ResponseHeaderBytes, 16384, 40020), MayHaveBeenSent)
PROBE Gzip | adapter Failure(Sent, UnsupportedContentEncoding) | http_gun Ok(200)
PROBE Truncated | adapter Failure(Sent, ReceiveFailed) | http_gun Failure(RequestFailed(PeerClosed), MayHaveBeenSent)
=ERROR REPORT==== 1-Oct-2026::14:34:31.737209 ===
** State machine <0.336.0> terminating
** Process label = {gun,{127,0,0,1},60072}
** Last event = {info,{ssl,{sslsocket,#Port<0.46>,<0.339.0>,<0.338.0>,gen_tcp,
                                      tls_gen_connection,
                                      #Ref<0.4180087257.1227751425.181918>,
                                      undefined},
                           <<"NOT HTTP\r\n\r\n">>}}
** When server state  = {connected,
                         {state,<0.333.0>,
                          {up,#Ref<0.4180087257.1227620353.181893>},
                          {127,0,0,1},
                          60072,<<"https">>,
                          {127,0,0,1},
                          60072,[],
                          #{protocols => [http],
                            retry => 0,connect_timeout => 1999,
                            domain_lookup_timeout => 1999,
                            http2_opts =>
                             #{flow => 1,max_headers => 101,
                               initial_connection_window_size => 65535,
                               initial_stream_window_size => 16384,
                               notify_settings_changed => true},
                            http_opts => #{flow => 1,max_headers => 100},
                            tcp_opts =>
                             [{send_timeout,1999},{send_timeout_close,true}],
                            tls_handshake_timeout => 1999,
                            tls_opts =>
                             [{cacerts,
                               [<<48,130,3,35,48,130,2,11,160,3,2,1,2,2,20,
                                  34,190,170,164,4,220,53,125,198,55,156,176,
                                  145,122,69,44,69,193,86,1,48,13,6,9,42,134,
                                  72,134,247,13,1,1,11,5,0,48,25,49,23,48,21,
                                  6,3,85,4,3,12,14,87,97,114,100,101,110,32,
                                  84,101,115,116,32,67,65,48,30,23,13,50,54,
                                  49,48,48,49,49,55,51,51,53,54,90,23,13,51,
                                  54,48,57,50,56,49,55,51,51,53,54,90,48,25,
                                  49,23,48,21,6,3,85,4,3,12,14,87,97,114,100,
                                  101,110,32,84,101,115,116,32,67,65,48,130,
                                  1,34,48,13,6,9,42,134,72,134,247,13,1,1,1,
                                  5,0,3,130,1,15,0,48,130,1,10,2,130,1,1,0,
                                  152,125,243,152,176,106,19,157,140,39,200,
                                  56,2,80,197,71,42,125,46,32,92,101,234,232,
                                  163,179,137,56,109,245,99,114,92,110,46,18,
                                  217,122,28,225,105,166,93,48,103,168,58,
                                  143,102,39,255,214,70,89,253,193,141,161,5,
                                  12,68,167,64,27,120,72,50,149,81,108,54,64,
                                  167,137,177,14,95,115,231,41,176,69,44,152,
                                  145,23,120,226,29,33,122,189,220,108,21,47,
                                  198,184,250,186,126,84,161,20,80,28,171,
                                  118,223,191,229,32,46,153,166,218,107,172,
                                  240,137,132,160,73,235,89,108,195,34,81,
                                  213,233,117,119,131,211,25,156,144,115,172,
                                  71,37,1,21,67,252,236,29,126,185,156,46,8,
                                  195,170,85,112,96,241,223,181,185,126,18,
                                  47,238,237,56,58,21,173,19,127,134,163,22,
                                  16,240,186,17,10,244,208,170,44,71,228,128,
                                  177,207,124,230,125,239,31,90,129,140,12,
                                  143,168,57,220,22,58,117,32,223,148,212,
                                  244,101,88,86,229,98,186,164,93,24,115,215,
                                  197,7,89,28,147,186,155,78,161,153,32,139,
                                  250,121,10,238,11,253,153,195,59,154,146,
                                  210,41,242,34,232,163,6,228,56,182,227,2,3,
                                  1,0,1,163,99,48,97,48,29,6,3,85,29,14,4,22,
                                  4,20,113,110,198,181,232,202,255,175,151,
                                  160,43,129,82,251,24,78,100,23,23,226,48,
                                  31,6,3,85,29,35,4,24,48,22,128,20,113,110,
                                  198,181,232,202,255,175,151,160,43,129,82,
                                  251,24,78,100,23,23,226,48,15,6,3,85,29,19,
                                  1,1,255,4,5,48,3,1,1,255,48,14,6,3,85,29,
                                  15,1,1,255,4,4,3,2,1,6,48,13,6,9,42,134,72,
                                  134,247,13,1,1,11,5,0,3,130,1,1,0,93,119,
                                  138,60,88,217,206,108,141,42,73,46,69,92,
                                  103,186,187,14,210,42,67,81,15,222,228,132,
                                  222,96,11,221,247,44,135,157,247,246,88,66,
                                  116,222,91,230,124,10,171,61,25,113,34,198,
                                  140,41,202,134,68,134,22,39,57,170,55,80,0,
                                  48,109,17,62,8,239,52,117,6,0,209,32,158,
                                  120,171,1,9,19,22,106,81,55,64,113,164,170,
                                  162,76,253,60,164,146,80,26,135,24,49,10,
                                  63,49,85,231,129,56,83,14,154,237,108,96,
                                  80,155,201,43,118,129,122,56,180,237,93,24,
                                  149,46,136,4,130,64,44,98,210,228,158,27,2,
                                  224,8,200,43,1,111,246,153,74,194,22,206,
                                  49,217,90,151,176,166,113,168,228,165,56,
                                  110,193,78,41,239,46,32,83,190,158,182,117,
                                  134,154,5,143,22,242,174,234,150,138,200,
                                  94,242,74,167,170,94,81,6,17,27,84,171,222,
                                  185,37,3,172,72,56,174,10,153,109,111,190,
                                  187,138,40,195,114,24,52,4,133,213,141,145,
                                  56,15,76,59,12,180,197,200,97,103,19,22,32,
                                  223,33,33,229,14,52,48,245,110,174,170,31,
                                  5,148,133,220,79,177,45,133,195,137>>]},
                              {verify,verify_peer},
                              {send_timeout,1999},
                              {send_timeout_close,true},
                              {customize_hostname_check,
                               [{match_fun,#Fun<public_key.6.41508611>}]},
                              {server_name_indication,"localhost"}],
                            transport => tls},
                          undefined,
                          {sslsocket,#Port<0.46>,<0.339.0>,<0.338.0>,gen_tcp,
                           tls_gen_connection,
                           #Ref<0.4180087257.1227751425.181918>,undefined},
                          gun_tls,true,
                          {ssl,ssl_closed,ssl_error},
                          gun_http,
                          {http_state,
                           {sslsocket,#Port<0.46>,<0.339.0>,<0.338.0>,
                            gen_tcp,tls_gen_connection,
                            #Ref<0.4180087257.1227751425.181918>,undefined},
                           gun_tls,
                           #{flow => 1,max_headers => 100},
                           'HTTP/1.1',keepalive,<<>>,undefined,
                           [{stream,#Ref<0.4180087257.1227620363.180286>,
                             <0.344.0>,1,<<"GET">>,<<"localhost:60072">>,
                             <<"/x">>,[],true,undefined}],
                           head,
                           {0,0},
                           head},
                          undefined,gun_default_event_h,undefined}}
** Reason for termination = error:function_clause
** Callback modules = [gun]
** Callback mode = state_functions
** Stacktrace =
**  [{cow_http1,parse_status_line,
                [<<"NOT HTTP\r\n\r\n">>],
                [{file,"/private/tmp/nix-shell.RzvnYm/http-gun-warden-t2crbcv3/warden/build/dev/erlang/cowlib/src/cow_http1.erl"},
                 {line,88}]},
     {gun_http,handle_head,5,
               [{file,"/private/tmp/nix-shell.RzvnYm/http-gun-warden-t2crbcv3/warden/build/dev/erlang/gun/src/gun_http.erl"},
                {line,347}]},
     {gun,handle_common_connected_no_input,4,
          [{file,"/private/tmp/nix-shell.RzvnYm/http-gun-warden-t2crbcv3/warden/build/dev/erlang/gun/src/gun.erl"},
           {line,1641}]},
     {gen_statem,loop_state_callback,11,[{file,"gen_statem.erl"},{line,3741}]},
     {proc_lib,init_p_do_apply,3,[{file,"proc_lib.erl"},{line,333}]}]

=CRASH REPORT==== 1-Oct-2026::14:34:31.740907 ===
  crasher:
    initial call: gun:init/1
    pid: <0.336.0>
    registered_name: []
    process_label: {gun,{127,0,0,1},60072}
    exception error: no function clause matching 
                     cow_http1:parse_status_line(<<"NOT HTTP\r\n\r\n">>) (/private/tmp/nix-shell.RzvnYm/http-gun-warden-t2crbcv3/warden/build/dev/erlang/cowlib/src/cow_http1.erl:88)
      in function  gun_http:handle_head/5 (/private/tmp/nix-shell.RzvnYm/http-gun-warden-t2crbcv3/warden/build/dev/erlang/gun/src/gun_http.erl:347)
      in call from gun:handle_common_connected_no_input/4 (/private/tmp/nix-shell.RzvnYm/http-gun-warden-t2crbcv3/warden/build/dev/erlang/gun/src/gun.erl:1641)
      in call from gen_statem:loop_state_callback/11 (gen_statem.erl:3741)
    ancestors: [gun_conns_sup,gun_sup,<0.117.0>]
    message_queue_len: 0
    messages: []
    links: [<0.119.0>]
    dictionary: []
    trap_exit: false
    status: running
    heap_size: 46422
    stack_size: 29
    reductions: 54265
  neighbours:

=SUPERVISOR REPORT==== 1-Oct-2026::14:34:31.742227 ===
    supervisor: {local,gun_conns_sup}
    errorContext: child_terminated
    reason: {function_clause,
                [{cow_http1,parse_status_line,
                     [<<"NOT HTTP\r\n\r\n">>],
                     [{file,
                          "/private/tmp/nix-shell.RzvnYm/http-gun-warden-t2crbcv3/warden/build/dev/erlang/cowlib/src/cow_http1.erl"},
                      {line,88}]},
                 {gun_http,handle_head,5,
                     [{file,
                          "/private/tmp/nix-shell.RzvnYm/http-gun-warden-t2crbcv3/warden/build/dev/erlang/gun/src/gun_http.erl"},
                      {line,347}]},
                 {gun,handle_common_connected_no_input,4,
                     [{file,
                          "/private/tmp/nix-shell.RzvnYm/http-gun-warden-t2crbcv3/warden/build/dev/erlang/gun/src/gun.erl"},
                      {line,1641}]},
                 {gen_statem,loop_state_callback,11,
                     [{file,"gen_statem.erl"},{line,3741}]},
                 {proc_lib,init_p_do_apply,3,
                     [{file,"proc_lib.erl"},{line,333}]}]}
    offender: [{pid,<0.336.0>},
               {id,gun},
               {mfargs,{gun,start_link,undefined}},
               {restart_type,temporary},
               {significant,false},
               {shutdown,5000},
               {child_type,worker}]

=ERROR REPORT==== 1-Oct-2026::14:34:31.746209 ===
** State machine <0.351.0> terminating
** Process label = {gun,{127,0,0,1},60074}
** Last event = {info,{ssl,{sslsocket,#Port<0.49>,<0.358.0>,<0.357.0>,gen_tcp,
                                      tls_gen_connection,
                                      #Ref<0.4180087257.1227751435.180368>,
                                      undefined},
                           <<"NOT HTTP\r\n\r\n">>}}
** When server state  = {connected,
                         {state,<0.348.0>,
                          {up,#Ref<0.4180087257.1227620353.182061>},
                          {127,0,0,1},
                          60074,<<"https">>,
                          {127,0,0,1},
                          60074,[],
                          #{protocols => [http],
                            retry => 0,connect_timeout => 2000,
                            domain_lookup_timeout => 2000,
                            http2_opts =>
                             #{flow => 1,max_headers => 101,
                               initial_connection_window_size => 65535,
                               initial_stream_window_size => 16384,
                               notify_settings_changed => true},
                            http_opts => #{flow => 1,max_headers => 100},
                            tcp_opts =>
                             [{send_timeout,2000},{send_timeout_close,true}],
                            tls_handshake_timeout => 2000,
                            tls_opts =>
                             [{cacertfile,"build/test-pki/ca.pem"},
                              {verify,verify_peer},
                              {send_timeout,2000},
                              {send_timeout_close,true},
                              {customize_hostname_check,
                               [{match_fun,#Fun<public_key.6.41508611>}]},
                              {server_name_indication,"localhost"}],
                            transport => tls},
                          undefined,
                          {sslsocket,#Port<0.49>,<0.358.0>,<0.357.0>,gen_tcp,
                           tls_gen_connection,
                           #Ref<0.4180087257.1227751435.180368>,undefined},
                          gun_tls,true,
                          {ssl,ssl_closed,ssl_error},
                          gun_http,
                          {http_state,
                           {sslsocket,#Port<0.49>,<0.358.0>,<0.357.0>,
                            gen_tcp,tls_gen_connection,
                            #Ref<0.4180087257.1227751435.180368>,undefined},
                           gun_tls,
                           #{flow => 1,max_headers => 100},
                           'HTTP/1.1',keepalive,<<>>,undefined,
                           [{stream,#Ref<0.4180087257.1227620353.182121>,
                             <0.359.0>,1,<<"GET">>,<<"localhost:60074">>,
                             <<"/x">>,[],true,undefined}],
                           head,
                           {0,0},
                           head},
                          undefined,gun_default_event_h,undefined}}
** Reason for termination = error:function_clause
** Callback modules = [gun]
** Callback mode = state_functions
** Stacktrace =
**  [{cow_http1,parse_status_line,
                [<<"NOT HTTP\r\n\r\n">>],
                [{file,"/private/tmp/nix-shell.RzvnYm/http-gun-warden-t2crbcv3/warden/build/dev/erlang/cowlib/src/cow_http1.erl"},
                 {line,88}]},
     {gun_http,handle_head,5,
               [{file,"/private/tmp/nix-shell.RzvnYm/http-gun-warden-t2crbcv3/warden/build/dev/erlang/gun/src/gun_http.erl"},
                {line,347}]},
     {gun,handle_common_connected_no_input,4,
          [{file,"/private/tmp/nix-shell.RzvnYm/http-gun-warden-t2crbcv3/warden/build/dev/erlang/gun/src/gun.erl"},
           {line,1641}]},
     {gen_statem,loop_state_callback,11,[{file,"gen_statem.erl"},{line,3741}]},
     {proc_lib,init_p_do_apply,3,[{file,"proc_lib.erl"},{line,333}]}]

=CRASH REPORT==== 1-Oct-2026::14:34:31.746483 ===
  crasher:
    initial call: gun:init/1
    pid: <0.351.0>
    registered_name: []
    process_label: {gun,{127,0,0,1},60074}
    exception error: no function clause matching 
                     cow_http1:parse_status_line(<<"NOT HTTP\r\n\r\n">>) (/private/tmp/nix-shell.RzvnYm/http-gun-warden-t2crbcv3/warden/build/dev/erlang/cowlib/src/cow_http1.erl:88)
      in function  gun_http:handle_head/5 (/private/tmp/nix-shell.RzvnYm/http-gun-warden-t2crbcv3/warden/build/dev/erlang/gun/src/gun_http.erl:347)
      in call from gun:handle_common_connected_no_input/4 (/private/tmp/nix-shell.RzvnYm/http-gun-warden-t2crbcv3/warden/build/dev/erlang/gun/src/gun.erl:1641)
      in call from gen_statem:loop_state_callback/11 (gen_statem.erl:3741)
    ancestors: [gun_conns_sup,gun_sup,<0.117.0>]
    message_queue_len: 0
    messages: []
    links: [<0.119.0>]
    dictionary: []
    trap_exit: false
    status: running
    heap_size: 17731
    stack_size: 29
    reductions: 34127
  neighbours:

=SUPERVISOR REPORT==== 1-Oct-2026::14:34:31.746648 ===
    supervisor: {local,gun_conns_sup}
    errorContext: child_terminated
    reason: {function_clause,
                [{cow_http1,parse_status_line,
                     [<<"NOT HTTP\r\n\r\n">>],
                     [{file,
                          "/private/tmp/nix-shell.RzvnYm/http-gun-warden-t2crbcv3/warden/build/dev/erlang/cowlib/src/cow_http1.erl"},
                      {line,88}]},
                 {gun_http,handle_head,5,
                     [{file,
                          "/private/tmp/nix-shell.RzvnYm/http-gun-warden-t2crbcv3/warden/build/dev/erlang/gun/src/gun_http.erl"},
                      {line,347}]},
                 {gun,handle_common_connected_no_input,4,
                     [{file,
                          "/private/tmp/nix-shell.RzvnYm/http-gun-warden-t2crbcv3/warden/build/dev/erlang/gun/src/gun.erl"},
                      {line,1641}]},
                 {gen_statem,loop_state_callback,11,
                     [{file,"gen_statem.erl"},{line,3741}]},
                 {proc_lib,init_p_do_apply,3,
                     [{file,"proc_lib.erl"},{line,333}]}]}
    offender: [{pid,<0.351.0>},
               {id,gun},
               {mfargs,{gun,start_link,undefined}},
               {restart_type,temporary},
               {significant,false},
               {shutdown,5000},
               {child_type,worker}]

PROBE BadStatus | adapter Failure(Sent, ReceiveFailed) | http_gun Failure(ConnectionFailed(UnknownTransport), MayHaveBeenSent)
PROBE BareLfHead | adapter Ok(200, headers 0, body "ok") | http_gun Ok(200)
=ERROR REPORT==== 1-Oct-2026::14:34:32.163060 ===
** State machine <0.396.0> terminating
** Process label = {gun,{127,0,0,1},60080}
** Last event = {info,{ssl,{sslsocket,#Port<0.58>,<0.399.0>,<0.398.0>,gen_tcp,
                                      tls_gen_connection,
                                      #Ref<0.4180087257.1227751425.182307>,
                                      undefined},
                           <<"HTTP/1.1 200 OK\r\ncontent-length: +2\r\n\r\nok">>}}
** When server state  = {connected,
                         {state,<0.393.0>,
                          {up,#Ref<0.4180087257.1227620353.182283>},
                          {127,0,0,1},
                          60080,<<"https">>,
                          {127,0,0,1},
                          60080,[],
                          #{protocols => [http],
                            retry => 0,connect_timeout => 1999,
                            domain_lookup_timeout => 1999,
                            http2_opts =>
                             #{flow => 1,max_headers => 101,
                               initial_connection_window_size => 65535,
                               initial_stream_window_size => 16384,
                               notify_settings_changed => true},
                            http_opts => #{flow => 1,max_headers => 100},
                            tcp_opts =>
                             [{send_timeout,1999},{send_timeout_close,true}],
                            tls_handshake_timeout => 1999,
                            tls_opts =>
                             [{cacerts,
                               [<<48,130,3,35,48,130,2,11,160,3,2,1,2,2,20,
                                  34,190,170,164,4,220,53,125,198,55,156,176,
                                  145,122,69,44,69,193,86,1,48,13,6,9,42,134,
                                  72,134,247,13,1,1,11,5,0,48,25,49,23,48,21,
                                  6,3,85,4,3,12,14,87,97,114,100,101,110,32,
                                  84,101,115,116,32,67,65,48,30,23,13,50,54,
                                  49,48,48,49,49,55,51,51,53,54,90,23,13,51,
                                  54,48,57,50,56,49,55,51,51,53,54,90,48,25,
                                  49,23,48,21,6,3,85,4,3,12,14,87,97,114,100,
                                  101,110,32,84,101,115,116,32,67,65,48,130,
                                  1,34,48,13,6,9,42,134,72,134,247,13,1,1,1,
                                  5,0,3,130,1,15,0,48,130,1,10,2,130,1,1,0,
                                  152,125,243,152,176,106,19,157,140,39,200,
                                  56,2,80,197,71,42,125,46,32,92,101,234,232,
                                  163,179,137,56,109,245,99,114,92,110,46,18,
                                  217,122,28,225,105,166,93,48,103,168,58,
                                  143,102,39,255,214,70,89,253,193,141,161,5,
                                  12,68,167,64,27,120,72,50,149,81,108,54,64,
                                  167,137,177,14,95,115,231,41,176,69,44,152,
                                  145,23,120,226,29,33,122,189,220,108,21,47,
                                  198,184,250,186,126,84,161,20,80,28,171,
                                  118,223,191,229,32,46,153,166,218,107,172,
                                  240,137,132,160,73,235,89,108,195,34,81,
                                  213,233,117,119,131,211,25,156,144,115,172,
                                  71,37,1,21,67,252,236,29,126,185,156,46,8,
                                  195,170,85,112,96,241,223,181,185,126,18,
                                  47,238,237,56,58,21,173,19,127,134,163,22,
                                  16,240,186,17,10,244,208,170,44,71,228,128,
                                  177,207,124,230,125,239,31,90,129,140,12,
                                  143,168,57,220,22,58,117,32,223,148,212,
                                  244,101,88,86,229,98,186,164,93,24,115,215,
                                  197,7,89,28,147,186,155,78,161,153,32,139,
                                  250,121,10,238,11,253,153,195,59,154,146,
                                  210,41,242,34,232,163,6,228,56,182,227,2,3,
                                  1,0,1,163,99,48,97,48,29,6,3,85,29,14,4,22,
                                  4,20,113,110,198,181,232,202,255,175,151,
                                  160,43,129,82,251,24,78,100,23,23,226,48,
                                  31,6,3,85,29,35,4,24,48,22,128,20,113,110,
                                  198,181,232,202,255,175,151,160,43,129,82,
                                  251,24,78,100,23,23,226,48,15,6,3,85,29,19,
                                  1,1,255,4,5,48,3,1,1,255,48,14,6,3,85,29,
                                  15,1,1,255,4,4,3,2,1,6,48,13,6,9,42,134,72,
                                  134,247,13,1,1,11,5,0,3,130,1,1,0,93,119,
                                  138,60,88,217,206,108,141,42,73,46,69,92,
                                  103,186,187,14,210,42,67,81,15,222,228,132,
                                  222,96,11,221,247,44,135,157,247,246,88,66,
                                  116,222,91,230,124,10,171,61,25,113,34,198,
                                  140,41,202,134,68,134,22,39,57,170,55,80,0,
                                  48,109,17,62,8,239,52,117,6,0,209,32,158,
                                  120,171,1,9,19,22,106,81,55,64,113,164,170,
                                  162,76,253,60,164,146,80,26,135,24,49,10,
                                  63,49,85,231,129,56,83,14,154,237,108,96,
                                  80,155,201,43,118,129,122,56,180,237,93,24,
                                  149,46,136,4,130,64,44,98,210,228,158,27,2,
                                  224,8,200,43,1,111,246,153,74,194,22,206,
                                  49,217,90,151,176,166,113,168,228,165,56,
                                  110,193,78,41,239,46,32,83,190,158,182,117,
                                  134,154,5,143,22,242,174,234,150,138,200,
                                  94,242,74,167,170,94,81,6,17,27,84,171,222,
                                  185,37,3,172,72,56,174,10,153,109,111,190,
                                  187,138,40,195,114,24,52,4,133,213,141,145,
                                  56,15,76,59,12,180,197,200,97,103,19,22,32,
                                  223,33,33,229,14,52,48,245,110,174,170,31,
                                  5,148,133,220,79,177,45,133,195,137>>]},
                              {verify,verify_peer},
                              {send_timeout,1999},
                              {send_timeout_close,true},
                              {customize_hostname_check,
                               [{match_fun,#Fun<public_key.6.41508611>}]},
                              {server_name_indication,"localhost"}],
                            transport => tls},
                          undefined,
                          {sslsocket,#Port<0.58>,<0.399.0>,<0.398.0>,gen_tcp,
                           tls_gen_connection,
                           #Ref<0.4180087257.1227751425.182307>,undefined},
                          gun_tls,true,
                          {ssl,ssl_closed,ssl_error},
                          gun_http,
                          {http_state,
                           {sslsocket,#Port<0.58>,<0.399.0>,<0.398.0>,
                            gen_tcp,tls_gen_connection,
                            #Ref<0.4180087257.1227751425.182307>,undefined},
                           gun_tls,
                           #{flow => 1,max_headers => 100},
                           'HTTP/1.1',keepalive,<<>>,undefined,
                           [{stream,#Ref<0.4180087257.1227620353.182395>,
                             <0.404.0>,1,<<"GET">>,<<"localhost:60080">>,
                             <<"/x">>,[],true,undefined}],
                           head,
                           {0,0},
                           head},
                          undefined,gun_default_event_h,undefined}}
** Reason for termination = error:badarg
** Callback modules = [gun]
** Callback mode = state_functions
** Stacktrace =
**  [{erlang,binary_to_integer,
             [<<>>],
             [{error_info,#{module => erl_erts_errors}}]},
     {cow_http_hd,digits,3,
                  [{file,"/private/tmp/nix-shell.RzvnYm/http-gun-warden-t2crbcv3/warden/build/dev/erlang/cowlib/src/cow_http_hd.erl"},
                   {line,3721}]},
     {cow_http_hd,parse_content_length,1,
                  [{file,"/private/tmp/nix-shell.RzvnYm/http-gun-warden-t2crbcv3/warden/build/dev/erlang/cowlib/src/cow_http_hd.erl"},
                   {line,1667}]},
     {gun_http,response_io_from_headers,4,
               [{file,"/private/tmp/nix-shell.RzvnYm/http-gun-warden-t2crbcv3/warden/build/dev/erlang/gun/src/gun_http.erl"},
                {line,1020}]},
     {gun_http,handle_response,8,
               [{file,"/private/tmp/nix-shell.RzvnYm/http-gun-warden-t2crbcv3/warden/build/dev/erlang/gun/src/gun_http.erl"},
                {line,474}]},
     {gun,handle_common_connected_no_input,4,
          [{file,"/private/tmp/nix-shell.RzvnYm/http-gun-warden-t2crbcv3/warden/build/dev/erlang/gun/src/gun.erl"},
           {line,1641}]},
     {gen_statem,loop_state_callback,11,[{file,"gen_statem.erl"},{line,3741}]},
     {proc_lib,init_p_do_apply,3,[{file,"proc_lib.erl"},{line,333}]}]

=CRASH REPORT==== 1-Oct-2026::14:34:32.163638 ===
  crasher:
    initial call: gun:init/1
    pid: <0.396.0>
    registered_name: []
    process_label: {gun,{127,0,0,1},60080}
    exception error: bad argument
      in function  binary_to_integer/1
         called as binary_to_integer(<<>>)
         *** argument 1: not a textual representation of an integer
      in call from cow_http_hd:digits/3 (/private/tmp/nix-shell.RzvnYm/http-gun-warden-t2crbcv3/warden/build/dev/erlang/cowlib/src/cow_http_hd.erl:3721)
      in call from cow_http_hd:parse_content_length/1 (/private/tmp/nix-shell.RzvnYm/http-gun-warden-t2crbcv3/warden/build/dev/erlang/cowlib/src/cow_http_hd.erl:1667)
      in call from gun_http:response_io_from_headers/4 (/private/tmp/nix-shell.RzvnYm/http-gun-warden-t2crbcv3/warden/build/dev/erlang/gun/src/gun_http.erl:1020)
      in call from gun_http:handle_response/8 (/private/tmp/nix-shell.RzvnYm/http-gun-warden-t2crbcv3/warden/build/dev/erlang/gun/src/gun_http.erl:474)
      in call from gun:handle_common_connected_no_input/4 (/private/tmp/nix-shell.RzvnYm/http-gun-warden-t2crbcv3/warden/build/dev/erlang/gun/src/gun.erl:1641)
      in call from gen_statem:loop_state_callback/11 (gen_statem.erl:3741)
    ancestors: [gun_conns_sup,gun_sup,<0.117.0>]
    message_queue_len: 0
    messages: []
    links: [<0.119.0>]
    dictionary: []
    trap_exit: false
    status: running
    heap_size: 46422
    stack_size: 29
    reductions: 55452
  neighbours:

=SUPERVISOR REPORT==== 1-Oct-2026::14:34:32.165745 ===
    supervisor: {local,gun_conns_sup}
    errorContext: child_terminated
    reason: {badarg,
                [{erlang,binary_to_integer,
                     [<<>>],
                     [{error_info,#{module => erl_erts_errors}}]},
                 {cow_http_hd,digits,3,
                     [{file,
                          "/private/tmp/nix-shell.RzvnYm/http-gun-warden-t2crbcv3/warden/build/dev/erlang/cowlib/src/cow_http_hd.erl"},
                      {line,3721}]},
                 {cow_http_hd,parse_content_length,1,
                     [{file,
                          "/private/tmp/nix-shell.RzvnYm/http-gun-warden-t2crbcv3/warden/build/dev/erlang/cowlib/src/cow_http_hd.erl"},
                      {line,1667}]},
                 {gun_http,response_io_from_headers,4,
                     [{file,
                          "/private/tmp/nix-shell.RzvnYm/http-gun-warden-t2crbcv3/warden/build/dev/erlang/gun/src/gun_http.erl"},
                      {line,1020}]},
                 {gun_http,handle_response,8,
                     [{file,
                          "/private/tmp/nix-shell.RzvnYm/http-gun-warden-t2crbcv3/warden/build/dev/erlang/gun/src/gun_http.erl"},
                      {line,474}]},
                 {gun,handle_common_connected_no_input,4,
                     [{file,
                          "/private/tmp/nix-shell.RzvnYm/http-gun-warden-t2crbcv3/warden/build/dev/erlang/gun/src/gun.erl"},
                      {line,1641}]},
                 {gen_statem,loop_state_callback,11,
                     [{file,"gen_statem.erl"},{line,3741}]},
                 {proc_lib,init_p_do_apply,3,
                     [{file,"proc_lib.erl"},{line,333}]}]}
    offender: [{pid,<0.396.0>},
               {id,gun},
               {mfargs,{gun,start_link,undefined}},
               {restart_type,temporary},
               {significant,false},
               {shutdown,5000},
               {child_type,worker}]

=ERROR REPORT==== 1-Oct-2026::14:34:32.169727 ===
** State machine <0.411.0> terminating
** Process label = {gun,{127,0,0,1},60082}
** Last event = {info,{ssl,{sslsocket,#Port<0.61>,<0.418.0>,<0.416.0>,gen_tcp,
                                      tls_gen_connection,
                                      #Ref<0.4180087257.1227751435.180845>,
                                      undefined},
                           <<"HTTP/1.1 200 OK\r\ncontent-length: +2\r\n\r\nok">>}}
** When server state  = {connected,
                         {state,<0.408.0>,
                          {up,#Ref<0.4180087257.1227620353.182492>},
                          {127,0,0,1},
                          60082,<<"https">>,
                          {127,0,0,1},
                          60082,[],
                          #{protocols => [http],
                            retry => 0,connect_timeout => 1999,
                            domain_lookup_timeout => 1999,
                            http2_opts =>
                             #{flow => 1,max_headers => 101,
                               initial_connection_window_size => 65535,
                               initial_stream_window_size => 16384,
                               notify_settings_changed => true},
                            http_opts => #{flow => 1,max_headers => 100},
                            tcp_opts =>
                             [{send_timeout,1999},{send_timeout_close,true}],
                            tls_handshake_timeout => 1999,
                            tls_opts =>
                             [{cacertfile,"build/test-pki/ca.pem"},
                              {verify,verify_peer},
                              {send_timeout,1999},
                              {send_timeout_close,true},
                              {customize_hostname_check,
                               [{match_fun,#Fun<public_key.6.41508611>}]},
                              {server_name_indication,"localhost"}],
                            transport => tls},
                          undefined,
                          {sslsocket,#Port<0.61>,<0.418.0>,<0.416.0>,gen_tcp,
                           tls_gen_connection,
                           #Ref<0.4180087257.1227751435.180845>,undefined},
                          gun_tls,true,
                          {ssl,ssl_closed,ssl_error},
                          gun_http,
                          {http_state,
                           {sslsocket,#Port<0.61>,<0.418.0>,<0.416.0>,
                            gen_tcp,tls_gen_connection,
                            #Ref<0.4180087257.1227751435.180845>,undefined},
                           gun_tls,
                           #{flow => 1,max_headers => 100},
                           'HTTP/1.1',keepalive,<<>>,undefined,
                           [{stream,#Ref<0.4180087257.1227620353.182584>,
                             <0.419.0>,1,<<"GET">>,<<"localhost:60082">>,
                             <<"/x">>,[],true,undefined}],
                           head,
                           {0,0},
                           head},
                          undefined,gun_default_event_h,undefined}}
** Reason for termination = error:badarg
** Callback modules = [gun]
** Callback mode = state_functions
** Stacktrace =
**  [{erlang,binary_to_integer,
             [<<>>],
             [{error_info,#{module => erl_erts_errors}}]},
     {cow_http_hd,digits,3,
                  [{file,"/private/tmp/nix-shell.RzvnYm/http-gun-warden-t2crbcv3/warden/build/dev/erlang/cowlib/src/cow_http_hd.erl"},
                   {line,3721}]},
     {cow_http_hd,parse_content_length,1,
                  [{file,"/private/tmp/nix-shell.RzvnYm/http-gun-warden-t2crbcv3/warden/build/dev/erlang/cowlib/src/cow_http_hd.erl"},
                   {line,1667}]},
     {gun_http,response_io_from_headers,4,
               [{file,"/private/tmp/nix-shell.RzvnYm/http-gun-warden-t2crbcv3/warden/build/dev/erlang/gun/src/gun_http.erl"},
                {line,1020}]},
     {gun_http,handle_response,8,
               [{file,"/private/tmp/nix-shell.RzvnYm/http-gun-warden-t2crbcv3/warden/build/dev/erlang/gun/src/gun_http.erl"},
                {line,474}]},
     {gun,handle_common_connected_no_input,4,
          [{file,"/private/tmp/nix-shell.RzvnYm/http-gun-warden-t2crbcv3/warden/build/dev/erlang/gun/src/gun.erl"},
           {line,1641}]},
     {gen_statem,loop_state_callback,11,[{file,"gen_statem.erl"},{line,3741}]},
     {proc_lib,init_p_do_apply,3,[{file,"proc_lib.erl"},{line,333}]}]

=CRASH REPORT==== 1-Oct-2026::14:34:32.170054 ===
  crasher:
    initial call: gun:init/1
    pid: <0.411.0>
    registered_name: []
    process_label: {gun,{127,0,0,1},60082}
    exception error: bad argument
      in function  binary_to_integer/1
         called as binary_to_integer(<<>>)
         *** argument 1: not a textual representation of an integer
      in call from cow_http_hd:digits/3 (/private/tmp/nix-shell.RzvnYm/http-gun-warden-t2crbcv3/warden/build/dev/erlang/cowlib/src/cow_http_hd.erl:3721)
      in call from cow_http_hd:parse_content_length/1 (/private/tmp/nix-shell.RzvnYm/http-gun-warden-t2crbcv3/warden/build/dev/erlang/cowlib/src/cow_http_hd.erl:1667)
      in call from gun_http:response_io_from_headers/4 (/private/tmp/nix-shell.RzvnYm/http-gun-warden-t2crbcv3/warden/build/dev/erlang/gun/src/gun_http.erl:1020)
      in call from gun_http:handle_response/8 (/private/tmp/nix-shell.RzvnYm/http-gun-warden-t2crbcv3/warden/build/dev/erlang/gun/src/gun_http.erl:474)
      in call from gun:handle_common_connected_no_input/4 (/private/tmp/nix-shell.RzvnYm/http-gun-warden-t2crbcv3/warden/build/dev/erlang/gun/src/gun.erl:1641)
      in call from gen_statem:loop_state_callback/11 (gen_statem.erl:3741)
    ancestors: [gun_conns_sup,gun_sup,<0.117.0>]
    message_queue_len: 0
    messages: []
    links: [<0.119.0>]
    dictionary: []
    trap_exit: false
    status: running
    heap_size: 17731
    stack_size: 29
    reductions: 37262
  neighbours:

=SUPERVISOR REPORT==== 1-Oct-2026::14:34:32.170249 ===
    supervisor: {local,gun_conns_sup}
    errorContext: child_terminated
    reason: {badarg,
                [{erlang,binary_to_integer,
                     [<<>>],
                     [{error_info,#{module => erl_erts_errors}}]},
                 {cow_http_hd,digits,3,
                     [{file,
                          "/private/tmp/nix-shell.RzvnYm/http-gun-warden-t2crbcv3/warden/build/dev/erlang/cowlib/src/cow_http_hd.erl"},
                      {line,3721}]},
                 {cow_http_hd,parse_content_length,1,
                     [{file,
                          "/private/tmp/nix-shell.RzvnYm/http-gun-warden-t2crbcv3/warden/build/dev/erlang/cowlib/src/cow_http_hd.erl"},
                      {line,1667}]},
                 {gun_http,response_io_from_headers,4,
                     [{file,
                          "/private/tmp/nix-shell.RzvnYm/http-gun-warden-t2crbcv3/warden/build/dev/erlang/gun/src/gun_http.erl"},
                      {line,1020}]},
                 {gun_http,handle_response,8,
                     [{file,
                          "/private/tmp/nix-shell.RzvnYm/http-gun-warden-t2crbcv3/warden/build/dev/erlang/gun/src/gun_http.erl"},
                      {line,474}]},
                 {gun,handle_common_connected_no_input,4,
                     [{file,
                          "/private/tmp/nix-shell.RzvnYm/http-gun-warden-t2crbcv3/warden/build/dev/erlang/gun/src/gun.erl"},
                      {line,1641}]},
                 {gen_statem,loop_state_callback,11,
                     [{file,"gen_statem.erl"},{line,3741}]},
                 {proc_lib,init_p_do_apply,3,
                     [{file,"proc_lib.erl"},{line,333}]}]}
    offender: [{pid,<0.411.0>},
               {id,gun},
               {mfargs,{gun,start_link,undefined}},
               {restart_type,temporary},
               {significant,false},
               {shutdown,5000},
               {child_type,worker}]

PROBE SignedContentLength | adapter Failure(Sent, ReceiveFailed) | http_gun Failure(ConnectionFailed(UnknownTransport), MayHaveBeenSent)
PROBE ControlInHeader | adapter Failure(Sent, MalformedResponse) | http_gun Failure(RequestFailed(ProtocolError), MayHaveBeenSent)
PROBE SignedChunkSize | adapter Failure(Sent, ReceiveFailed) | http_gun Failure(RequestFailed(PeerClosed), MayHaveBeenSent)
PROBE HeaderOvershoot | adapter Failure(Sent, HeadersTooLarge) | http_gun Failure(LimitExceeded(ResponseHeaderBytes, 16384, 25021), MayHaveBeenSent)
[3.517 s] ok
=======================================================
  Test passed.
