======================== EUnit ========================
module 'warden@transport_test'
  warden@transport_test: verified_tls_succeeds_test...[0.209 s] ok
  warden@transport_test: loopback_rejected_by_default_before_connect_test...[0.055 s] ok
  warden@transport_test: certificate_failures_are_rejected_before_send_test...=NOTICE REPORT==== 1-Oct-2026::14:34:17.225135 ===
TLS server: In state wait_finished received CLIENT ALERT: Fatal - Bad Certificate

=NOTICE REPORT==== 1-Oct-2026::14:34:17.225034 ===
TLS client: In state wait_cert_cr at ssl_handshake.erl:2262 generated CLIENT ALERT: Fatal - Bad Certificate
 - {bad_cert,{hostname_check_failed,{requested,"localhost"},
                                    {received,[{dNSName,"wrong.example"}]}}}
=NOTICE REPORT==== 1-Oct-2026::14:34:17.235840 ===
TLS client: In state wait_cert_cr at ssl_handshake.erl:2254 generated CLIENT ALERT: Fatal - Unknown CA

=NOTICE REPORT==== 1-Oct-2026::14:34:17.235903 ===
TLS server: In state wait_finished received CLIENT ALERT: Fatal - Unknown CA

=NOTICE REPORT==== 1-Oct-2026::14:34:17.247972 ===
TLS client: In state wait_cert_cr at ssl_handshake.erl:2234 generated CLIENT ALERT: Fatal - Certificate Expired

=NOTICE REPORT==== 1-Oct-2026::14:34:17.248052 ===
TLS server: In state wait_finished received CLIENT ALERT: Fatal - Certificate Expired

[0.034 s] ok
  warden@transport_test: ip_literal_hosts_are_verified_against_the_certificate_test...=NOTICE REPORT==== 1-Oct-2026::14:34:17.265940 ===
TLS client: In state wait_cert_cr at ssl_handshake.erl:2262 generated CLIENT ALERT: Fatal - Bad Certificate
 - {bad_cert,{hostname_check_failed,{requested,{127,0,0,1}},
                                    {received,[{dNSName,"wrong.example"}]}}}
=NOTICE REPORT==== 1-Oct-2026::14:34:17.266010 ===
TLS server: In state wait_finished received CLIENT ALERT: Fatal - Bad Certificate

[0.015 s] ok
  warden@transport_test: system_trust_does_not_accept_the_test_ca_test...=NOTICE REPORT==== 1-Oct-2026::14:34:17.313282 ===
TLS client: In state wait_cert_cr at ssl_handshake.erl:2254 generated CLIENT ALERT: Fatal - Unknown CA

=NOTICE REPORT==== 1-Oct-2026::14:34:17.313510 ===
TLS server: In state wait_finished received CLIENT ALERT: Fatal - Unknown CA

[0.044 s] ok
  warden@transport_test: redirect_is_returned_not_followed_test...[0.054 s] ok
  warden@transport_test: response_bounds_test...*failed*
in function warden@transport_test:'-response_bounds_test/0-anonymous-0-'/2 (test/warden/transport_test.gleam, line 119)
in call from warden@transport_test:with_server/3 (test/warden/transport_test.gleam, line 38)
in call from gleam@list:each/2 (src/gleam/list.gleam, line 1660)
in call from eunit_test:'-mf_wrapper/2-fun-0-'/2 (eunit_test.erl, line 286)
in call from eunit_test:run_testfun/1 (eunit_test.erl, line 83)
in call from eunit_proc:run_test/1 (eunit_proc.erl, line 558)
in call from eunit_proc:with_timeout/3 (eunit_proc.erl, line 382)
in call from eunit_proc:handle_test/2 (eunit_proc.erl, line 541)
**error:#{function => <<"response_bounds_test">>,line => 119,
  message => <<"Assertion failed.">>,module => <<"warden/transport_test">>,
  start => 3737,file => <<"test/warden/transport_test.gleam">>,'end' => 3837,
  left =>
      #{start => 3744,
        value => {truncated,{error,{failure,sent,receive_failed}}},
        'end' => 3794,kind => expression},
  right =>
      #{start => 3804,
        value => {truncated,{error,{failure,sent,truncated_body}}},
        'end' => 3837,kind => expression},
  kind => binary_operator,expression_start => 3744,gleam_error => assert,
  operator => '=='}
  output:<<"">>

  warden@transport_test: chunked_and_interim_responses_decode_test...[0.009 s] ok
  warden@transport_test: deadline_covers_the_exchange_test...[0.301 s] ok
  warden@transport_test: request_shape_is_validated_before_send_test...[0.001 s] ok
  warden@transport_test: connection_refused_is_not_sent_test...[0.001 s] ok
  warden@transport_test: destination_policy_test...[0.001 s] ok
  warden@transport_test: resolution_happens_once_test...[0.005 s] ok
  warden@transport_test: classify_address_test...ok
  warden@transport_test: oidcc_adapter_reduces_error_bodies_test...[0.055 s] ok
  warden@transport_test: header_limit_covers_the_final_read_test...[0.005 s] ok
  warden@transport_test: large_request_bodies_are_refused_before_send_test...[0.052 s] ok
  warden@transport_test: lenient_framing_is_refused_test...*failed*
in function warden@transport_test:'-lenient_framing_is_refused_test/0-anonymous-0-'/2 (test/warden/transport_test.gleam, line 333)
in call from warden@transport_test:with_server/3 (test/warden/transport_test.gleam, line 38)
in call from gleam@list:each/2 (src/gleam/list.gleam, line 1660)
in call from eunit_test:'-mf_wrapper/2-fun-0-'/2 (eunit_test.erl, line 286)
in call from eunit_test:run_testfun/1 (eunit_test.erl, line 83)
in call from eunit_proc:run_test/1 (eunit_proc.erl, line 558)
in call from eunit_proc:with_timeout/3 (eunit_proc.erl, line 382)
in call from eunit_proc:handle_test/2 (eunit_proc.erl, line 541)
**error:#{function => <<"lenient_framing_is_refused_test">>,line => 329,
  message => <<"Assertion failed.">>,module => <<"warden/transport_test">>,
  start => 11412,file => <<"test/warden/transport_test.gleam">>,
  'end' => 11540,
  left =>
      #{start => 11419,
        value => {bare_lf_head,{ok,{response,200,[],<<"ok">>}}},
        'end' => 11470,kind => expression},
  right =>
      #{start => 11482,
        value => {bare_lf_head,{error,{failure,sent,malformed_response}}},
        'end' => 11540,kind => expression},
  kind => binary_operator,expression_start => 11419,gleam_error => assert,
  operator => '=='}
  output:<<"">>

  warden@transport_test: host_header_brackets_ipv6_literals_test...ok
  [done in 1.334 s]
=======================================================
  Failed: 2.  Skipped: 0.  Passed: 17.
