   Checking http_gun
   Compiled in 0.25s
  Compiling http_gun
   Compiled in 0.40s
   Compiled in 0.20s
    Running http_gun_test.main
[32m.[39m[32m.[39m[32m.[39m[32m.[39m[32m.[39m[32m.[39m[32m.[39m[32m.[39m[32m.[39m[32m.[39m[32m.[39m
[1m[31mpanic[39m[22m [90msrc/gleeunit/should.gleam:10[39m
[36m test[39m: http_gun_error_test.obsolete_fixture_errors_are_rejected_test
[36m info[39m: 
Ok(Cassette([Exchange(Request(Get, [], "", Http, "localhost", None, "/", None), Reject(Failure(LimitExceeded(CollectedBodyBytes, 2, None), MayHaveBeenSent)))]))
should equal
Error(Failure(FixtureCorrupt, NotSubmitted))
[32m.[39m[32m.[39m[32m.[39m[32m.[39m[32m.[39m[32m.[39m=NOTICE REPORT==== 30-Sep-2026::11:15:45.479434 ===
TLS client: In state wait_cert_cr at ssl_handshake.erl:2254 generated CLIENT ALERT: Fatal - Unknown CA

=NOTICE REPORT==== 30-Sep-2026::11:15:45.480440 ===
TLS server: In state wait_finished received CLIENT ALERT: Fatal - Unknown CA

[32m.[39m[32m.[39m[32m.[39m[32m.[39m[32m.[39m=NOTICE REPORT==== 30-Sep-2026::11:15:45.527374 ===
TLS client: In state wait_cert_cr at ssl_handshake.erl:2262 generated CLIENT ALERT: Fatal - Bad Certificate
 - {bad_cert,{hostname_check_failed,{requested,"127.0.0.1"},
                                    {received,[{dNSName,"localhost"}]}}}
=NOTICE REPORT==== 30-Sep-2026::11:15:45.527486 ===
TLS server: In state wait_finished received CLIENT ALERT: Fatal - Bad Certificate

[32m.[39m[32m.[39m[32m.[39m[32m.[39m[32m.[39m[32m.[39m[32m.[39m[32m.[39m[32m.[39m[32m.[39m[32m.[39m[32m.[39m[32m.[39m[32m.[39m[32m.[39m[32m.[39m[32m.[39m[32m.[39m[32m.[39m[32m.[39m[32m.[39m[32m.[39m[32m.[39m[32m.[39m[32m.[39m[32m.[39m[32m.[39m[32m.[39m[32m.[39m[32m.[39m[32m.[39m[32m.[39m[32m.[39m[32m.[39m[32m.[39m[32m.[39m[32m.[39m[32m.[39m[32m.[39m[32m.[39m[32m.[39m[32m.[39m[32m.[39m[32m.[39m[32m.[39m[32m.[39m[32m.[39m[32m.[39m[32m.[39m[32m.[39m[32m.[39m[32m.[39m[32m.[39m[32m.[39m[32m.[39m[32m.[39m[32m.[39m[32m.[39m[32m.[39m[32m.[39m[32m.[39m[32m.[39m[31m
84 passed, 1 failures[39m
