  Resolving versions
   Compiled in 0.22s
    Running warden_test.main
warden suite fast: 27 modules
PROBE DeclaredOversize | adapter Failure(Sent, BodyTooLarge) | http_gun Failure(DeadlineExceeded, MayHaveBeenSent)
PROBE EndlessChunked | adapter Failure(Sent, BodyTooLarge) | http_gun Failure(LimitExceeded(CollectedBodyBytes, 4096, 5000), MayHaveBeenSent)
PROBE CloseDelimitedOversize | adapter Failure(Sent, BodyTooLarge) | http_gun Failure(LimitExceeded(CollectedBodyBytes, 4096, 10000), MayHaveBeenSent)
PROBE ManyHeaders | adapter Failure(Sent, HeadersTooLarge) | http_gun Failure(RequestFailed(HeaderLimitReached), MayHaveBeenSent)
PROBE BigHeaderLine | adapter Failure(Sent, HeadersTooLarge) | http_gun Failure(LimitExceeded(ResponseHeaderBytes, 16384, 40020), MayHaveBeenSent)
PROBE Gzip | adapter Failure(Sent, UnsupportedContentEncoding) | http_gun Ok(200)
PROBE Truncated | adapter Failure(Sent, ReceiveFailed) | http_gun Failure(RequestFailed(PeerClosed), MayHaveBeenSent)

14:26:13.800 [error] :gen_statem #PID<0.366.0> terminating
** (FunctionClauseError) no function clause matching in :cow_http1.parse_status_line/1
    (cowlib 2.20.0) /private/tmp/nix-shell.sfDrGT/http-gun-warden-j4ie37sp/warden/build/dev/erlang/cowlib/src/cow_http1.erl:88: :cow_http1.parse_status_line("NOT HTTP\r\n\r\n")
    (gun 2.6.0) /private/tmp/nix-shell.sfDrGT/http-gun-warden-j4ie37sp/warden/build/dev/erlang/gun/src/gun_http.erl:347: :gun_http.handle_head/5
    (gun 2.6.0) /private/tmp/nix-shell.sfDrGT/http-gun-warden-j4ie37sp/warden/build/dev/erlang/gun/src/gun.erl:1641: :gun.handle_common_connected_no_input/4
    (stdlib 8.1) gen_statem.erl:3741: :gen_statem.loop_state_callback/11
    (stdlib 8.1) proc_lib.erl:333: :proc_lib.init_p_do_apply/3
Process Label: {:gun, {127, 0, 0, 1}, 53013}
Queue: [info: {:ssl, {:sslsocket, #Port<0.46>, #PID<0.369.0>, #PID<0.368.0>, :gen_tcp, :tls_gen_connection, #Reference<0.2888495182.689569803.120159>, :undefined}, "NOT HTTP\r\n\r\n"}]
Postponed: []
State: {:connected, {:state, #PID<0.363.0>, {:up, #Reference<0.2888495182.689438731.120146>}, {127, 0, 0, 1}, 53013, "https", {127, 0, 0, 1}, 53013, [], %{protocols: [:http], retry: 0, connect_timeout: 1999, domain_lookup_timeout: 1999, http2_opts: %{flow: 1, max_headers: 101, initial_connection_window_size: 65535, initial_stream_window_size: 16384, notify_settings_changed: true}, http_opts: %{flow: 1, max_headers: 100}, tcp_opts: [send_timeout: 1999, send_timeout_close: true], tls_handshake_timeout: 1999, tls_opts: [cacerts: [<<48, 130, 3, 35, 48, 130, 2, 11, 160, 3, 2, 1, 2, 2, 20, 21, 35, 75, 93, 230, 193, 8, 48, 254, 196, 47, 19, ...>>], verify: :verify_peer, send_timeout: 1999, send_timeout_close: true, customize_hostname_check: [match_fun: #Function<6.41508611/2 in :public_key.pkix_verify_hostname_match_fun/1>], server_name_indication: ~c"localhost"], transport: :tls}, :undefined, {:sslsocket, #Port<0.46>, #PID<0.369.0>, #PID<0.368.0>, :gen_tcp, :tls_gen_connection, #Reference<0.2888495182.689569803.120159>, :undefined}, :gun_tls, true, {:ssl, :ssl_closed, :ssl_error}, :gun_http, {:http_state, {:sslsocket, #Port<0.46>, #PID<0.369.0>, #PID<0.368.0>, :gen_tcp, :tls_gen_connection, #Reference<0.2888495182.689569803.120159>, :undefined}, :gun_tls, %{flow: 1, max_headers: 100}, :"HTTP/1.1", :keepalive, "", :undefined, [{:stream, #Reference<0.2888495182.689438731.120234>, #PID<0.374.0>, 1, "GET", "localhost:53013", "/x", [], true, :undefined}], :head, {0, 0}, :head}, :undefined, :gun_default_event_h, :undefined}}
Callback mode: :state_functions, state_enter: false

14:26:13.837 [error] :gen_statem #PID<0.381.0> terminating
** (FunctionClauseError) no function clause matching in :cow_http1.parse_status_line/1
    (cowlib 2.20.0) /private/tmp/nix-shell.sfDrGT/http-gun-warden-j4ie37sp/warden/build/dev/erlang/cowlib/src/cow_http1.erl:88: :cow_http1.parse_status_line("NOT HTTP\r\n\r\n")
    (gun 2.6.0) /private/tmp/nix-shell.sfDrGT/http-gun-warden-j4ie37sp/warden/build/dev/erlang/gun/src/gun_http.erl:347: :gun_http.handle_head/5
    (gun 2.6.0) /private/tmp/nix-shell.sfDrGT/http-gun-warden-j4ie37sp/warden/build/dev/erlang/gun/src/gun.erl:1641: :gun.handle_common_connected_no_input/4
    (stdlib 8.1) gen_statem.erl:3741: :gen_statem.loop_state_callback/11
    (stdlib 8.1) proc_lib.erl:333: :proc_lib.init_p_do_apply/3
Process Label: {:gun, {127, 0, 0, 1}, 53015}
Queue: [info: {:ssl, {:sslsocket, #Port<0.49>, #PID<0.388.0>, #PID<0.387.0>, :gen_tcp, :tls_gen_connection, #Reference<0.2888495182.689569793.122995>, :undefined}, "NOT HTTP\r\n\r\n"}]
Postponed: []
State: {:connected, {:state, #PID<0.378.0>, {:up, #Reference<0.2888495182.689438721.122972>}, {127, 0, 0, 1}, 53015, "https", {127, 0, 0, 1}, 53015, [], %{protocols: [:http], retry: 0, connect_timeout: 2000, domain_lookup_timeout: 2000, http2_opts: %{flow: 1, max_headers: 101, initial_connection_window_size: 65535, initial_stream_window_size: 16384, notify_settings_changed: true}, http_opts: %{flow: 1, max_headers: 100}, tcp_opts: [send_timeout: 2000, send_timeout_close: true], tls_handshake_timeout: 2000, tls_opts: [cacertfile: ~c"build/test-pki/ca.pem", verify: :verify_peer, send_timeout: 2000, send_timeout_close: true, customize_hostname_check: [match_fun: #Function<6.41508611/2 in :public_key.pkix_verify_hostname_match_fun/1>], server_name_indication: ~c"localhost"], transport: :tls}, :undefined, {:sslsocket, #Port<0.49>, #PID<0.388.0>, #PID<0.387.0>, :gen_tcp, :tls_gen_connection, #Reference<0.2888495182.689569793.122995>, :undefined}, :gun_tls, true, {:ssl, :ssl_closed, :ssl_error}, :gun_http, {:http_state, {:sslsocket, #Port<0.49>, #PID<0.388.0>, #PID<0.387.0>, :gen_tcp, :tls_gen_connection, #Reference<0.2888495182.689569793.122995>, :undefined}, :gun_tls, %{flow: 1, max_headers: 100}, :"HTTP/1.1", :keepalive, "", :undefined, [{:stream, #Reference<0.2888495182.689438721.123050>, #PID<0.389.0>, 1, "GET", "localhost:53015", "/x", [], true, :undefined}], :head, {0, 0}, :head}, :undefined, :gun_default_event_h, :undefined}}
Callback mode: :state_functions, state_enter: false
PROBE BadStatus | adapter Failure(Sent, ReceiveFailed) | http_gun Failure(ConnectionFailed(UnknownTransport), MayHaveBeenSent)
PROBE BareLfHead | adapter Ok(200, headers 0, body "ok") | http_gun Ok(200)

14:26:14.255 [error] :gen_statem #PID<0.426.0> terminating
** (ArgumentError) errors were found at the given arguments:

  * 1st argument: not a textual representation of an integer

    :erlang.binary_to_integer("")
    (cowlib 2.20.0) /private/tmp/nix-shell.sfDrGT/http-gun-warden-j4ie37sp/warden/build/dev/erlang/cowlib/src/cow_http_hd.erl:3721: :cow_http_hd.digits/3
    (cowlib 2.20.0) /private/tmp/nix-shell.sfDrGT/http-gun-warden-j4ie37sp/warden/build/dev/erlang/cowlib/src/cow_http_hd.erl:1667: :cow_http_hd.parse_content_length/1
    (gun 2.6.0) /private/tmp/nix-shell.sfDrGT/http-gun-warden-j4ie37sp/warden/build/dev/erlang/gun/src/gun_http.erl:1020: :gun_http.response_io_from_headers/4
    (gun 2.6.0) /private/tmp/nix-shell.sfDrGT/http-gun-warden-j4ie37sp/warden/build/dev/erlang/gun/src/gun_http.erl:474: :gun_http.handle_response/8
    (gun 2.6.0) /private/tmp/nix-shell.sfDrGT/http-gun-warden-j4ie37sp/warden/build/dev/erlang/gun/src/gun.erl:1641: :gun.handle_common_connected_no_input/4
    (stdlib 8.1) gen_statem.erl:3741: :gen_statem.loop_state_callback/11
    (stdlib 8.1) proc_lib.erl:333: :proc_lib.init_p_do_apply/3
Process Label: {:gun, {127, 0, 0, 1}, 53021}
Queue: [info: {:ssl, {:sslsocket, #Port<0.58>, #PID<0.429.0>, #PID<0.428.0>, :gen_tcp, :tls_gen_connection, #Reference<0.2888495182.689569793.123552>, :undefined}, "HTTP/1.1 200 OK\r\ncontent-length: +2\r\n\r\nok"}]
Postponed: []
State: {:connected, {:state, #PID<0.423.0>, {:up, #Reference<0.2888495182.689438721.123527>}, {127, 0, 0, 1}, 53021, "https", {127, 0, 0, 1}, 53021, [], %{protocols: [:http], retry: 0, connect_timeout: 2000, domain_lookup_timeout: 2000, http2_opts: %{flow: 1, max_headers: 101, initial_connection_window_size: 65535, initial_stream_window_size: 16384, notify_settings_changed: true}, http_opts: %{flow: 1, max_headers: 100}, tcp_opts: [send_timeout: 2000, send_timeout_close: true], tls_handshake_timeout: 2000, tls_opts: [cacerts: [<<48, 130, 3, 35, 48, 130, 2, 11, 160, 3, 2, 1, 2, 2, 20, 21, 35, 75, 93, 230, 193, 8, 48, 254, 196, 47, 19, ...>>], verify: :verify_peer, send_timeout: 2000, send_timeout_close: true, customize_hostname_check: [match_fun: #Function<6.41508611/2 in :public_key.pkix_verify_hostname_match_fun/1>], server_name_indication: ~c"localhost"], transport: :tls}, :undefined, {:sslsocket, #Port<0.58>, #PID<0.429.0>, #PID<0.428.0>, :gen_tcp, :tls_gen_connection, #Reference<0.2888495182.689569793.123552>, :undefined}, :gun_tls, true, {:ssl, :ssl_closed, :ssl_error}, :gun_http, {:http_state, {:sslsocket, #Port<0.58>, #PID<0.429.0>, #PID<0.428.0>, :gen_tcp, :tls_gen_connection, #Reference<0.2888495182.689569793.123552>, :undefined}, :gun_tls, %{flow: 1, max_headers: 100}, :"HTTP/1.1", :keepalive, "", :undefined, [{:stream, #Reference<0.2888495182.689438721.123645>, #PID<0.434.0>, 1, "GET", "localhost:53021", "/x", [], true, :undefined}], :head, {0, 0}, :head}, :undefined, :gun_default_event_h, :undefined}}
Callback mode: :state_functions, state_enter: false
PROBE SignedContentLength | adapter Failure(Sent, ReceiveFailed) | http_gun Failure(ConnectionFailed(UnknownTransport), MayHaveBeenSent)

14:26:14.266 [error] :gen_statem #PID<0.441.0> terminating
** (ArgumentError) errors were found at the given arguments:

  * 1st argument: not a textual representation of an integer

    :erlang.binary_to_integer("")
    (cowlib 2.20.0) /private/tmp/nix-shell.sfDrGT/http-gun-warden-j4ie37sp/warden/build/dev/erlang/cowlib/src/cow_http_hd.erl:3721: :cow_http_hd.digits/3
    (cowlib 2.20.0) /private/tmp/nix-shell.sfDrGT/http-gun-warden-j4ie37sp/warden/build/dev/erlang/cowlib/src/cow_http_hd.erl:1667: :cow_http_hd.parse_content_length/1
    (gun 2.6.0) /private/tmp/nix-shell.sfDrGT/http-gun-warden-j4ie37sp/warden/build/dev/erlang/gun/src/gun_http.erl:1020: :gun_http.response_io_from_headers/4
    (gun 2.6.0) /private/tmp/nix-shell.sfDrGT/http-gun-warden-j4ie37sp/warden/build/dev/erlang/gun/src/gun_http.erl:474: :gun_http.handle_response/8
    (gun 2.6.0) /private/tmp/nix-shell.sfDrGT/http-gun-warden-j4ie37sp/warden/build/dev/erlang/gun/src/gun.erl:1641: :gun.handle_common_connected_no_input/4
    (stdlib 8.1) gen_statem.erl:3741: :gen_statem.loop_state_callback/11
    (stdlib 8.1) proc_lib.erl:333: :proc_lib.init_p_do_apply/3
Process Label: {:gun, {127, 0, 0, 1}, 53023}
Queue: [info: {:ssl, {:sslsocket, #Port<0.61>, #PID<0.448.0>, #PID<0.446.0>, :gen_tcp, :tls_gen_connection, #Reference<0.2888495182.689569802.119094>, :undefined}, "HTTP/1.1 200 OK\r\ncontent-length: +2\r\n\r\nok"}]
Postponed: []
State: {:connected, {:state, #PID<0.438.0>, {:up, #Reference<0.2888495182.689438730.119050>}, {127, 0, 0, 1}, 53023, "https", {127, 0, 0, 1}, 53023, [], %{protocols: [:http], retry: 0, connect_timeout: 1999, domain_lookup_timeout: 1999, http2_opts: %{flow: 1, max_headers: 101, initial_connection_window_size: 65535, initial_stream_window_size: 16384, notify_settings_changed: true}, http_opts: %{flow: 1, max_headers: 100}, tcp_opts: [send_timeout: 1999, send_timeout_close: true], tls_handshake_timeout: 1999, tls_opts: [cacertfile: ~c"build/test-pki/ca.pem", verify: :verify_peer, send_timeout: 1999, send_timeout_close: true, customize_hostname_check: [match_fun: #Function<6.41508611/2 in :public_key.pkix_verify_hostname_match_fun/1>], server_name_indication: ~c"localhost"], transport: :tls}, :undefined, {:sslsocket, #Port<0.61>, #PID<0.448.0>, #PID<0.446.0>, :gen_tcp, :tls_gen_connection, #Reference<0.2888495182.689569802.119094>, :undefined}, :gun_tls, true, {:ssl, :ssl_closed, :ssl_error}, :gun_http, {:http_state, {:sslsocket, #Port<0.61>, #PID<0.448.0>, #PID<0.446.0>, :gen_tcp, :tls_gen_connection, #Reference<0.2888495182.689569802.119094>, :undefined}, :gun_tls, %{flow: 1, max_headers: 100}, :"HTTP/1.1", :keepalive, "", :undefined, [{:stream, #Reference<0.2888495182.689438721.123709>, #PID<0.449.0>, 1, "GET", "localhost:53023", "/x", [], true, :undefined}], :head, {0, 0}, :head}, :undefined, :gun_default_event_h, :undefined}}
Callback mode: :state_functions, state_enter: false
PROBE ControlInHeader | adapter Failure(Sent, MalformedResponse) | http_gun Failure(RequestFailed(ProtocolError), MayHaveBeenSent)
PROBE SignedChunkSize | adapter Failure(Sent, ReceiveFailed) | http_gun Failure(RequestFailed(PeerClosed), MayHaveBeenSent)
PROBE HeaderOvershoot | adapter Failure(Sent, HeadersTooLarge) | http_gun Failure(LimitExceeded(ResponseHeaderBytes, 16384, 25021), MayHaveBeenSent)
[32m.[39mEVIDENCE ipv6 non-default port heads: ["get /x http/1.1\r\ncontent-length: 0\r\nhost: [::1]:53037\r\nuser-agent: warden"]
EVIDENCE ipv6 port 443: cannot bind [::1]:443 here; not probed
[32m.[39m[32m.[39mEVIDENCE stalled 64 KiB POST: Error(Failure(Sent, Timeout)) after 501 ms (deadline 500)
[32m.[39mEVIDENCE reuse: resolutions 1, connections 1
EVIDENCE replacement: resolutions 2, connections 2
[32m.[39mEVIDENCE after caller death: Stats(0, 0, 0)
[32m.[39mEVIDENCE stop took 0 ms; in-flight request: Error(Failure(Closed, MayHaveBeenSent))
[32m.[39mEVIDENCE mailbox before 0, after 0
[32m.[39mEVIDENCE after peer close + 100 ms: Ok(200), connections 2
EVIDENCE after peer close + 1000 ms: Ok(200), connections 2
EVIDENCE after peer close + 3000 ms: Ok(200), connections 2
[32m.[39mEVIDENCE connection: close twice: #("Ok(200)", "Ok(200)"), server connections 2, pool Stats(0, 0, 0)
[32m.[39m[32m.[39m[32m.[39m[32m.[39m[32m.[39m[32m.[39m[32m.[39m[32m.[39m[32m.[39m[32m.[39m[32m.[39m[32m.[39m[32m.[39m[32m.[39m[32m.[39m[32m.[39m
14:26:25.597 [info] The function passed as a handler with ID {:scoped_handler_id, -576460752303423479} is a local function.
This means that it is either an anonymous function or a capture of a function without a module specified. That may cause a performance penalty when calling that handler. For more details see the note in `telemetry:attach/4` documentation.

https://hexdocs.pm/telemetry/telemetry.html#attach/4
[32m.[39m
14:26:25.605 [info] The function passed as a handler with ID {:scoped_handler_id, -576460752303423415} is a local function.
This means that it is either an anonymous function or a capture of a function without a module specified. That may cause a performance penalty when calling that handler. For more details see the note in `telemetry:attach/4` documentation.

https://hexdocs.pm/telemetry/telemetry.html#attach/4
[32m.[39m[32m.[39m[32m.[39m[32m.[39m[32m.[39m[32m.[39m[32m.[39m[32m.[39m[32m.[39m
14:26:45.323 [notice] TLS :client: In state :wait_cert_cr at ssl_handshake.erl:2262 generated CLIENT ALERT: Fatal - Bad Certificate
 - {:bad_cert,
 {:hostname_check_failed, {:requested, ~c"localhost"},
  {:received, [dNSName: ~c"wrong.example"]}}}

14:26:45.323 [notice] TLS :server: In state :wait_finished received CLIENT ALERT: Fatal - Bad Certificate


14:26:45.339 [notice] TLS :client: In state :wait_cert_cr at ssl_handshake.erl:2254 generated CLIENT ALERT: Fatal - Unknown CA


14:26:45.340 [notice] TLS :server: In state :wait_finished received CLIENT ALERT: Fatal - Unknown CA


14:26:45.350 [notice] TLS :client: In state :wait_cert_cr at ssl_handshake.erl:2234 generated CLIENT ALERT: Fatal - Certificate Expired


14:26:45.350 [notice] TLS :server: In state :wait_finished received CLIENT ALERT: Fatal - Certificate Expired

[32m.[39m
14:26:45.370 [notice] TLS :client: In state :wait_cert_cr at ssl_handshake.erl:2262 generated CLIENT ALERT: Fatal - Bad Certificate
 - {:bad_cert,
 {:hostname_check_failed, {:requested, {127, 0, 0, 1}},
  {:received, [dNSName: ~c"wrong.example"]}}}

14:26:45.370 [notice] TLS :server: In state :wait_finished received CLIENT ALERT: Fatal - Bad Certificate

[32m.[39m
14:26:45.419 [notice] TLS :client: In state :wait_cert_cr at ssl_handshake.erl:2254 generated CLIENT ALERT: Fatal - Unknown CA


14:26:45.420 [notice] TLS :server: In state :wait_finished received CLIENT ALERT: Fatal - Unknown CA

[32m.[39m[32m.[39m
[1m[31massert[39m[22m [90mtest/warden/transport_test.gleam:119[39m
[36m test[39m: warden@transport_test.response_bounds_test
[36m code[39m: assert #(c.0, get(policy(), support.server_url(s, "/x")))
      == #(c.0, Error(Failure(Sent, c.1)))
[36m left[39m: Truncated(Error(Failure(Sent, ReceiveFailed)))
[36mright[39m: Truncated(Error(Failure(Sent, TruncatedBody)))
[36m info[39m: Assertion failed.
[32m.[39m[32m.[39m[32m.[39m[32m.[39m[32m.[39m[32m.[39m[32m.[39m[32m.[39m[32m.[39m[32m.[39m
[1m[31massert[39m[22m [90mtest/warden/transport_test.gleam:329[39m
[36m test[39m: warden@transport_test.lenient_framing_is_refused_test
[36m code[39m: assert #(kind, get(policy(), support.server_url(s, "/x")))
        == #(kind, Error(Failure(Sent, transport.MalformedResponse)))
[36m left[39m: BareLfHead(Ok(Response(200, [], "ok")))
[36mright[39m: BareLfHead(Error(Failure(Sent, MalformedResponse)))
[36m info[39m: Assertion failed.
[32m.[39m[32m.[39m[32m.[39m[32m.[39m[32m.[39m[32m.[39m[32m.[39m[32m.[39m[32m.[39m[32m.[39m[32m.[39m[32m.[39m[32m.[39m[32m.[39m[32m.[39m[32m.[39m[32m.[39m[32m.[39m[32m.[39m[32m.[39m[32m.[39m[32m.[39m[32m.[39m[32m.[39m[32m.[39m[32m.[39m[32m.[39m[32m.[39m[32m.[39m[32m.[39m[32m.[39m[32m.[39m[32m.[39m[32m.[39m[32m.[39m[32m.[39m[32m.[39m[32m.[39m[32m.[39m[32m.[39m[32m.[39m[32m.[39m[32m.[39m[32m.[39m[32m.[39m[32m.[39m[32m.[39m[32m.[39m[32m.[39m[32m.[39m[32m.[39m[32m.[39m[32m.[39m[32m.[39m[32m.[39m[32m.[39m[32m.[39m[32m.[39m[32m.[39m[32m.[39m[32m.[39m[32m.[39m[32m.[39m[32m.[39m[32m.[39m[32m.[39m[32m.[39m[32m.[39m[32m.[39m[32m.[39m[32m.[39m[32m.[39m[32m.[39m[32m.[39m[32m.[39m[31m
124 passed, 2 failures[39m
