{"client":"gun","scenario":"buffered","requests":100,"connection_cap":4,"trial":"profile","elapsed_us":5228,"p50_us":3280,"p95_us":4776,"p99_us":4890,"connections":4,"failures":0,"failure_examples":[],"bytes":300,"peak_vm_bytes":55351529,"peak_total_mailbox":0,"peak_one_mailbox":0,"peak_processes":190,"peak_ports":7}
FUNCTION                                                    CALLS  [    %]
http_gun@internal@pool:'-admit_live/2-anonymous-0-'/2        1001  [11.84]
http_gun@internal@pool:'-admit_live/2-anonymous-1-'/2         749  [ 8.86]
http_gun@internal@pool:'-make_room/2-anonymous-0-'/3          712  [ 8.42]
http_gun@internal@pool:'-validate/2-anonymous-2-'/2           510  [ 6.03]
http_gun@internal@pool:'-validate/2-anonymous-1-'/2           510  [ 6.03]
http_gun@internal@pool:'-validate/2-anonymous-0-'/2           510  [ 6.03]
http_gun@internal@pool:'-connection_lost/2-anonymous-0-'/2    396  [ 4.68]
http_gun@internal@pool:'-release_body/4-anonymous-0-'/3       395  [ 4.67]
http_gun@internal@pool:'-launch/3-anonymous-1-'/2             389  [ 4.60]
http_gun@internal@pool:handle/2                               314  [ 3.71]
http_gun@internal@pool:admit_live/2                           296  [ 3.50]
http_gun@internal@pool:admit/2                                296  [ 3.50]
http_gun@internal@pool:dispatch_group/2                       295  [ 3.49]
http_gun@internal@pool:make_room/2                            194  [ 2.30]
http_gun@internal@pool:connection_lost/2                      104  [ 1.23]
http_gun@internal@pool:process_lost/2                         103  [ 1.22]
http_gun@internal@pool:'-start_mode/2-anonymous-2-'/1         103  [ 1.22]
http_gun@internal@pool:config/1                               102  [ 1.21]
http_gun@internal@pool:option_port/2                          102  [ 1.21]
http_gun@internal@pool:origin/1                               102  [ 1.21]
http_gun@internal@pool:validate/2                             102  [ 1.21]
http_gun@internal@pool:open/2                                 102  [ 1.21]
http_gun@internal@pool:launch/3                               102  [ 1.21]
http_gun@internal@pool:release_body/4                         102  [ 1.21]
http_gun@internal@pool:group/2                                102  [ 1.21]
http_gun@internal@pool:reserve_capture/2                      102  [ 1.21]
http_gun@internal@pool:open_request/6                         102  [ 1.21]
http_gun@internal@pool:'-launch/3-anonymous-0-'/3             102  [ 1.21]
http_gun@internal@pool:'-open/2-anonymous-1-'/3               102  [ 1.21]
http_gun@internal@pool:'-open/2-anonymous-0-'/4               102  [ 1.21]
http_gun@internal@pool:'-validate/2-anonymous-6-'/3           102  [ 1.21]
http_gun@internal@pool:'-validate/2-anonymous-5-'/2           102  [ 1.21]
http_gun@internal@pool:'-admit_live/2-anonymous-2-'/1          17  [ 0.20]
http_gun@internal@pool:'-handle/2-anonymous-1-'/4              11  [ 0.13]
http_gun@internal@pool:'-start_mode/2-anonymous-3-'/1           6  [ 0.07]
http_gun@internal@pool:'-handle/2-anonymous-4-'/1               4  [ 0.05]
http_gun@internal@pool:stop/1                                   1  [ 0.01]
http_gun@internal@pool:start_mode/2                             1  [ 0.01]
http_gun@internal@pool:start/1                                  1  [ 0.01]
http_gun@internal@pool:'-start_mode/2-anonymous-6-'/2           1  [ 0.01]
http_gun@internal@pool:'-start_mode/2-anonymous-5-'/3           1  [ 0.01]
http_gun@internal@pool:'-start_mode/2-anonymous-4-'/3           1  [ 0.01]
http_gun@internal@pool:'-connection_lost/2-anonymous-1-'/2      1  [ 0.01]
http_gun@internal@pool:'-stop/1-anonymous-0-'/1                 1  [ 0.01]
                                                                   [100.0]
