  Compiling http_gun
   Compiled in 0.32s
    Running http_gun_destination_test.main
=NOTICE REPORT==== 1-Oct-2026::07:33:43.521787 ===
TLS server: In state wait_finished received CLIENT ALERT: Fatal - Bad Certificate

=NOTICE REPORT==== 1-Oct-2026::07:33:43.521694 ===
TLS client: In state wait_cert_cr at ssl_handshake.erl:2262 generated CLIENT ALERT: Fatal - Bad Certificate
 - {bad_cert,{hostname_check_failed,{requested,"wrong.invalid"},
                                    {received,[{dNSName,"localhost"}]}}}
=NOTICE REPORT==== 1-Oct-2026::07:33:43.541717 ===
TLS client: In state wait_cert_cr at ssl_handshake.erl:2262 generated CLIENT ALERT: Fatal - Bad Certificate
 - {bad_cert,{hostname_check_failed,{requested,{127,0,0,1}},
                                    {received,[{dNSName,"localhost"}]}}}
=NOTICE REPORT==== 1-Oct-2026::07:33:43.541818 ===
TLS server: In state wait_finished received CLIENT ALERT: Fatal - Bad Certificate

=CRASH REPORT==== 1-Oct-2026::07:33:43.694955 ===
  crasher:
    initial call: http_gun@internal@resolution:'-start/5-anonymous-0-'/0
    pid: <0.218.0>
    registered_name: []
    exception error: #{function =>
                           <<"throwing_resolver_is_typed_and_does_not_kill_pool_test">>,
                       line => 532,message => <<"injected resolver failure">>,
                       module => <<"http_gun_destination_test">>,
                       file => <<"test/http_gun_destination_test.gleam">>,
                       gleam_error => panic}
      in function  http_gun_destination_test:'-throwing_resolver_is_typed_and_does_not_kill_pool_test/0-anonymous-0-'/2 (test/http_gun_destination_test.gleam:531)
      in call from http_gun@internal@resolution:'-resolve/3-anonymous-3-'/4 (src/http_gun/internal/resolution.gleam:81)
      in call from http_gun@internal@resolution:'-start/5-anonymous-0-'/4 (src/http_gun/internal/resolution.gleam:30)
    ancestors: [<0.217.0>,<0.216.0>,<0.82.0>]
    message_queue_len: 0
    messages: []
    links: [<0.217.0>]
    dictionary: []
    trap_exit: false
    status: running
    heap_size: 233
    stack_size: 29
    reductions: 57
  neighbours:

