{"client":"gun","scenario":"buffered","requests":1000,"connection_cap":4,"trial":"narrow-profile","elapsed_us":2626977,"p50_us":1969467,"p95_us":2613982,"p99_us":2621774,"connections":4,"failures":0,"failure_examples":[],"bytes":3000,"peak_vm_bytes":72069668,"peak_total_mailbox":741,"peak_one_mailbox":741,"peak_processes":1092,"peak_ports":11}
FUNCTION                                                   CALLS  TIME (us)  PER CALL  [    %]
http_gun@internal@pool:admit_live/3                       993702     593940      0.60  [23.11]
http_gun@internal@pool:origin/1                          1987404     426585      0.21  [16.60]
http_gun@internal@pool:make_room/3                        992700     257787      0.26  [10.03]
http_gun@internal@pool:'-make_room/3-anonymous-0-'/3     3948132     227508      0.06  [ 8.85]
http_gun@internal@pool:'-admit_live/3-anonymous-1-'/2    3964440     221064      0.06  [ 8.60]
http_gun@internal@pool:'-admit_live/3-anonymous-0-'/2    3966939     218500      0.06  [ 8.50]
http_gun@internal@pool:option_port/2                     1987404     111626      0.06  [ 4.34]
http_gun@internal@pool:dispatch/1                           2011     106321     52.87  [ 4.14]
http_gun@internal@pool:'-open_request/5-anonymous-0-'/1   496959      87785      0.18  [ 3.42]
http_gun@internal@pool:open_request/5                       1002      52339     52.23  [ 2.04]
http_gun@internal@pool:process_lost/2                       1003      44116     43.98  [ 1.72]
http_gun@internal@pool:'-dispatch/1-anonymous-0-'/1       992700      42538      0.04  [ 1.66]
http_gun@internal@pool:'-dispatch/1-anonymous-1-'/3       992700      42504      0.04  [ 1.65]
http_gun@internal@pool:admit/3                            993702      41613      0.04  [ 1.62]
http_gun@internal@pool:'-process_lost/2-anonymous-2-'/2   494740      24148      0.05  [ 0.94]
http_gun@internal@pool:'-process_lost/2-anonymous-8-'/2   494740      23867      0.05  [ 0.93]
http_gun@internal@pool:'-open_request/5-anonymous-1-'/1   497960      23377      0.05  [ 0.91]
http_gun@internal@pool:launch/3                             1002       7426      7.41  [ 0.29]
http_gun@internal@pool:'-open/2-anonymous-1-'/3             1002       3314      3.31  [ 0.13]
http_gun@internal@pool:'-validate/2-anonymous-5-'/3         1002       3106      3.10  [ 0.12]
http_gun@internal@pool:'-validate/2-anonymous-2-'/2         5010       2855      0.57  [ 0.11]
http_gun@internal@pool:'-validate/2-anonymous-0-'/2         5010       2172      0.43  [ 0.08]
http_gun@internal@pool:'-validate/2-anonymous-1-'/2         5010       1027      0.20  [ 0.04]
http_gun@internal@pool:release_body/4                       1002        786      0.78  [ 0.03]
http_gun@internal@pool:'-start_mode/2-anonymous-5-'/3          1        522    522.00  [ 0.02]
http_gun@internal@pool:'-launch/3-anonymous-0-'/3           1002        362      0.36  [ 0.01]
http_gun@internal@pool:'-process_lost/2-anonymous-4-'/2     4995        346      0.07  [ 0.01]
http_gun@internal@pool:'-launch/3-anonymous-1-'/2           3992        309      0.08  [ 0.01]
http_gun@internal@pool:'-admit_live/3-anonymous-2-'/1       5668        283      0.05  [ 0.01]
http_gun@internal@pool:'-process_lost/2-anonymous-5-'/2     4995        274      0.05  [ 0.01]
http_gun@internal@pool:'-release_body/4-anonymous-1-'/3     3998        269      0.07  [ 0.01]
http_gun@internal@pool:'-process_lost/2-anonymous-7-'/3     3997        236      0.06  [ 0.01]
http_gun@internal@pool:'-release_body/4-anonymous-0-'/2     3986        224      0.06  [ 0.01]
http_gun@internal@pool:'-release_body/4-anonymous-2-'/2     3999        223      0.06  [ 0.01]
http_gun@internal@pool:'-process_lost/2-anonymous-0-'/2     3997        216      0.05  [ 0.01]
http_gun@internal@pool:handle/2                             3014        213      0.07  [ 0.01]
http_gun@internal@pool:'-start_mode/2-anonymous-6-'/2          1        173    173.00  [ 0.01]
http_gun@internal@pool:open/2                               1002        100      0.10  [ 0.00]
http_gun@internal@pool:'-start_mode/2-anonymous-2-'/1       1003         73      0.07  [ 0.00]
http_gun@internal@pool:reserve_capture/2                    1002         47      0.05  [ 0.00]
http_gun@internal@pool:config/1                             1002         26      0.03  [ 0.00]
http_gun@internal@pool:'-handle/2-anonymous-11-'/1             4         15      3.75  [ 0.00]
http_gun@internal@pool:stop/1                                  1          8      8.00  [ 0.00]
http_gun@internal@pool:validate/2                           1002          4      0.00  [ 0.00]
http_gun@internal@pool:'-start_mode/2-anonymous-3-'/1          6          3      0.50  [ 0.00]
http_gun@internal@pool:start/1                                 1          1      1.00  [ 0.00]
http_gun@internal@pool:'-start_mode/2-anonymous-4-'/3          1          1      1.00  [ 0.00]
http_gun@internal@pool:'-handle/2-anonymous-6-'/4             11          1      0.09  [ 0.00]
http_gun@internal@pool:'-open/2-anonymous-0-'/3             1002          1      0.00  [ 0.00]
http_gun@internal@pool:start_mode/2                            1          0      0.00  [ 0.00]
http_gun@internal@pool:'-handle/2-anonymous-4-'/2              1          0      0.00  [ 0.00]
http_gun@internal@pool:'-handle/2-anonymous-0-'/2              1          0      0.00  [ 0.00]
http_gun@internal@pool:'-stop/1-anonymous-0-'/1                1          0      0.00  [ 0.00]
                                                                    2570234            [100.0]
