{"client":"gun","scenario":"buffered","requests":1000,"connection_cap":4,"trial":"narrow-profile","elapsed_us":901865,"p50_us":671882,"p95_us":895015,"p99_us":898129,"connections":4,"failures":0,"failure_examples":[],"bytes":3000,"peak_vm_bytes":68149972,"peak_total_mailbox":657,"peak_one_mailbox":657,"peak_processes":1092,"peak_ports":11}
FUNCTION                                                   CALLS  [    %]
http_gun@internal@pool:'-admit_live/3-anonymous-0-'/2    3966807  [17.34]
http_gun@internal@pool:'-admit_live/3-anonymous-1-'/2    3964308  [17.33]
http_gun@internal@pool:'-make_room/3-anonymous-0-'/3     3948084  [17.26]
http_gun@internal@pool:option_port/2                     1987296  [ 8.69]
http_gun@internal@pool:origin/1                          1987296  [ 8.69]
http_gun@internal@pool:admit_live/3                       993648  [ 4.34]
http_gun@internal@pool:admit/3                            993648  [ 4.34]
http_gun@internal@pool:make_room/3                        992646  [ 4.34]
http_gun@internal@pool:'-dispatch/1-anonymous-1-'/3       992646  [ 4.34]
http_gun@internal@pool:'-dispatch/1-anonymous-0-'/1       992646  [ 4.34]
http_gun@internal@pool:'-open_request/5-anonymous-1-'/1   497947  [ 2.18]
http_gun@internal@pool:'-open_request/5-anonymous-0-'/1   496946  [ 2.17]
http_gun@internal@pool:'-process_lost/2-anonymous-8-'/2   494699  [ 2.16]
http_gun@internal@pool:'-process_lost/2-anonymous-2-'/2   494699  [ 2.16]
http_gun@internal@pool:'-admit_live/3-anonymous-2-'/1       5626  [ 0.02]
http_gun@internal@pool:'-validate/2-anonymous-2-'/2         5010  [ 0.02]
http_gun@internal@pool:'-validate/2-anonymous-1-'/2         5010  [ 0.02]
http_gun@internal@pool:'-validate/2-anonymous-0-'/2         5010  [ 0.02]
http_gun@internal@pool:'-process_lost/2-anonymous-5-'/2     5007  [ 0.02]
http_gun@internal@pool:'-process_lost/2-anonymous-4-'/2     5007  [ 0.02]
http_gun@internal@pool:'-release_body/4-anonymous-2-'/2     4015  [ 0.02]
http_gun@internal@pool:'-release_body/4-anonymous-1-'/3     3998  [ 0.02]
http_gun@internal@pool:'-process_lost/2-anonymous-7-'/3     3997  [ 0.02]
http_gun@internal@pool:'-process_lost/2-anonymous-0-'/2     3997  [ 0.02]
http_gun@internal@pool:'-launch/3-anonymous-1-'/2           3992  [ 0.02]
http_gun@internal@pool:'-release_body/4-anonymous-0-'/2     3986  [ 0.02]
http_gun@internal@pool:handle/2                             3014  [ 0.01]
http_gun@internal@pool:dispatch/1                           2011  [ 0.01]
http_gun@internal@pool:process_lost/2                       1003  [ 0.00]
http_gun@internal@pool:'-start_mode/2-anonymous-2-'/1       1003  [ 0.00]
http_gun@internal@pool:config/1                             1002  [ 0.00]
http_gun@internal@pool:validate/2                           1002  [ 0.00]
http_gun@internal@pool:open/2                               1002  [ 0.00]
http_gun@internal@pool:launch/3                             1002  [ 0.00]
http_gun@internal@pool:release_body/4                       1002  [ 0.00]
http_gun@internal@pool:reserve_capture/2                    1002  [ 0.00]
http_gun@internal@pool:open_request/5                       1002  [ 0.00]
http_gun@internal@pool:'-launch/3-anonymous-0-'/3           1002  [ 0.00]
http_gun@internal@pool:'-open/2-anonymous-1-'/3             1002  [ 0.00]
http_gun@internal@pool:'-open/2-anonymous-0-'/3             1002  [ 0.00]
http_gun@internal@pool:'-validate/2-anonymous-5-'/3         1002  [ 0.00]
http_gun@internal@pool:'-handle/2-anonymous-6-'/4             11  [ 0.00]
http_gun@internal@pool:'-start_mode/2-anonymous-3-'/1          6  [ 0.00]
http_gun@internal@pool:'-handle/2-anonymous-11-'/1             4  [ 0.00]
http_gun@internal@pool:stop/1                                  1  [ 0.00]
http_gun@internal@pool:start_mode/2                            1  [ 0.00]
http_gun@internal@pool:start/1                                 1  [ 0.00]
http_gun@internal@pool:'-start_mode/2-anonymous-6-'/2          1  [ 0.00]
http_gun@internal@pool:'-start_mode/2-anonymous-5-'/3          1  [ 0.00]
http_gun@internal@pool:'-start_mode/2-anonymous-4-'/3          1  [ 0.00]
http_gun@internal@pool:'-handle/2-anonymous-4-'/2              1  [ 0.00]
http_gun@internal@pool:'-handle/2-anonymous-0-'/2              1  [ 0.00]
http_gun@internal@pool:'-stop/1-anonymous-0-'/1                1  [ 0.00]
                                                                  [100.0]
