{"client":"gun","scenario":"bounded","requests":1000,"connection_cap":4,"trial":"narrow-profile","elapsed_us":35353,"p50_us":127,"p95_us":199,"p99_us":391,"connections":4,"failures":0,"failure_examples":[],"bytes":3000,"peak_vm_bytes":54600324,"peak_total_mailbox":4,"peak_one_mailbox":2,"peak_processes":101,"peak_ports":11}
FUNCTION                                                 CALLS  [    %]
http_gun@internal@pool:'-validate/2-anonymous-2-'/2       5010  [ 6.91]
http_gun@internal@pool:'-validate/2-anonymous-1-'/2       5010  [ 6.91]
http_gun@internal@pool:'-validate/2-anonymous-0-'/2       5010  [ 6.91]
http_gun@internal@pool:'-release_body/4-anonymous-1-'/3   3994  [ 5.51]
http_gun@internal@pool:'-process_lost/2-anonymous-7-'/3   3994  [ 5.51]
http_gun@internal@pool:'-process_lost/2-anonymous-0-'/2   3994  [ 5.51]
http_gun@internal@pool:'-launch/3-anonymous-1-'/2         3988  [ 5.50]
http_gun@internal@pool:'-process_lost/2-anonymous-5-'/2   3800  [ 5.24]
http_gun@internal@pool:'-process_lost/2-anonymous-4-'/2   3800  [ 5.24]
http_gun@internal@pool:'-release_body/4-anonymous-2-'/2   3764  [ 5.19]
http_gun@internal@pool:'-release_body/4-anonymous-0-'/2   3249  [ 4.48]
http_gun@internal@pool:handle/2                           3014  [ 4.16]
http_gun@internal@pool:'-admit_live/3-anonymous-0-'/2     2452  [ 3.38]
http_gun@internal@pool:option_port/2                      2050  [ 2.83]
http_gun@internal@pool:origin/1                           2050  [ 2.83]
http_gun@internal@pool:dispatch/1                         2011  [ 2.77]
http_gun@internal@pool:admit_live/3                       1025  [ 1.41]
http_gun@internal@pool:admit/3                            1025  [ 1.41]
http_gun@internal@pool:process_lost/2                     1003  [ 1.38]
http_gun@internal@pool:'-start_mode/2-anonymous-2-'/1     1003  [ 1.38]
http_gun@internal@pool:config/1                           1002  [ 1.38]
http_gun@internal@pool:validate/2                         1002  [ 1.38]
http_gun@internal@pool:open/2                             1002  [ 1.38]
http_gun@internal@pool:launch/3                           1002  [ 1.38]
http_gun@internal@pool:release_body/4                     1002  [ 1.38]
http_gun@internal@pool:reserve_capture/2                  1002  [ 1.38]
http_gun@internal@pool:open_request/5                     1002  [ 1.38]
http_gun@internal@pool:'-launch/3-anonymous-0-'/3         1002  [ 1.38]
http_gun@internal@pool:'-open/2-anonymous-1-'/3           1002  [ 1.38]
http_gun@internal@pool:'-open/2-anonymous-0-'/3           1002  [ 1.38]
http_gun@internal@pool:'-validate/2-anonymous-5-'/3       1002  [ 1.38]
http_gun@internal@pool:'-admit_live/3-anonymous-1-'/2       53  [ 0.07]
http_gun@internal@pool:make_room/3                          23  [ 0.03]
http_gun@internal@pool:'-dispatch/1-anonymous-1-'/3         23  [ 0.03]
http_gun@internal@pool:'-dispatch/1-anonymous-0-'/1         23  [ 0.03]
http_gun@internal@pool:'-admit_live/3-anonymous-2-'/1       22  [ 0.03]
http_gun@internal@pool:'-open_request/5-anonymous-1-'/1     19  [ 0.03]
http_gun@internal@pool:'-handle/2-anonymous-6-'/4           11  [ 0.02]
http_gun@internal@pool:'-make_room/3-anonymous-0-'/3         8  [ 0.01]
http_gun@internal@pool:'-open_request/5-anonymous-0-'/1      7  [ 0.01]
http_gun@internal@pool:'-start_mode/2-anonymous-3-'/1        6  [ 0.01]
http_gun@internal@pool:'-handle/2-anonymous-11-'/1           4  [ 0.01]
http_gun@internal@pool:'-process_lost/2-anonymous-8-'/2      4  [ 0.01]
http_gun@internal@pool:'-process_lost/2-anonymous-2-'/2      4  [ 0.01]
http_gun@internal@pool:stop/1                                1  [ 0.00]
http_gun@internal@pool:start_mode/2                          1  [ 0.00]
http_gun@internal@pool:start/1                               1  [ 0.00]
http_gun@internal@pool:'-start_mode/2-anonymous-6-'/2        1  [ 0.00]
http_gun@internal@pool:'-start_mode/2-anonymous-5-'/3        1  [ 0.00]
http_gun@internal@pool:'-start_mode/2-anonymous-4-'/3        1  [ 0.00]
http_gun@internal@pool:'-handle/2-anonymous-4-'/2            1  [ 0.00]
http_gun@internal@pool:'-handle/2-anonymous-0-'/2            1  [ 0.00]
http_gun@internal@pool:'-stop/1-anonymous-0-'/1              1  [ 0.00]
                                                                [100.0]
