{"client":"gun","scenario":"buffered","requests":100,"connection_cap":4,"trial":"narrow-profile","elapsed_us":12689,"p50_us":9086,"p95_us":12250,"p99_us":12308,"connections":4,"failures":0,"failure_examples":[],"bytes":300,"peak_vm_bytes":55029788,"peak_total_mailbox":43,"peak_one_mailbox":43,"peak_processes":190,"peak_ports":11}
FUNCTION                                                 CALLS  [    %]
http_gun@internal@pool:'-admit_live/3-anonymous-0-'/2    37020  [16.77]
http_gun@internal@pool:'-admit_live/3-anonymous-1-'/2    36769  [16.65]
http_gun@internal@pool:'-make_room/3-anonymous-0-'/3     34180  [15.48]
http_gun@internal@pool:option_port/2                     19222  [ 8.70]
http_gun@internal@pool:origin/1                          19222  [ 8.70]
http_gun@internal@pool:admit_live/3                       9611  [ 4.35]
http_gun@internal@pool:admit/3                            9611  [ 4.35]
http_gun@internal@pool:make_room/3                        9509  [ 4.31]
http_gun@internal@pool:'-dispatch/1-anonymous-1-'/3       9509  [ 4.31]
http_gun@internal@pool:'-dispatch/1-anonymous-0-'/1       9509  [ 4.31]
http_gun@internal@pool:'-open_request/5-anonymous-1-'/1   4952  [ 2.24]
http_gun@internal@pool:'-open_request/5-anonymous-0-'/1   4851  [ 2.20]
http_gun@internal@pool:'-process_lost/2-anonymous-8-'/2   4557  [ 2.06]
http_gun@internal@pool:'-process_lost/2-anonymous-2-'/2   4557  [ 2.06]
http_gun@internal@pool:'-admit_live/3-anonymous-2-'/1      965  [ 0.44]
http_gun@internal@pool:'-validate/2-anonymous-2-'/2        510  [ 0.23]
http_gun@internal@pool:'-validate/2-anonymous-1-'/2        510  [ 0.23]
http_gun@internal@pool:'-validate/2-anonymous-0-'/2        510  [ 0.23]
http_gun@internal@pool:'-process_lost/2-anonymous-5-'/2    496  [ 0.22]
http_gun@internal@pool:'-process_lost/2-anonymous-4-'/2    496  [ 0.22]
http_gun@internal@pool:'-release_body/4-anonymous-2-'/2    405  [ 0.18]
http_gun@internal@pool:'-release_body/4-anonymous-1-'/3    397  [ 0.18]
http_gun@internal@pool:'-process_lost/2-anonymous-7-'/3    396  [ 0.18]
http_gun@internal@pool:'-process_lost/2-anonymous-0-'/2    396  [ 0.18]
http_gun@internal@pool:'-launch/3-anonymous-1-'/2          391  [ 0.18]
http_gun@internal@pool:'-release_body/4-anonymous-0-'/2    383  [ 0.17]
http_gun@internal@pool:handle/2                            314  [ 0.14]
http_gun@internal@pool:dispatch/1                          211  [ 0.10]
http_gun@internal@pool:process_lost/2                      103  [ 0.05]
http_gun@internal@pool:'-start_mode/2-anonymous-2-'/1      103  [ 0.05]
http_gun@internal@pool:config/1                            102  [ 0.05]
http_gun@internal@pool:validate/2                          102  [ 0.05]
http_gun@internal@pool:open/2                              102  [ 0.05]
http_gun@internal@pool:launch/3                            102  [ 0.05]
http_gun@internal@pool:release_body/4                      102  [ 0.05]
http_gun@internal@pool:reserve_capture/2                   102  [ 0.05]
http_gun@internal@pool:open_request/5                      102  [ 0.05]
http_gun@internal@pool:'-launch/3-anonymous-0-'/3          102  [ 0.05]
http_gun@internal@pool:'-open/2-anonymous-1-'/3            102  [ 0.05]
http_gun@internal@pool:'-open/2-anonymous-0-'/3            102  [ 0.05]
http_gun@internal@pool:'-validate/2-anonymous-5-'/3        102  [ 0.05]
http_gun@internal@pool:'-handle/2-anonymous-6-'/4           11  [ 0.00]
http_gun@internal@pool:'-start_mode/2-anonymous-3-'/1        6  [ 0.00]
http_gun@internal@pool:'-handle/2-anonymous-11-'/1           4  [ 0.00]
http_gun@internal@pool:stop/1                                1  [ 0.00]
http_gun@internal@pool:start_mode/2                          1  [ 0.00]
http_gun@internal@pool:start/1                               1  [ 0.00]
http_gun@internal@pool:'-start_mode/2-anonymous-6-'/2        1  [ 0.00]
http_gun@internal@pool:'-start_mode/2-anonymous-5-'/3        1  [ 0.00]
http_gun@internal@pool:'-start_mode/2-anonymous-4-'/3        1  [ 0.00]
http_gun@internal@pool:'-handle/2-anonymous-4-'/2            1  [ 0.00]
http_gun@internal@pool:'-handle/2-anonymous-0-'/2            1  [ 0.00]
http_gun@internal@pool:'-stop/1-anonymous-0-'/1              1  [ 0.00]
                                                                [100.0]
