{"client":"gun","scenario":"buffered","requests":500,"connection_cap":4,"trial":"narrow-profile","elapsed_us":244568,"p50_us":181998,"p95_us":240705,"p99_us":241802,"connections":4,"failures":0,"failure_examples":[],"bytes":1500,"peak_vm_bytes":61266284,"peak_total_mailbox":393,"peak_one_mailbox":393,"peak_processes":592,"peak_ports":11}
FUNCTION                                                  CALLS  [    %]
http_gun@internal@pool:'-admit_live/3-anonymous-0-'/2    984313  [17.28]
http_gun@internal@pool:'-admit_live/3-anonymous-1-'/2    983064  [17.26]
http_gun@internal@pool:'-make_room/3-anonymous-0-'/3     974120  [17.10]
http_gun@internal@pool:option_port/2                     494534  [ 8.68]
http_gun@internal@pool:origin/1                          494534  [ 8.68]
http_gun@internal@pool:admit_live/3                      247267  [ 4.34]
http_gun@internal@pool:admit/3                           247267  [ 4.34]
http_gun@internal@pool:make_room/3                       246765  [ 4.33]
http_gun@internal@pool:'-dispatch/1-anonymous-1-'/3      246765  [ 4.33]
http_gun@internal@pool:'-dispatch/1-anonymous-0-'/1      246765  [ 4.33]
http_gun@internal@pool:'-open_request/5-anonymous-1-'/1  124258  [ 2.18]
http_gun@internal@pool:'-open_request/5-anonymous-0-'/1  123757  [ 2.17]
http_gun@internal@pool:'-process_lost/2-anonymous-8-'/2  122507  [ 2.15]
http_gun@internal@pool:'-process_lost/2-anonymous-2-'/2  122507  [ 2.15]
http_gun@internal@pool:'-admit_live/3-anonymous-2-'/1      3236  [ 0.06]
http_gun@internal@pool:'-validate/2-anonymous-2-'/2        2510  [ 0.04]
http_gun@internal@pool:'-validate/2-anonymous-1-'/2        2510  [ 0.04]
http_gun@internal@pool:'-validate/2-anonymous-0-'/2        2510  [ 0.04]
http_gun@internal@pool:'-process_lost/2-anonymous-5-'/2    2498  [ 0.04]
http_gun@internal@pool:'-process_lost/2-anonymous-4-'/2    2498  [ 0.04]
http_gun@internal@pool:'-release_body/4-anonymous-2-'/2    2006  [ 0.04]
http_gun@internal@pool:'-release_body/4-anonymous-1-'/3    1998  [ 0.04]
http_gun@internal@pool:'-process_lost/2-anonymous-7-'/3    1997  [ 0.04]
http_gun@internal@pool:'-process_lost/2-anonymous-0-'/2    1997  [ 0.04]
http_gun@internal@pool:'-launch/3-anonymous-1-'/2          1992  [ 0.03]
http_gun@internal@pool:'-release_body/4-anonymous-0-'/2    1986  [ 0.03]
http_gun@internal@pool:handle/2                            1514  [ 0.03]
http_gun@internal@pool:dispatch/1                          1011  [ 0.02]
http_gun@internal@pool:process_lost/2                       503  [ 0.01]
http_gun@internal@pool:'-start_mode/2-anonymous-2-'/1       503  [ 0.01]
http_gun@internal@pool:config/1                             502  [ 0.01]
http_gun@internal@pool:validate/2                           502  [ 0.01]
http_gun@internal@pool:open/2                               502  [ 0.01]
http_gun@internal@pool:launch/3                             502  [ 0.01]
http_gun@internal@pool:release_body/4                       502  [ 0.01]
http_gun@internal@pool:reserve_capture/2                    502  [ 0.01]
http_gun@internal@pool:open_request/5                       502  [ 0.01]
http_gun@internal@pool:'-launch/3-anonymous-0-'/3           502  [ 0.01]
http_gun@internal@pool:'-open/2-anonymous-1-'/3             502  [ 0.01]
http_gun@internal@pool:'-open/2-anonymous-0-'/3             502  [ 0.01]
http_gun@internal@pool:'-validate/2-anonymous-5-'/3         502  [ 0.01]
http_gun@internal@pool:'-handle/2-anonymous-6-'/4            11  [ 0.00]
http_gun@internal@pool:'-start_mode/2-anonymous-3-'/1         6  [ 0.00]
http_gun@internal@pool:'-handle/2-anonymous-11-'/1            4  [ 0.00]
http_gun@internal@pool:stop/1                                 1  [ 0.00]
http_gun@internal@pool:start_mode/2                           1  [ 0.00]
http_gun@internal@pool:start/1                                1  [ 0.00]
http_gun@internal@pool:'-start_mode/2-anonymous-6-'/2         1  [ 0.00]
http_gun@internal@pool:'-start_mode/2-anonymous-5-'/3         1  [ 0.00]
http_gun@internal@pool:'-start_mode/2-anonymous-4-'/3         1  [ 0.00]
http_gun@internal@pool:'-handle/2-anonymous-4-'/2             1  [ 0.00]
http_gun@internal@pool:'-handle/2-anonymous-0-'/2             1  [ 0.00]
http_gun@internal@pool:'-stop/1-anonymous-0-'/1               1  [ 0.00]
                                                                 [100.0]
