{"client":"gun","scenario":"buffered","requests":1000,"connection_cap":4,"trial":"profile","elapsed_us":5844167,"p50_us":5097176,"p95_us":5837818,"p99_us":5837954,"connections":4,"failures":362,"failure_examples":["Failure(ConnectionFailed, NotSubmitted)","Failure(ConnectionFailed, NotSubmitted)","Failure(ConnectionFailed, NotSubmitted)"],"bytes":1914,"peak_vm_bytes":80108340,"peak_total_mailbox":879,"peak_one_mailbox":879,"peak_processes":1092,"peak_ports":11}
FUNCTION                                                        CALLS  TIME (us)  PER CALL  [    %]
string:lowercase_bin/3                                       20189754    1340849      0.07  [20.33]
gleam@list:find/2                                             8643590     711486      0.08  [10.79]
gleam@list:filter_loop/3                                      4783239     387591      0.08  [ 5.88]
unicode_util:lowercase/1                                      2242383     298528      0.13  [ 4.53]
unicode_util:cp/1                                             4484766     257537      0.06  [ 3.90]
erlang:raise/3                                                2241756     235900      0.11  [ 3.58]
http_gun@internal@pool:admit_live/3                            871207     232291      0.27  [ 3.52]
http_gun@internal@pool:origin/1                               1744204     232185      0.13  [ 3.52]
erlang:processes/0                                                473     222384    470.16  [ 3.37]
erlang:ports/0                                                    473     218359    461.65  [ 3.31]
http_gun@internal@pool:'-make_room/3-anonymous-0-'/3          3443788     187325      0.05  [ 2.84]
http_gun@internal@pool:'-admit_live/3-anonymous-0-'/2         3465738     182370      0.05  [ 2.76]
http_gun@internal@pool:'-admit_live/3-anonymous-1-'/2         3464136     178276      0.05  [ 2.70]
gleam@list:map_loop/3                                         1376835     124013      0.09  [ 1.88]
unicode_util:case_table/1                                     2242383     122658      0.05  [ 1.86]
gleam@list:unique_loop/3                                      1370051     113892      0.08  [ 1.73]
string:lowercase/1                                            2242383     109897      0.05  [ 1.67]
http_gun@internal@pool:make_room/3                             870563      93676      0.11  [ 1.42]
http_gun@internal@pool:option_port/2                          1744204      91039      0.05  [ 1.38]
gleam@list:fold/3                                              875071      78909      0.09  [ 1.20]
lists:reverse/1                                                884385      76804      0.09  [ 1.16]
http_gun_ffi:now/0                                             882201      72621      0.08  [ 1.10]
gleam@dict:has_key/2                                          1367744      69896      0.05  [ 1.06]
erlang:monotonic_time/1                                        884203      69567      0.08  [ 1.05]
lists:reverse/2                                                874999      55921      0.06  [ 0.85]
http_gun_measure_ffi:'-sample/1-lc$^0/1-0-'/1                  405618      55905      0.14  [ 0.85]
http_gun@internal@pool:'-open_request/5-anonymous-0-'/1        496901      46951      0.09  [ 0.71]
gleam@list:filter/2                                            873823      41713      0.05  [ 0.63]
gleam@list:count_loop/3                                        498904      41573      0.08  [ 0.63]
http_gun@internal@pool:'-dispatch/1-anonymous-0-'/1            870205      39916      0.05  [ 0.61]
erlang:process_info/2                                          406804      39605      0.10  [ 0.60]
http_gun@internal@pool:'-dispatch/1-anonymous-1-'/3            870205      39063      0.04  [ 0.59]
http_gun@internal@pool:admit/3                                 871207      38848      0.04  [ 0.59]
gleam@list:partition_loop/4                                    436145      37704      0.09  [ 0.57]
erlang:au_mem_blocks/2                                         471108      32678      0.07  [ 0.50]
erts_internal:prepare_loading/2                                    46      28115    611.20  [ 0.43]
http_gun@internal@pool:'-open_request/5-anonymous-1-'/1        497902      22033      0.04  [ 0.33]
gleam@list:any/2                                               467147      22026      0.05  [ 0.33]
erlang:au_mem_current/3                                        218999      20414      0.09  [ 0.31]
lists:sum/2                                                    405544      20213      0.05  [ 0.31]
lists:max/2                                                    405544      20164      0.05  [ 0.31]
http_gun@internal@pool:'-process_lost/2-anonymous-2-'/2        434058      19403      0.04  [ 0.29]
http_gun@internal@pool:'-process_lost/2-anonymous-8-'/2        433700      19302      0.04  [ 0.29]
erlang:system_info/1                                             1513      19102     12.63  [ 0.29]
erlang:au_mem_blocks_1/2                                       208718      13920      0.07  [ 0.21]
erts_internal:port_command/3                                     1286      12944     10.07  [ 0.20]
erlang:au_mem_acc/3                                             51682       8881      0.17  [ 0.13]
erlang:finish_loading/1                                            46       7918    172.13  [ 0.12]
gleam_erlang_ffi:select/2                                        9724       7823      0.80  [ 0.12]
erlang:send/2                                                    9427       6956      0.74  [ 0.11]
erlang:au_mem_data/2                                            61490       6353      0.10  [ 0.10]
erlang:acc_blocks_size/2                                       103364       5786      0.06  [ 0.09]
erlang:get_fix_proc/2                                           98384       5481      0.06  [ 0.08]
binary:match/2                                                  20244       5369      0.27  [ 0.08]
erlang:monitor/2                                                 8546       4399      0.51  [ 0.07]
unicode:characters_to_binary/2                                  18039       4314      0.24  [ 0.07]
erlang:spawn_link/3                                              1647       3931      2.39  [ 0.06]
string:bin_search_str/4                                         17034       3905      0.23  [ 0.06]
erts_internal:port_control/3                                     1366       3713      2.72  [ 0.06]
string:bin_search_str_1/4                                       17034       3694      0.22  [ 0.06]
prim_file:read_file_nif/1                                         432       3567      8.26  [ 0.05]
gleam_erlang_ffi:insert_selector_handler/3                      21383       2820      0.13  [ 0.04]
erlang:cancel_timer/1                                            4858       2778      0.57  [ 0.04]
unicode:characters_to_binary/1                                  18037       2707      0.15  [ 0.04]
erlang:demonitor/2                                               6011       2635      0.44  [ 0.04]
binary:compile_pattern/1                                        17034       2510      0.15  [ 0.04]
unicode:characters_to_list/1                                    17034       2496      0.15  [ 0.04]
gleam_stdlib:contains_string/2                                  17034       2478      0.15  [ 0.04]
string:find/3                                                   17034       2430      0.14  [ 0.04]
string:find_l/2                                                 17034       2360      0.14  [ 0.04]
erlang:'++'/2                                                    2792       2313      0.83  [ 0.04]
erlang:send_after/3                                              2926       2227      0.76  [ 0.03]
erl_prim_loader:archive_split/3                                 47225       2168      0.05  [ 0.03]
http_gun@internal@call:with_failure/3                            2923       1967      0.67  [ 0.03]
unicode:characters_to_list/2                                    17040       1815      0.11  [ 0.03]
gleam_erlang_ffi:select/1                                        9079       1808      0.20  [ 0.03]
gleam@otp@actor:receive_message/1                                6156       1794      0.29  [ 0.03]
erlang:receive_emd/3                                             6149       1653      0.27  [ 0.03]
http_gun_test_server:request_loop/2                              1282       1453      1.13  [ 0.02]
gleam@otp@actor:loop/1                                           6156       1325      0.22  [ 0.02]
cow_http1:clean_value_ws_end/2                                   1280       1324      1.03  [ 0.02]
gleam_erlang_ffi:'receive'/2                                     1000       1320      1.32  [ 0.02]
gleam@dynamic@decode:decode_int/1                                4846       1304      0.27  [ 0.02]
gun:reply/2                                                      1290       1280      0.99  [ 0.02]
gun_http:send_request/13                                          640       1260      1.97  [ 0.02]
gleam@erlang@process:cancel_timer/1                              4846       1102      0.23  [ 0.02]
cow_http1:parse_hd_name/3                                       17918       1094      0.06  [ 0.02]
erts_internal:await_result/1                                     1605       1089      0.68  [ 0.02]
http_gun_measure_ffi:sample/1                                     473       1085      2.29  [ 0.02]
erlang:iolist_to_binary/1                                        2569       1073      0.42  [ 0.02]
erlang:au_mem_fix/2                                              6149       1070      0.17  [ 0.02]
gun:request/6                                                     644       1066      1.66  [ 0.02]
gen_statem:loop/3                                                1288       1052      0.82  [ 0.02]
string:find/2                                                   17034       1046      0.06  [ 0.02]
erlang:port_command/3                                            1280       1033      0.81  [ 0.02]
http_gun@body:handle/2                                           3849       1016      0.26  [ 0.02]
gleam_erlang_ffi:'-map_selector/2-fun-0-'/3                      6156        993      0.16  [ 0.02]
http_gun@body:'-start/9-anonymous-3-'/1                          1280        979      0.76  [ 0.01]
gleam_stdlib:inspect_maybe_gleam_atom/3                         14500        974      0.07  [ 0.01]
binary:split/3                                                   1278        886      0.69  [ 0.01]
gleam@erlang@process:send/2                                      8779        858      0.10  [ 0.01]
binary:split/2                                                   1917        837      0.44  [ 0.01]
gleam@result:'try'/2                                             8507        815      0.10  [ 0.01]
http_gun@internal@pool:'-validate/2-anonymous-5-'/3              1002        709      0.71  [ 0.01]
erlang:fix_proc/2                                                6149        698      0.11  [ 0.01]
http_gun@body:continue/1                                         3209        685      0.21  [ 0.01]
http_gun@internal@pool:open_request/5                            1002        666      0.66  [ 0.01]
gleam_erlang_ffi:merge_selector/2                                6156        654      0.11  [ 0.01]
gun_http:handle/5                                                1280        648      0.51  [ 0.01]
gun:handle_common_connected_no_input/4                            644        641      1.00  [ 0.01]
gleam@dynamic@decode:run/2                                       4846        635      0.13  [ 0.01]
prim_inet:send/3                                                 1280        628      0.49  [ 0.01]
http_gun@internal@pool:'-admit_live/3-anonymous-2-'/1            9619        628      0.07  [ 0.01]
erlang:aa_mem_data/2                                             9460        627      0.07  [ 0.01]
gleam@erlang@process:new_subject/0                               4214        613      0.15  [ 0.01]
erlang:term_to_binary/2                                          1280        593      0.46  [ 0.01]
gleam@erlang@process:demonitor_process/1                         4570        584      0.13  [ 0.01]
http_gun@body:deliver_ready/1                                    5770        570      0.10  [ 0.01]
lists:keyfind/3                                                  3875        540      0.14  [ 0.01]
prim_inet:send/4                                                 1280        535      0.42  [ 0.01]
cow_http1:parse_hd_value/4                                       7993        532      0.07  [ 0.01]
gleam@erlang@process:'-select_map/3-anonymous-0-'/2              7779        508      0.07  [ 0.01]
gleam@erlang@process:monitor/1                                   7152        501      0.07  [ 0.01]
gleam@list:filter_map_loop/3                                     5200        487      0.09  [ 0.01]
erts_internal:open_port/2                                           9        480     53.33  [ 0.01]
gleam@otp@actor:start/1                                           645        477      0.74  [ 0.01]
maps:merge/2                                                     6157        464      0.08  [ 0.01]
proc_lib:init_p/3                                                1645        451      0.27  [ 0.01]
gleam_erlang_ffi:new_selector/0                                 10369        448      0.04  [ 0.01]
gen_statem:loop_state_callback/11                                1311        433      0.33  [ 0.01]
http_gun@internal@pool:dispatch/1                                1304        431      0.33  [ 0.01]
erlang:pid_to_list/1                                              639        428      0.67  [ 0.01]
cow_http_hd:digits/3                                             1280        424      0.33  [ 0.01]
gen_tcp:send/2                                                   1280        423      0.33  [ 0.01]
gun:connected/3                                                  1284        419      0.33  [ 0.01]
gun_http:handle_response/8                                        640        416      0.65  [ 0.01]
proc_lib:spawn_link/1                                            1645        411      0.25  [ 0.01]
http_gun@internal@pool:launch/3                                   644        406      0.63  [ 0.01]
erlang:unlink/1                                                   644        400      0.62  [ 0.01]
http_gun_test_server:content_length/1                            1278        391      0.31  [ 0.01]
gleam_stdlib:uppercase/1                                         1818        387      0.21  [ 0.01]
gun:commands/2                                                   3839        383      0.10  [ 0.01]
gleam_stdlib:string_starts_with/2                                1002        378      0.38  [ 0.01]
prim_inet:recv0/3                                                 644        362      0.56  [ 0.01]
inet_db:lookup_socket/1                                          1930        357      0.18  [ 0.01]
gun_http:conn_from_headers/2                                     1280        357      0.28  [ 0.01]
erlang:integer_to_binary/1                                       1933        354      0.18  [ 0.01]
http_gun@internal@pool:process_lost/2                             650        353      0.54  [ 0.01]
erlang:make_ref/0                                                7627        341      0.04  [ 0.01]
gleam@otp@actor:continue/1                                       5511        338      0.06  [ 0.01]
gleam@list:merge_ascendings/4                                    3782        337      0.09  [ 0.01]
gun_http:handle_head/5                                            640        331      0.52  [ 0.01]
gleam_erlang_ffi:demonitor/1                                     4570        312      0.07  [ 0.00]
proc_lib:get_my_name/0                                           1652        308      0.19  [ 0.00]
cow_http1:parse_header/2                                         1920        308      0.16  [ 0.00]
gen_statem:loop_msg/4                                            1288        300      0.23  [ 0.00]
gun_http:response_io_from_headers/4                               640        299      0.47  [ 0.00]
gleam@dict:insert/3                                              2299        294      0.13  [ 0.00]
gleam@erlang@process:select_other/2                              6801        294      0.04  [ 0.00]
gun_http:upgrade_from_headers/1                                   640        291      0.45  [ 0.00]
erlang:port_get_data/1                                           1930        277      0.14  [ 0.00]
erlang:binary_to_integer/1                                       1281        272      0.21  [ 0.00]
gleam@int:compare/2                                              5862        271      0.05  [ 0.00]
http_gun@internal@pool:'-process_lost/2-anonymous-7-'/3          2565        271      0.11  [ 0.00]
erlang:memory/1                                                   473        270      0.57  [ 0.00]
comparison:gather/3                                              1001        267      0.27  [ 0.00]
cow_http1:parse_hd_before_value/3                                2560        264      0.10  [ 0.00]
http_gun@internal@pool:'-process_lost/2-anonymous-4-'/2          3211        253      0.08  [ 0.00]
erl_prim_loader:is_prefix/2                                      5595        251      0.04  [ 0.00]
prim_inet:ctl_cmd/3                                              1366        250      0.18  [ 0.00]
proc_lib:proc_info/2                                             1652        244      0.15  [ 0.00]
gleam@list:map/2                                                 3601        239      0.07  [ 0.00]
http_gun@internal@pool:'-release_body/4-anonymous-1-'/3          2554        236      0.09  [ 0.00]
erlang:port_control/3                                            1366        235      0.17  [ 0.00]
gun_content_handler:init/5                                       1280        232      0.18  [ 0.00]
gleam@list:each/2                                                2017        229      0.11  [ 0.00]
gleam@otp@actor:'-initialise_actor/3-anonymous-3-'/1             6156        229      0.04  [ 0.00]
cow_http1:parse_status_line/1                                     640        228      0.36  [ 0.00]
prim_file:internal_name2native/1                                  432        226      0.52  [ 0.00]
gun_http:request/13                                               640        221      0.35  [ 0.00]
gun_http:stream_ref/2                                            2560        221      0.09  [ 0.00]
http_gun@internal@pool:'-release_body/4-anonymous-0-'/2          2554        220      0.09  [ 0.00]
http_gun@internal@pool:'-validate/2-anonymous-0-'/2              5010        219      0.04  [ 0.00]
cow_http1:'-request/4-lc$^0/1-0-'/1                              1920        218      0.11  [ 0.00]
gleam@erlang@process:select_record/4                             6156        215      0.03  [ 0.00]
inet_tcp:send/2                                                  1280        213      0.17  [ 0.00]
gun_http:new_stream/8                                             640        212      0.33  [ 0.00]
http_gun@internal@pool:release_body/4                             644        207      0.32  [ 0.00]
gun_http:stream_ref/1                                            2560        206      0.08  [ 0.00]
gleam@erlang@process:'-select/2-anonymous-0-'/1                  7134        202      0.03  [ 0.00]
gleam@list:unique/1                                              2307        202      0.09  [ 0.00]
erlang:list_to_binary/1                                           645        201      0.31  [ 0.00]
gun_http:send_data/3                                              640        197      0.31  [ 0.00]
gun:dereference_stream_ref/2                                      640        194      0.30  [ 0.00]
http_gun@internal@pool:'-launch/3-anonymous-1-'/2                2560        192      0.08  [ 0.00]
prim_inet:async_recv/3                                            644        190      0.30  [ 0.00]
cow_http1:request/4                                               640        189      0.30  [ 0.00]
http_gun@body:read/4                                             1280        188      0.15  [ 0.00]
erts_internal:binary_to_integer/2                                1281        188      0.15  [ 0.00]
gun_http:match_header_section_end/2                               640        186      0.29  [ 0.00]
http_gun@body:deliver/1                                          5770        185      0.03  [ 0.00]
gen_statem:loop_state_callback_result/11                         1311        183      0.14  [ 0.00]
gen_tcp:recv/3                                                    644        179      0.28  [ 0.00]
erlang:au_mem_data/1                                              473        177      0.37  [ 0.00]
gleam@erlang@process:send_after/3                                2926        176      0.06  [ 0.00]
maps:put/3                                                       2299        176      0.08  [ 0.00]
http_gun@body:'-start/9-anonymous-4-'/9                           644        175      0.27  [ 0.00]
prim_inet:setopts/2                                               665        175      0.26  [ 0.00]
comparison_adapter:gun_request/2                                 1002        174      0.17  [ 0.00]
gen_statem:loop_event/5                                          1311        174      0.13  [ 0.00]
gleam_stdlib:int/1                                               4846        173      0.04  [ 0.00]
gun_http:host_header/3                                            640        172      0.27  [ 0.00]
gleam@int:max/2                                                  4849        171      0.04  [ 0.00]
erlang:'--'/2                                                     473        170      0.36  [ 0.00]
cow_http:request/4                                                640        170      0.27  [ 0.00]
gun_content_handler:handle/5                                      640        169      0.26  [ 0.00]
http_gun@internal@pool:'-process_lost/2-anonymous-5-'/2          3211        168      0.05  [ 0.00]
http_gun@internal@pool:handle/2                                  2307        167      0.07  [ 0.00]
gleam@result:map_error/2                                         4570        163      0.04  [ 0.00]
erts_internal:garbage_collect/1                                    46        163      3.54  [ 0.00]
inet:setopts/2                                                    644        162      0.25  [ 0.00]
gleam_erlang_ffi:identity/1                                      4214        160      0.04  [ 0.00]
binary:at/2                                                      1280        160      0.13  [ 0.00]
erlang:iolist_size/1                                              640        158      0.25  [ 0.00]
gen_statem:loop_state_transition/9                               1311        157      0.12  [ 0.00]
http_gun@body:start/9                                             644        155      0.24  [ 0.00]
gun_http:scheme/1                                                1280        153      0.12  [ 0.00]
gen_statem:loop_msg_event/5                                      1288        149      0.12  [ 0.00]
http_gun@internal@pool:'-process_lost/2-anonymous-0-'/2          2565        149      0.06  [ 0.00]
gun:active/1                                                      644        147      0.23  [ 0.00]
gleam@erlang@process:select_specific_monitor/3                   3568        146      0.04  [ 0.00]
gen_statem:loop_actions/10                                       1311        142      0.11  [ 0.00]
gen_statem:loop_keep_state/9                                     1289        142      0.11  [ 0.00]
gleam@erlang@process:select_map/3                                4213        142      0.03  [ 0.00]
http_gun@internal@pool:'-release_body/4-anonymous-2-'/2          2554        140      0.05  [ 0.00]
gleam@erlang@process:'-select_monitors/2-anonymous-0-'/2          655        139      0.21  [ 0.00]
gen_statem:loop_done/5                                           1311        137      0.10  [ 0.00]
gleam@erlang@process:unlink/1                                     644        136      0.21  [ 0.00]
lists:keydelete3/3                                               1402        135      0.10  [ 0.00]
http_gun@internal@pool:'-handle/2-anonymous-1-'/2                1432        134      0.09  [ 0.00]
gen_statem:loop_next_events/10                                   1311        133      0.10  [ 0.00]
proc_lib:get_ancestors/0                                         1652        132      0.08  [ 0.00]
lists:keydelete/3                                                1316        131      0.10  [ 0.00]
gen_statem:loop_done/4                                           1311        127      0.10  [ 0.00]
inet:'-setopts/2-lc$^0/1-0-'/1                                   1288        125      0.10  [ 0.00]
http_gun@body:observe/2                                          1920        121      0.06  [ 0.00]
lists:append/2                                                   1642        120      0.07  [ 0.00]
gun:maybe_active/1                                                640        119      0.19  [ 0.00]
code_server:call/1                                                 92        118      1.28  [ 0.00]
comparison:'-concurrent/3-anonymous-1-'/4                        1000        117      0.12  [ 0.00]
gleam@list:merge_descendings/4                                   1229        117      0.10  [ 0.00]
gleam@otp@actor:'-start/1-anonymous-1-'/1                         645        115      0.18  [ 0.00]
cow_http_hd:parse_content_length/1                                640        114      0.18  [ 0.00]
gun_http:end_keepalive_stream/5                                   639        112      0.18  [ 0.00]
prim_inet:enc_opt_val/2                                          1400        111      0.08  [ 0.00]
http_gun@internal@pool:'-validate/2-anonymous-1-'/2              5010        109      0.02  [ 0.00]
gun_tcp:send/2                                                    640        109      0.17  [ 0.00]
prim_inet:encode_opt_val/1                                        665        108      0.16  [ 0.00]
erlang:put/2                                                     3324        107      0.03  [ 0.00]
gun:'-dereference_stream_ref/2-lc$^0/1-0-'/1                      640        107      0.17  [ 0.00]
erl_prim_loader:client_or_request/2                               432        106      0.25  [ 0.00]
erlang:receive_emd/1                                              473        104      0.22  [ 0.00]
prim_inet:enc_time/1                                              656        100      0.15  [ 0.00]
gun_tcp:setopts/2                                                 644         99      0.15  [ 0.00]
gleam@list:drop/2                                                2440         98      0.04  [ 0.00]
gleam@erlang@process:'receive'/2                                 1000         97      0.10  [ 0.00]
gun_cookies:add_cookie_header/5                                   640         97      0.15  [ 0.00]
cow_http:parse_status_line/1                                      640         96      0.15  [ 0.00]
gun_data_h:handle/3                                               640         93      0.15  [ 0.00]
gun_tcp:name/0                                                    640         93      0.15  [ 0.00]
gleam@list:sequences/6                                            851         93      0.11  [ 0.00]
gleam_stdlib:inspect_atom/1                                      1086         92      0.08  [ 0.00]
gun:handle_common_connected/4                                     644         90      0.14  [ 0.00]
gleam@result:map/2                                               1643         89      0.05  [ 0.00]
cow_http1:version/1                                               640         89      0.14  [ 0.00]
gun_default_event_h:request_start/2                               640         88      0.14  [ 0.00]
gun_http:transform_header_names/2                                 640         88      0.14  [ 0.00]
ets:insert/2                                                       64         88      1.38  [ 0.00]
http_gun@body:'-start/9-anonymous-5-'/10                          644         87      0.14  [ 0.00]
http_gun_test_server:read_body/3                                  639         87      0.14  [ 0.00]
gleam_erlang_ffi:cast_down_message/1                              655         85      0.13  [ 0.00]
gun_default_event_h:request_headers/2                             640         82      0.13  [ 0.00]
http_gun@internal@pool:'-validate/2-anonymous-2-'/2              5010         81      0.02  [ 0.00]
prim_file:read_file/1                                             432         81      0.19  [ 0.00]
erlang:aa_mem_data/1                                              473         80      0.17  [ 0.00]
gun_default_event_h:request_end/2                                 640         80      0.13  [ 0.00]
gun_data_h:init/5                                                 640         80      0.13  [ 0.00]
inet_tcp:recv/3                                                   644         79      0.12  [ 0.00]
erl_prim_loader:name_split/2                                      432         77      0.18  [ 0.00]
gleam_stdlib:classify_dynamic/1                                  1920         75      0.04  [ 0.00]
cow_http:parse_headers/1                                          640         74      0.12  [ 0.00]
erts_internal:no_aux_work_threads/0                               473         73      0.15  [ 0.00]
code_server:mod_to_bin/3                                          436         73      0.17  [ 0.00]
gun_content_handler:handle/3                                      640         72      0.11  [ 0.00]
cow_http_hd:digits/1                                              640         69      0.11  [ 0.00]
comparison:'-main/0-anonymous-1-'/1                              1000         69      0.07  [ 0.00]
gun_http:initial_flow/2                                           640         68      0.11  [ 0.00]
erts_internal:port_close/1                                         13         68      5.23  [ 0.00]
gun_http:end_stream/1                                             640         67      0.10  [ 0.00]
gleam_stdlib:inspect/1                                           1086         67      0.06  [ 0.00]
cow_http1:parse_headers/1                                         640         67      0.10  [ 0.00]
gleam@list:count/2                                               1002         67      0.07  [ 0.00]
gleam@otp@actor:new_with_initialiser/2                            645         67      0.10  [ 0.00]
gun_default_event_h:response_start/2                              640         65      0.10  [ 0.00]
erl_prim_loader:read_file/1                                       432         65      0.15  [ 0.00]
gun_default_event_h:response_headers/2                            640         64      0.10  [ 0.00]
prim_inet:recv/3                                                  644         64      0.10  [ 0.00]
lists:max/1                                                       473         64      0.14  [ 0.00]
gleam@otp@actor:on_message/2                                      645         64      0.10  [ 0.00]
filename:append/2                                                 432         63      0.15  [ 0.00]
gleam@erlang@process:subject_owner/1                             2923         62      0.02  [ 0.00]
gleam@erlang@process:select/2                                    3568         62      0.02  [ 0.00]
gleam@list:partition/2                                            655         62      0.09  [ 0.00]
http_gun@internal@pool:'-handle/2-anonymous-2-'/2                1432         61      0.04  [ 0.00]
code_server:reply/2                                                92         61      0.66  [ 0.00]
http_gun@body:check_headers/2                                    2282         60      0.03  [ 0.00]
gun_cookies:set_cookie_header/7                                   640         60      0.09  [ 0.00]
gleam@list:filter_map/2                                           646         60      0.09  [ 0.00]
gun_default_event_h:response_end/2                                640         59      0.09  [ 0.00]
http_gun@internal@pool:reject_with/2                              358         59      0.16  [ 0.00]
gleam@list:repeat_loop/3                                         1000         53      0.05  [ 0.00]
comparison:one/3                                                 1000         52      0.05  [ 0.00]
gleam_erlang_ffi:cast_exit_reason/1                               655         52      0.08  [ 0.00]
code_server:loop/1                                                 92         52      0.57  [ 0.00]
http_gun_measure_ffi:now/0                                       2002         51      0.03  [ 0.00]
persistent_term:get/1                                             478         51      0.11  [ 0.00]
http_gun@internal@pool:reserve_capture/2                         1002         51      0.05  [ 0.00]
gen:do_call/4                                                      14         50      3.57  [ 0.00]
comparison:'-main/0-anonymous-0-'/1                              1000         50      0.05  [ 0.00]
comparison:'-concurrent/3-anonymous-0-'/3                        1000         50      0.05  [ 0.00]
http_gun@internal@pool:'-start_mode/2-anonymous-2-'/1             650         50      0.08  [ 0.00]
lists:sum/1                                                       473         50      0.11  [ 0.00]
erlang:spawn/3                                                      6         49      8.17  [ 0.00]
gleam@result:flatten/1                                           1002         48      0.05  [ 0.00]
http_gun@body:finish/2                                           1285         48      0.04  [ 0.00]
prim_file:encode_path/1                                           432         47      0.11  [ 0.00]
erlang:get_memval/2                                               473         46      0.10  [ 0.00]
erl_prim_loader:get_loader_config/0                               432         46      0.11  [ 0.00]
erl_prim_loader:reverse/1                                         432         46      0.11  [ 0.00]
erlang:monitor/3                                                   52         45      0.87  [ 0.00]
comparison:'-main/0-anonymous-2-'/1                              1000         41      0.04  [ 0.00]
http_gun@body:'-next/2-anonymous-0-'/2                           1280         40      0.03  [ 0.00]
http_gun@body:wire/2                                             1280         39      0.03  [ 0.00]
http_gun@body:'-collect_loop/4-anonymous-0-'/5                   1280         38      0.03  [ 0.00]
http_gun@body:pump_capture/1                                     3205         37      0.01  [ 0.00]
gleam_stdlib:bit_array_concat/1                                   640         37      0.06  [ 0.00]
erl_prim_loader:check_file_result/3                               432         37      0.09  [ 0.00]
http_gun:'-with_response/3-anonymous-1-'/1                        640         35      0.05  [ 0.00]
erlang:spawn_opt/4                                                  8         34      4.25  [ 0.00]
http_gun@internal@pool:'-process_lost/2-anonymous-1-'/2           358         33      0.09  [ 0.00]
code_server:handle_loader/4                                        92         32      0.35  [ 0.00]
http_gun@body:'-close/1-anonymous-0-'/1                           640         30      0.05  [ 0.00]
maps:map_1/3                                                     2580         30      0.01  [ 0.00]
erl_prim_loader:deep_member/2                                     625         28      0.04  [ 0.00]
gleam@otp@actor:initialise_actor/3                                645         28      0.04  [ 0.00]
erlang:fun_info_mfa/1                                            1645         27      0.02  [ 0.00]
gen_server:loop_hibernate/4                                        16         26      1.63  [ 0.00]
http_gun@body:'-deliver_ready/1-anonymous-0-'/1                   640         26      0.04  [ 0.00]
init:archive_extension/0                                          432         26      0.06  [ 0.00]
http_gun@body:next/2                                             1280         25      0.02  [ 0.00]
http_gun:with_response/3                                         1002         25      0.02  [ 0.00]
code:ensure_loaded/1                                               46         25      0.54  [ 0.00]
gleam@result:is_ok/1                                             1646         24      0.01  [ 0.00]
comparison_adapter:send/3                                        1002         24      0.02  [ 0.00]
gleam@list:find_map/2                                            1276         24      0.02  [ 0.00]
http_gun@body:release/2                                           644         23      0.04  [ 0.00]
code_server:get_object_code/2                                      46         23      0.50  [ 0.00]
erlang:start_timer/3                                               19         22      1.16  [ 0.00]
gleam@http:method_to_string/1                                    1646         21      0.01  [ 0.00]
http_gun@body:flush_capture/1                                     644         21      0.03  [ 0.00]
gleam@string:inspect/1                                            362         21      0.06  [ 0.00]
gleam_erlang_ffi:'-map_selector/2-fun-1-'/3                      1935         21      0.01  [ 0.00]
gun:is_valid_request/1                                           1288         20      0.02  [ 0.00]
gen_server:loop/5                                                  38         20      0.53  [ 0.00]
http_gun_ffi:scoped/2                                             640         20      0.03  [ 0.00]
http_gun@internal@pool:'-process_lost/2-anonymous-3-'/1           358         20      0.06  [ 0.00]
lists:map/2                                                       362         20      0.06  [ 0.00]
error_handler:undefined_function/3                                 46         19      0.41  [ 0.00]
http_gun_ffi:decode/1                                            1290         18      0.01  [ 0.00]
prim_inet:enc_opt_val/4                                            91         18      0.20  [ 0.00]
http_gun:'-with_response/3-anonymous-2-'/2                        640         18      0.03  [ 0.00]
code_server:store_module_and_reply/3                               46         17      0.37  [ 0.00]
gleam@otp@actor:'-start/1-anonymous-0-'/3                         645         17      0.03  [ 0.00]
erlang:module_loaded/1                                            184         16      0.09  [ 0.00]
http_gun:'-send/2-anonymous-0-'/2                                 640         16      0.03  [ 0.00]
http_gun:'-with_response/3-anonymous-0-'/2                        640         16      0.03  [ 0.00]
comparison:'-one/3-anonymous-1-'/1                                638         16      0.03  [ 0.00]
erts_internal:flush_monitor_messages/3                            555         16      0.03  [ 0.00]
code_server:handle_call/3                                          92         16      0.17  [ 0.00]
code_server:with_cache/4                                           11         16      1.45  [ 0.00]
erlang:atom_to_list/1                                              46         15      0.33  [ 0.00]
prim_inet:type_value_2/2                                          156         15      0.10  [ 0.00]
prim_inet:enc_opts/2                                               68         15      0.22  [ 0.00]
lists:join_prepend/2                                              724         15      0.02  [ 0.00]
erlang:atom_to_binary/1                                          1086         14      0.01  [ 0.00]
erlang:atom_to_binary/2                                          1086         14      0.01  [ 0.00]
http_gun@internal@pool:'-open/2-anonymous-0-'/3                  1002         14      0.01  [ 0.00]
erlang:prepare_loading_1/2                                         46         13      0.28  [ 0.00]
gun:maybe_invalid_request_line/3                                  644         13      0.02  [ 0.00]
http_gun:send/2                                                  1002         13      0.01  [ 0.00]
http_gun:'-send/2-anonymous-1-'/2                                 640         13      0.02  [ 0.00]
gleam@otp@actor:stop/0                                            645         13      0.02  [ 0.00]
erlang:list_to_bitstring/1                                        640         12      0.02  [ 0.00]
comparison_adapter:'-send/3-anonymous-0-'/1                       640         12      0.02  [ 0.00]
http_gun_ffi:request/5                                            644         12      0.02  [ 0.00]
prim_inet:enum_val/2                                              172         12      0.07  [ 0.00]
inet_gethost_native:handle_message/2                               12         12      1.00  [ 0.00]
inet_gethost_native:wait_reply/2                                    6         12      2.00  [ 0.00]
gun_tcp:domain_lookup/4                                             6         12      2.00  [ 0.00]
code_server:run_loader/4                                           92         12      0.13  [ 0.00]
error_handler:ensure_loaded/1                                      46         11      0.24  [ 0.00]
gun:normalize_headers/1                                           644         11      0.02  [ 0.00]
http_gun@body:collect_loop/4                                     1280         11      0.01  [ 0.00]
prim_inet:type_opt_1/1                                            255         11      0.04  [ 0.00]
ets:lookup_element/4                                               26         11      0.42  [ 0.00]
comparison:main/0                                                   1         11     11.00  [ 0.00]
maps:from_list/1                                                  645         11      0.02  [ 0.00]
erlang:whereis/1                                                   70         10      0.14  [ 0.00]
gun:domain_lookup/3                                                 6         10      1.67  [ 0.00]
http_gun@internal@call:run/2                                     1921         10      0.01  [ 0.00]
ets:take/2                                                         12         10      0.83  [ 0.00]
filename:pathtype/1                                                47         10      0.21  [ 0.00]
gleam@http@request:new/0                                         1002         10      0.01  [ 0.00]
gleam@list:'-key_find/2-anonymous-0-'/2                          1276         10      0.01  [ 0.00]
code:call/1                                                        92          9      0.10  [ 0.00]
supervisor:handle_call/3                                           13          9      0.69  [ 0.00]
inet_gethost_native:main_loop/1                                    13          9      0.69  [ 0.00]
maps:map/2                                                        645          9      0.01  [ 0.00]
gleam@http@request:set_scheme/2                                  1002          9      0.01  [ 0.00]
code_server:schedule_or_run_loader/4                               46          9      0.20  [ 0.00]
erl_prim_loader:is_basename/1                                      46          9      0.20  [ 0.00]
gleam@list:merge_ascending_pairs/3                                103          9      0.09  [ 0.00]
gun:do_open/3                                                       6          8      1.33  [ 0.00]
gun:check_options/1                                                54          8      0.15  [ 0.00]
gun:get_tunnel/1                                                  644          8      0.01  [ 0.00]
gleam@http:parse_method/1                                        1002          8      0.01  [ 0.00]
gen_server:try_handle_info/3                                       23          8      0.35  [ 0.00]
http_gun@body:close/1                                             640          8      0.01  [ 0.00]
gen:reply/2                                                        14          8      0.57  [ 0.00]
prim_inet:dec_value/2                                              80          8      0.10  [ 0.00]
inet:con_add/5                                                     30          8      0.27  [ 0.00]
inet:add_opt/4                                                     36          8      0.22  [ 0.00]
os:type/0                                                          48          8      0.17  [ 0.00]
http_gun@internal@pool:validate/2                                1002          8      0.01  [ 0.00]
maps:next/1                                                       645          8      0.01  [ 0.00]
code_server:absname_when_relative/1                                46          8      0.17  [ 0.00]
code_server:run_loader_next/2                                      46          8      0.17  [ 0.00]
gleam@otp@actor:'-initialise_actor/3-anonymous-2-'/2              645          8      0.01  [ 0.00]
erlang:cancel_timer/2                                               7          7      1.00  [ 0.00]
sys:debug_options/1                                               645          7      0.01  [ 0.00]
gen_server:decode_msg/6                                            37          7      0.19  [ 0.00]
http_gun@body:capture_event/2                                    1924          7      0.00  [ 0.00]
prim_inet:enc_opt/1                                               159          7      0.04  [ 0.00]
prim_inet:type_opt/2                                              255          7      0.03  [ 0.00]
prim_inet:enc_value_2/2                                           104          7      0.07  [ 0.00]
prim_inet:dec_opt_val/1                                            70          7      0.10  [ 0.00]
prim_inet:dec_opt_val/3                                            60          7      0.12  [ 0.00]
code:get_mode/0                                                    46          7      0.15  [ 0.00]
prim_tty:write_nif/2                                                1          7      7.00  [ 0.00]
erts_dirty_process_signal_handler:msg_loop/0                        4          7      1.75  [ 0.00]
gleam@erlang@process:select_monitors/2                            645          7      0.01  [ 0.00]
inet_gethost_native:do_handle_call/4                                6          7      1.17  [ 0.00]
gleam@http@request:set_path/2                                    1002          7      0.01  [ 0.00]
code_server:get_mode/0                                             46          7      0.15  [ 0.00]
gleam@list:key_find/2                                             638          7      0.01  [ 0.00]
erlang:error/3                                                     24          6      0.25  [ 0.00]
erlang:garbage_collect/0                                           46          6      0.13  [ 0.00]
gun:connected_protocol_init/3                                       5          6      1.20  [ 0.00]
gen_server:call/3                                                  14          6      0.43  [ 0.00]
gen_server:decode_msg/4                                            37          6      0.16  [ 0.00]
gen_server:handle_msg/3                                            37          6      0.16  [ 0.00]
http_gun@body:'-start/9-anonymous-1-'/3                           644          6      0.01  [ 0.00]
erts_internal:map_next/3                                          663          6      0.01  [ 0.00]
http_gun@internal@pool:config/1                                   640          6      0.01  [ 0.00]
http_gun@internal@pool:open/2                                    1002          6      0.01  [ 0.00]
filename:join1/4                                                   95          6      0.06  [ 0.00]
gleam_erlang_ffi:map_selector/2                                   645          6      0.01  [ 0.00]
inet_gethost_native:do_open_port/2                                  1          6      6.00  [ 0.00]
inet_gethost_native:ensure_started/0                                6          6      1.00  [ 0.00]
maps:remove/2                                                      58          6      0.10  [ 0.00]
code_server:objfile_extension/0                                    46          6      0.13  [ 0.00]
gleam@otp@actor:returning/2                                       645          6      0.01  [ 0.00]
erlang:prepare_loading/2                                           46          5      0.11  [ 0.00]
gun:connecting/3                                                    6          5      0.83  [ 0.00]
gen_statem:cast/2                                                 648          5      0.01  [ 0.00]
gen_statem:send/2                                                 648          5      0.01  [ 0.00]
http_gun@body:collect/2                                           640          5      0.01  [ 0.00]
prim_inet:accept0/3                                                 6          5      0.83  [ 0.00]
comparison:percentile/2                                             3          5      1.67  [ 0.00]
http_gun@internal@pool:'-open/2-anonymous-1-'/3                  1002          5      0.00  [ 0.00]
inet_gethost_native:pick_names/2                                   12          5      0.42  [ 0.00]
inet_gethost_native:'-handle_message/2-fun-0-'/2                    6          5      0.83  [ 0.00]
maps:iterator/2                                                   645          5      0.01  [ 0.00]
gleam@http@request:set_body/2                                    1002          5      0.00  [ 0.00]
gen_tcp:close/1                                                    12          5      0.42  [ 0.00]
lists:filter/2                                                     46          5      0.11  [ 0.00]
gleam_json_ffi:string/1                                            24          5      0.21  [ 0.00]
gleam@list:merge_descending_pairs/3                                53          5      0.09  [ 0.00]
gleam@otp@actor:initialised/1                                     645          5      0.01  [ 0.00]
erlang:function_exported/3                                         52          4      0.08  [ 0.00]
erlang:apply/2                                                      8          4      0.50  [ 0.00]
gun:check_protocols_opt/1                                           6          4      0.67  [ 0.00]
gun:init/1                                                          6          4      0.67  [ 0.00]
gun:disconnect/2                                                    5          4      0.80  [ 0.00]
gen_server:cancel_timer/1                                          21          4      0.19  [ 0.00]
gen_server:try_handle_call/4                                       14          4      0.29  [ 0.00]
gen_server:handle_action/2                                         35          4      0.11  [ 0.00]
http_gun_ffi:open/7                                                 6          4      0.67  [ 0.00]
http_gun@body:step_script/1                                       644          4      0.01  [ 0.00]
http_gun@body:'-check_headers/2-anonymous-0-'/2                  1280          4      0.00  [ 0.00]
gen:do_for_proc/2                                                  14          4      0.29  [ 0.00]
inet_tcp:do_connect/4                                               6          4      0.67  [ 0.00]
prim_inet:dec_opt/1                                                60          4      0.07  [ 0.00]
prim_inet:type_value_1/3                                          145          4      0.03  [ 0.00]
proc_lib:sync_start/2                                               7          4      0.57  [ 0.00]
gleam@option:unwrap/2                                            1002          4      0.00  [ 0.00]
inet:tcp_module_1/2                                                 8          4      0.50  [ 0.00]
inet:mod/6                                                         28          4      0.14  [ 0.00]
code:ensure_prepare_loading/3                                      46          4      0.09  [ 0.00]
ets:delete/2                                                        6          4      0.67  [ 0.00]
ets:lookup/2                                                        6          4      0.67  [ 0.00]
supervisor:call/2                                                  13          4      0.31  [ 0.00]
supervisor:enter_hibernation/1                                     16          4      0.25  [ 0.00]
supervisor:find_dynamic_child/2                                    18          4      0.22  [ 0.00]
http_gun_test_server:accept_loop/1                                  5          4      0.80  [ 0.00]
inet_gethost_native:call/3                                          6          4      0.67  [ 0.00]
json:escape_binary/5                                              101          4      0.04  [ 0.00]
code_server:is_sticky/2                                            46          4      0.09  [ 0.00]
gen_tcp:accept/2                                                    6          4      0.67  [ 0.00]
gleam@http@response:set_body/2                                    640          4      0.01  [ 0.00]
gun:start_link/4                                                    6          3      0.50  [ 0.00]
gun:'-check_protocols_opt/1-lc$^1/1-1-'/1                          12          3      0.25  [ 0.00]
gen_server:reply/2                                                 14          3      0.21  [ 0.00]
gen_statem:start_link/3                                             6          3      0.50  [ 0.00]
gen_statem:loop_actions_list/12                                    52          3      0.06  [ 0.00]
gen:call/4                                                         14          3      0.21  [ 0.00]
init:objfile_extension/0                                           46          3      0.07  [ 0.00]
inet_tcp:accept/2                                                   6          3      0.50  [ 0.00]
prim_inet:type_value/3                                            145          3      0.02  [ 0.00]
prim_inet:type_value_tuple/4                                       15          3      0.20  [ 0.00]
prim_inet:enc_value/3                                             109          3      0.03  [ 0.00]
prim_inet:dec_value_tuple/4                                        30          3      0.10  [ 0.00]
proc_lib:spawn_opt/4                                                7          3      0.43  [ 0.00]
proc_lib:start_link/5                                               7          3      0.43  [ 0.00]
inet:connect_options/2                                              6          3      0.50  [ 0.00]
inet:getaddrs_tm/3                                                  6          3      0.50  [ 0.00]
supervisor:do_start_child_i/3                                       7          3      0.43  [ 0.00]
supervisor:find_child/2                                             7          3      0.43  [ 0.00]
filename:unix_pathtype/1                                           47          3      0.06  [ 0.00]
maps:to_list_internal/1                                            18          3      0.17  [ 0.00]
gun_http2:do_check_options/1                                       36          3      0.08  [ 0.00]
lists:member/2                                                     76          3      0.04  [ 0.00]
lists:map_1/2                                                     724          3      0.00  [ 0.00]
lists:'-filter/2-lc$^0/1-0-'/2                                     46          3      0.07  [ 0.00]
gleam@list:all/2                                                 1002          3      0.00  [ 0.00]
inet_db:db_get/1                                                   15          2      0.13  [ 0.00]
erlang:spawn/1                                                      6          2      0.33  [ 0.00]
erlang:port_close/1                                                13          2      0.15  [ 0.00]
gun:maybe_invalid_request_headers/2                               644          2      0.00  [ 0.00]
gun:validate_request_headers/1                                    644          2      0.00  [ 0.00]
http_gun_ffi:close/1                                                6          2      0.33  [ 0.00]
gen_statem:loop_actions_next_event/14                              23          2      0.09  [ 0.00]
gen:do_spawn/5                                                      6          2      0.33  [ 0.00]
gen:init_it2/7                                                      7          2      0.29  [ 0.00]
init:request/1                                                      2          2      1.00  [ 0.00]
init:do_handle_msg/2                                                2          2      1.00  [ 0.00]
prim_inet:async_accept/2                                            6          2      0.33  [ 0.00]
prim_inet:getopts/2                                                18          2      0.11  [ 0.00]
prim_inet:type_value/2                                             68          2      0.03  [ 0.00]
prim_inet:type_value_default/3                                    145          2      0.01  [ 0.00]
prim_inet:enc_value/2                                              68          2      0.03  [ 0.00]
prim_inet:enc_value_default/3                                     109          2      0.02  [ 0.00]
prim_inet:enc_value_1/3                                           109          2      0.02  [ 0.00]
prim_inet:enc_opts/1                                               86          2      0.02  [ 0.00]
prim_inet:ip4_to_bytes/1                                            8          2      0.25  [ 0.00]
gun_http:init/4                                                     5          2      0.40  [ 0.00]
gleam_stdlib:println/1                                              1          2      2.00  [ 0.00]
inet:con_opt/3                                                     36          2      0.06  [ 0.00]
inet:gethostbyname_tm_native/4                                      6          2      0.33  [ 0.00]
inet:tcp_close/1                                                   12          2      0.17  [ 0.00]
ets:new/2                                                           3          2      0.67  [ 0.00]
supervisor:get_dynamic_child/1                                     18          2      0.11  [ 0.00]
supervisor:purge_restarts/1                                        16          2      0.13  [ 0.00]
supervisor:dyn_erase/2                                             12          2      0.17  [ 0.00]
supervisor:dyn_exists/2                                            18          2      0.11  [ 0.00]
persistent_term:get/2                                              10          2      0.20  [ 0.00]
persistent_term:put/2                                               1          2      2.00  [ 0.00]
http_gun@internal@pool:'-start_mode/2-anonymous-3-'/1              10          2      0.20  [ 0.00]
http_gun@internal@pool:'-launch/3-anonymous-0-'/3                 644          2      0.00  [ 0.00]
user_drv:handle_req/3                                               2          2      1.00  [ 0.00]
inet_gethost_native:getit/2                                         6          2      0.33  [ 0.00]
json:escape_binary_ascii/5                                         58          2      0.03  [ 0.00]
maps:to_list/1                                                     18          2      0.11  [ 0.00]
maps:iterator/1                                                   645          2      0.00  [ 0.00]
gun_http2:check_options/1                                           6          2      0.33  [ 0.00]
gleam@http@request:set_host/2                                    1002          2      0.00  [ 0.00]
gleam@http@request:set_port/2                                    1002          2      0.00  [ 0.00]
lists:foreach_1/2                                                  12          2      0.17  [ 0.00]
gleam_json_ffi:'-object/1-lc$^0/1-0-'/1                            19          2      0.11  [ 0.00]
gleam@otp@actor:selecting/2                                       645          2      0.00  [ 0.00]
gleam@otp@actor:'-initialise_actor/3-anonymous-1-'/2              645          2      0.00  [ 0.00]
erlang:binary_to_list/1                                            12          1      0.08  [ 0.00]
erlang:is_process_alive/1                                           6          1      0.17  [ 0.00]
erlang:open_port/2                                                  9          1      0.11  [ 0.00]
erlang:tuple_to_list/1                                            362          1      0.00  [ 0.00]
erlang:port_command/2                                               6          1      0.17  [ 0.00]
gun:consider_tracing/2                                              6          1      0.17  [ 0.00]
gun:close/1                                                         6          1      0.17  [ 0.00]
gun:make_stream_ref/1                                             644          1      0.00  [ 0.00]
gun:validate_request_line/2                                      1288          1      0.00  [ 0.00]
gun:terminate/3                                                     6          1      0.17  [ 0.00]
gun:'-check_protocols_opt/1-lc$^0/1-0-'/1                          12          1      0.08  [ 0.00]
gen_server:init_it/6                                                1          1      1.00  [ 0.00]
gen_server:loop/4                                                  38          1      0.03  [ 0.00]
gen_server:handle_common_reply/5                                   23          1      0.04  [ 0.00]
gen_server:handle_timeout/4                                        19          1      0.05  [ 0.00]
gen_server:handle_timer/5                                          19          1      0.05  [ 0.00]
comparison_adapter:stop/1                                           1          1      1.00  [ 0.00]
gen_statem:init_it/6                                                6          1      0.17  [ 0.00]
gen_statem:init_result/8                                            6          1      0.17  [ 0.00]
http_gun@body:protocol/1                                          640          1      0.00  [ 0.00]
http_gun@body:capture_bytes/2                                     640          1      0.00  [ 0.00]
gen:init_it/6                                                       6          1      0.17  [ 0.00]
gen:timeout/1                                                       7          1      0.14  [ 0.00]
gen:'-call/4-fun-0-'/4                                             14          1      0.07  [ 0.00]
init:b2s/1                                                          6          1      0.17  [ 0.00]
inet_tcp:getaddrs/2                                                 6          1      0.17  [ 0.00]
inet_tcp:listen/2                                                   2          1      0.50  [ 0.00]
prim_inet:open/6                                                    8          1      0.13  [ 0.00]
prim_inet:protocol2drv/1                                            8          1      0.13  [ 0.00]
prim_inet:connect_cmd/3                                             6          1      0.17  [ 0.00]
prim_inet:accept_opts/3                                             5          1      0.20  [ 0.00]
prim_inet:enc_value_tuple/4                                        15          1      0.07  [ 0.00]
prim_inet:get_ip4/1                                                 2          1      0.50  [ 0.00]
gun_http:check_options/1                                            6          1      0.17  [ 0.00]
gun_http:do_check_options/1                                        18          1      0.06  [ 0.00]
proc_lib:init_p/5                                                   7          1      0.14  [ 0.00]
proc_lib:init_p_do_apply/3                                          7          1      0.14  [ 0.00]
proc_lib:trans_init/3                                               7          1      0.14  [ 0.00]
inet:listen_options/2                                               2          1      0.50  [ 0.00]
inet:list_opt/3                                                    12          1      0.08  [ 0.00]
inet:open_opts/8                                                    8          1      0.13  [ 0.00]
inet:open_setopts/5                                                 8          1      0.13  [ 0.00]
application_controller:get_env/2                                   11          1      0.09  [ 0.00]
http_gun_measure_ffi:finish/1                                       1          1      1.00  [ 0.00]
application:get_env/2                                              11          1      0.09  [ 0.00]
prim_tty:writer_loop/2                                              1          1      1.00  [ 0.00]
prim_tty:handle_request/2                                           1          1      1.00  [ 0.00]
supervisor:handle_info/2                                           22          1      0.05  [ 0.00]
supervisor:restart_child/3                                          6          1      0.17  [ 0.00]
supervisor:do_save_child/2                                          1          1      1.00  [ 0.00]
supervisor:del_child/2                                             12          1      0.08  [ 0.00]
supervisor:find_child_and_args/2                                    6          1      0.17  [ 0.00]
supervisor:dyn_store/3                                              6          1      0.17  [ 0.00]
http_gun_test_server:'-serve/1-fun-0-'/2                            1          1      1.00  [ 0.00]
erts_internal:dirty_process_handle_signals/1                        4          1      0.25  [ 0.00]
erts_dirty_process_signal_handler:handle_request/1                  4          1      0.25  [ 0.00]
erts_dirty_process_signal_handler:handle_incoming_signals/2         4          1      0.25  [ 0.00]
http_gun@internal@pool:'-handle/2-anonymous-6-'/4                  11          1      0.09  [ 0.00]
http_gun@internal@pool:'-handle/2-anonymous-4-'/2                  14          1      0.07  [ 0.00]
http_gun@internal@pool:'-handle/2-anonymous-0-'/2                  14          1      0.07  [ 0.00]
user_drv:server/3                                                   2          1      0.50  [ 0.00]
user_drv:io_request/2                                               1          1      1.00  [ 0.00]
group:handle_info/3                                                 2          1      0.50  [ 0.00]
group:log_io_request/3                                              1          1      1.00  [ 0.00]
inet_gethost_native:init/1                                          1          1      1.00  [ 0.00]
inet_gethost_native:server_init/2                                   1          1      1.00  [ 0.00]
inet_gethost_native:get_rid/0                                       6          1      0.17  [ 0.00]
inet_gethost_native:open_executable/2                               1          1      1.00  [ 0.00]
inet_gethost_native:get_extra_args/0                                1          1      1.00  [ 0.00]
inet_gethost_native:gethostbyname/2                                 6          1      0.17  [ 0.00]
inet_gethost_native:getit/4                                         6          1      0.17  [ 0.00]
inet_gethost_native:return_hostent/4                                6          1      0.17  [ 0.00]
gun_tcp:try_connect/6                                               7          1      0.14  [ 0.00]
json:encode_integer/1                                              14          1      0.07  [ 0.00]
json:encode_binary/1                                               24          1      0.04  [ 0.00]
maps:try_next/2                                                  1935          1      0.00  [ 0.00]
gen_tcp:listen/2                                                    2          1      0.50  [ 0.00]
io:put_chars/1                                                      1          1      1.00  [ 0.00]
io:execute_request/3                                                1          1      1.00  [ 0.00]
gleam@list:merge_all/3                                              8          1      0.13  [ 0.00]
gleam@result:unwrap/2                                               3          0      0.00  [ 0.00]
inet_db:tcp_module/0                                                8          0      0.00  [ 0.00]
inet_db:res_option/1                                                7          0      0.00  [ 0.00]
inet_db:res_optname/1                                               7          0      0.00  [ 0.00]
inet_db:register_socket/2                                          13          0      0.00  [ 0.00]
erlang:exit/1                                                       1          0      0.00  [ 0.00]
erlang:group_leader/0                                               1          0      0.00  [ 0.00]
erlang:integer_to_list/1                                            7          0      0.00  [ 0.00]
erlang:iolist_to_iovec/1                                            1          0      0.00  [ 0.00]
erlang:link/1                                                       1          0      0.00  [ 0.00]
erlang:list_to_atom/1                                               6          0      0.00  [ 0.00]
erlang:list_to_tuple/1                                             10          0      0.00  [ 0.00]
erlang:read_timer/1                                                 6          0      0.00  [ 0.00]
erlang:register/2                                                   2          0      0.00  [ 0.00]
erlang:make_fun/3                                                   4          0      0.00  [ 0.00]
erlang:process_flag/2                                               5          0      0.00  [ 0.00]
erlang:spawn_link/1                                                 1          0      0.00  [ 0.00]
erlang:spawn_monitor/1                                              1          0      0.00  [ 0.00]
erlang:port_set_data/2                                             13          0      0.00  [ 0.00]
sys:debug_options/2                                               645          0      0.00  [ 0.00]
gun:open/3                                                          6          0      0.00  [ 0.00]
gun:cancel/2                                                        4          0      0.00  [ 0.00]
gun:callback_mode/0                                                 6          0      0.00  [ 0.00]
gun:default_transport/1                                             6          0      0.00  [ 0.00]
gun:not_connected/3                                                 6          0      0.00  [ 0.00]
gun:maybe_tls_alert/2                                               5          0      0.00  [ 0.00]
gun:disconnect_flush/1                                              5          0      0.00  [ 0.00]
gun:keepalive_timeout/1                                             5          0      0.00  [ 0.00]
gun:keepalive_cancel/1                                              5          0      0.00  [ 0.00]
gun:'-check_protocols_opt/1-lc$^2/1-2-'/1                          12          0      0.00  [ 0.00]
gen_server:start_link/4                                             1          0      0.00  [ 0.00]
gen_server:init_it/2                                                1          0      0.00  [ 0.00]
comparison_adapter:start/2                                          1          0      0.00  [ 0.00]
http_gun_ffi:start/0                                                1          0      0.00  [ 0.00]
http_gun_ffi:cancel/2                                               4          0      0.00  [ 0.00]
gen_statem:enter/8                                                  6          0      0.00  [ 0.00]
gen_statem:loop_actions/12                                         17          0      0.00  [ 0.00]
gen_statem:loop_state_change/9                                     22          0      0.00  [ 0.00]
gen_statem:loop_state_change/8                                     22          0      0.00  [ 0.00]
gen_statem:get_callback_mode/2                                      6          0      0.00  [ 0.00]
gen_statem:callback_mode_result/3                                   6          0      0.00  [ 0.00]
gen_statem:callback_mode_result/6                                  12          0      0.00  [ 0.00]
gen_statem:terminate/7                                              6          0      0.00  [ 0.00]
gen_statem:terminate_sys_debug/4                                    6          0      0.00  [ 0.00]
gun_default_event_h:init/2                                          6          0      0.00  [ 0.00]
gun_default_event_h:domain_lookup_start/2                           6          0      0.00  [ 0.00]
gun_default_event_h:domain_lookup_end/2                             6          0      0.00  [ 0.00]
gun_default_event_h:connect_start/2                                 6          0      0.00  [ 0.00]
gun_default_event_h:connect_end/2                                   6          0      0.00  [ 0.00]
gun_default_event_h:disconnect/2                                    5          0      0.00  [ 0.00]
gun_default_event_h:terminate/2                                     6          0      0.00  [ 0.00]
http_gun@body:is_capture_owner/2                                    5          0      0.00  [ 0.00]
http_gun@body:'-start/9-anonymous-2-'/1                             5          0      0.00  [ 0.00]
gen:start/6                                                         1          0      0.00  [ 0.00]
gen:start/5                                                         6          0      0.00  [ 0.00]
gen:do_spawn/6                                                      1          0      0.00  [ 0.00]
gen:init_it/7                                                       1          0      0.00  [ 0.00]
gen:where/1                                                         1          0      0.00  [ 0.00]
gen:register_name/1                                                 1          0      0.00  [ 0.00]
gen:name/1                                                          1          0      0.00  [ 0.00]
gen:get_proc_name/1                                                 6          0      0.00  [ 0.00]
gen:spawn_opts/1                                                    7          0      0.00  [ 0.00]
gen:hibernate_after/1                                               7          0      0.00  [ 0.00]
gen:debug_options/2                                                 7          0      0.00  [ 0.00]
init:get_plain_arguments/0                                          1          0      0.00  [ 0.00]
init:get_argument/1                                                 1          0      0.00  [ 0.00]
init:bs2ss/1                                                        1          0      0.00  [ 0.00]
init:map/2                                                          6          0      0.00  [ 0.00]
init:boot_loop/2                                                    2          0      0.00  [ 0.00]
init:handle_msg/2                                                   2          0      0.00  [ 0.00]
init:to_strings/1                                                   2          0      0.00  [ 0.00]
init:get_argument/2                                                 1          0      0.00  [ 0.00]
init:get_argument1/2                                                7          0      0.00  [ 0.00]
inet_tcp:proto/1                                                    8          0      0.00  [ 0.00]
inet_tcp:getserv/1                                                  8          0      0.00  [ 0.00]
inet_tcp:translate_ip/1                                             8          0      0.00  [ 0.00]
inet_tcp:connect/4                                                  6          0      0.00  [ 0.00]
inet_tcp:accept_family_opts/0                                       6          0      0.00  [ 0.00]
http_gun@config:default/0                                           1          0      0.00  [ 0.00]
http_gun@config:validate/1                                          2          0      0.00  [ 0.00]
prim_inet:open/4                                                    8          0      0.00  [ 0.00]
prim_inet:enc_family/1                                              8          0      0.00  [ 0.00]
prim_inet:enc_type/1                                                8          0      0.00  [ 0.00]
prim_inet:enc_proto/1                                               8          0      0.00  [ 0.00]
prim_inet:close/1                                                  13          0      0.00  [ 0.00]
prim_inet:close_port/1                                             13          0      0.00  [ 0.00]
prim_inet:bind/3                                                    4          0      0.00  [ 0.00]
prim_inet:do_bind/2                                                 2          0      0.00  [ 0.00]
prim_inet:connect/4                                                 6          0      0.00  [ 0.00]
prim_inet:connect_addr/4                                            6          0      0.00  [ 0.00]
prim_inet:connect_time/4                                            6          0      0.00  [ 0.00]
prim_inet:accept/3                                                  6          0      0.00  [ 0.00]
prim_inet:listen/2                                                  2          0      0.00  [ 0.00]
prim_inet:sockname/1                                                2          0      0.00  [ 0.00]
prim_inet:getopt/2                                                 13          0      0.00  [ 0.00]
prim_inet:subscribe/2                                              13          0      0.00  [ 0.00]
prim_inet:is_sockopt_val/2                                         36          0      0.00  [ 0.00]
prim_inet:enum_name/2                                               5          0      0.00  [ 0.00]
prim_inet:encode_opts/1                                            18          0      0.00  [ 0.00]
prim_inet:decode_opt_val/1                                         10          0      0.00  [ 0.00]
prim_inet:encode_subs/1                                            13          0      0.00  [ 0.00]
prim_inet:enc_subs/1                                               26          0      0.00  [ 0.00]
prim_inet:decode_subs/1                                             5          0      0.00  [ 0.00]
prim_inet:dec_subs/1                                               10          0      0.00  [ 0.00]
prim_inet:rev/1                                                    10          0      0.00  [ 0.00]
prim_inet:rev/2                                                    30          0      0.00  [ 0.00]
prim_inet:get_addr/2                                                2          0      0.00  [ 0.00]
prim_inet:get_ip/2                                                  2          0      0.00  [ 0.00]
http_gun:start/1                                                    1          0      0.00  [ 0.00]
http_gun:stop/1                                                     1          0      0.00  [ 0.00]
http_gun:'-start/1-anonymous-3-'/2                                  1          0      0.00  [ 0.00]
http_gun:'-start/1-anonymous-1-'/1                                  1          0      0.00  [ 0.00]
gun_http:name/0                                                    10          0      0.00  [ 0.00]
gun_http:opts_name/0                                               10          0      0.00  [ 0.00]
gun_http:has_keepalive/0                                            5          0      0.00  [ 0.00]
gun_http:default_keepalive/0                                        5          0      0.00  [ 0.00]
gun_http:closing/1                                                  1          0      0.00  [ 0.00]
gun_http:close/4                                                    5          0      0.00  [ 0.00]
gun_http:close_reason/1                                             5          0      0.00  [ 0.00]
gun_http:close_streams/3                                            6          0      0.00  [ 0.00]
gun_http:down/1                                                     5          0      0.00  [ 0.00]
gun_http:conn_from_header/1                                         2          0      0.00  [ 0.00]
gun_http:'-down/1-lc$^0/1-0-'/1                                     5          0      0.00  [ 0.00]
logger:allow/2                                                      2          0      0.00  [ 0.00]
queue:out/1                                                         1          0      0.00  [ 0.00]
queue:peek/1                                                        1          0      0.00  [ 0.00]
gleam_stdlib:parse_int/1                                            2          0      0.00  [ 0.00]
file:native_name_encoding/0                                         6          0      0.00  [ 0.00]
proc_lib:exit_p/3                                                   6          0      0.00  [ 0.00]
proc_lib:exit_reason/3                                              6          0      0.00  [ 0.00]
proc_lib:init_ack/2                                                 7          0      0.00  [ 0.00]
proc_lib:make_dummy_args/2                                         12          0      0.00  [ 0.00]
proc_lib:set_label/1                                                6          0      0.00  [ 0.00]
proc_lib:crash_report/4                                             6          0      0.00  [ 0.00]
supervisor_bridge:start_link/3                                      1          0      0.00  [ 0.00]
supervisor_bridge:init/1                                            1          0      0.00  [ 0.00]
supervisor_bridge:supname/2                                         1          0      0.00  [ 0.00]
supervisor_bridge:report_progress/4                                 1          0      0.00  [ 0.00]
gleam@json:to_string/1                                              1          0      0.00  [ 0.00]
gleam@json:string/1                                                 6          0      0.00  [ 0.00]
gleam@json:int/1                                                   14          0      0.00  [ 0.00]
gleam@json:object/1                                                 1          0      0.00  [ 0.00]
gleam@json:array/2                                                  1          0      0.00  [ 0.00]
cow_http_hd:parse_connection/1                                      1          0      0.00  [ 0.00]
inet:sockname/1                                                     2          0      0.00  [ 0.00]
inet:gethostbyname_tm/3                                             6          0      0.00  [ 0.00]
inet:connect_options/0                                              6          0      0.00  [ 0.00]
inet:listen_options/0                                               2          0      0.00  [ 0.00]
inet:list_add/5                                                     6          0      0.00  [ 0.00]
inet:tcp_module/1                                                   2          0      0.00  [ 0.00]
inet:tcp_module/2                                                   6          0      0.00  [ 0.00]
inet:gen_tcp_module/1                                               2          0      0.00  [ 0.00]
inet:gen_tcp_module/2                                               2          0      0.00  [ 0.00]
inet:translate_ip/2                                                 8          0      0.00  [ 0.00]
inet:mod/4                                                          8          0      0.00  [ 0.00]
inet:gethostbyname_tm/4                                             6          0      0.00  [ 0.00]
inet:gethostbyname_tm/5                                             6          0      0.00  [ 0.00]
inet:open/8                                                         6          0      0.00  [ 0.00]
inet:open_bind/8                                                    2          0      0.00  [ 0.00]
inet:bind/3                                                         2          0      0.00  [ 0.00]
inet:do_bind/3                                                      2          0      0.00  [ 0.00]
inet:start_timer/1                                                 12          0      0.00  [ 0.00]
inet:timeout/1                                                      6          0      0.00  [ 0.00]
inet:stop_timer/1                                                  12          0      0.00  [ 0.00]
application_controller:is_running/1                                 1          0      0.00  [ 0.00]
application_controller:call/2                                       1          0      0.00  [ 0.00]
application_controller:handle_call/3                                1          0      0.00  [ 0.00]
gleam@int:min/2                                                     6          0      0.00  [ 0.00]
http_gun_measure_ffi:sampler/0                                      1          0      0.00  [ 0.00]
http_gun_measure_ffi:'-sampler/0-fun-0-'/0                          1          0      0.00  [ 0.00]
gun_protocols:handler/1                                             5          0      0.00  [ 0.00]
gun_protocols:handler_and_opts/2                                    5          0      0.00  [ 0.00]
application:ensure_all_started/1                                    1          0      0.00  [ 0.00]
application:ensure_all_started/3                                    2          0      0.00  [ 0.00]
application:enqueue_or_start/6                                      2          0      0.00  [ 0.00]
prim_tty:write/3                                                    1          0      0.00  [ 0.00]
prim_tty:encode/3                                                   1          0      0.00  [ 0.00]
supervisor:start_child/2                                            7          0      0.00  [ 0.00]
supervisor:terminate_child/2                                        6          0      0.00  [ 0.00]
supervisor:do_start_child/3                                         1          0      0.00  [ 0.00]
supervisor:handle_do_start_child_i_result/1                         7          0      0.00  [ 0.00]
supervisor:handle_start_child/2                                     1          0      0.00  [ 0.00]
supervisor:do_restart/3                                             6          0      0.00  [ 0.00]
supervisor:do_auto_shutdown/2                                       6          0      0.00  [ 0.00]
supervisor:restarting/1                                             6          0      0.00  [ 0.00]
supervisor:do_terminate/2                                           6          0      0.00  [ 0.00]
supervisor:save_child/2                                             1          0      0.00  [ 0.00]
supervisor:check_childspec/2                                        2          0      0.00  [ 0.00]
supervisor:do_check_childspec/2                                     1          0      0.00  [ 0.00]
supervisor:validChildType/1                                         1          0      0.00  [ 0.00]
supervisor:validId/1                                                1          0      0.00  [ 0.00]
supervisor:validFunc/1                                              1          0      0.00  [ 0.00]
supervisor:validRestartType/1                                       1          0      0.00  [ 0.00]
supervisor:validSignificant/3                                       1          0      0.00  [ 0.00]
supervisor:validShutdown/1                                          1          0      0.00  [ 0.00]
supervisor:validMods/1                                              1          0      0.00  [ 0.00]
supervisor:report_progress/3                                        1          0      0.00  [ 0.00]
supervisor:dyn_args/2                                               6          0      0.00  [ 0.00]
supervisor:'-validMods/1-fun-0-'/1                                  1          0      0.00  [ 0.00]
comparison:concurrent/3                                             1          0      0.00  [ 0.00]
comparison:run/4                                                    1          0      0.00  [ 0.00]
inet_parse:visible_string/1                                        60          0      0.00  [ 0.00]
http_gun_test_server:serve/1                                        1          0      0.00  [ 0.00]
http_gun_test_server:persistent/0                                   1          0      0.00  [ 0.00]
http_gun_test_server:'-accept_loop/1-fun-0-'/1                      4          0      0.00  [ 0.00]
http_gun_test_server:'-persistent/0-fun-0-'/1                       1          0      0.00  [ 0.00]
http_gun@internal@pool:stop/1                                       1          0      0.00  [ 0.00]
http_gun@internal@pool:start_mode/2                                 1          0      0.00  [ 0.00]
http_gun@internal@pool:start/1                                      1          0      0.00  [ 0.00]
http_gun@internal@pool:'-start_mode/2-anonymous-6-'/2               1          0      0.00  [ 0.00]
http_gun@internal@pool:'-start_mode/2-anonymous-5-'/3               1          0      0.00  [ 0.00]
http_gun@internal@pool:'-start_mode/2-anonymous-4-'/3               1          0      0.00  [ 0.00]
http_gun@internal@pool:'-stop/1-anonymous-0-'/1                     1          0      0.00  [ 0.00]
group:server/3                                                      2          0      0.00  [ 0.00]
group:putc_request/4                                                1          0      0.00  [ 0.00]
group:putc_request/3                                                1          0      0.00  [ 0.00]
group:io_reply/3                                                    1          0      0.00  [ 0.00]
group:send_drv/2                                                    1          0      0.00  [ 0.00]
group:server_name/0                                                 1          0      0.00  [ 0.00]
group:type/1                                                        2          0      0.00  [ 0.00]
filename:join/2                                                     1          0      0.00  [ 0.00]
filename:maybe_remove_dirsep/2                                      1          0      0.00  [ 0.00]
filename:major_os_type/0                                            1          0      0.00  [ 0.00]
inet_gethost_native:start_link/0                                    1          0      0.00  [ 0.00]
inet_gethost_native:get_poolsize/0                                  1          0      0.00  [ 0.00]
inet_gethost_native:ensure_started/2                                1          0      0.00  [ 0.00]
inet_gethost_native:do_start/2                                      1          0      0.00  [ 0.00]
inet_gethost_native:parse_address/2                                 6          0      0.00  [ 0.00]
inet_gethost_native:expand_default_name/2                           6          0      0.00  [ 0.00]
inet_gethost_native:pick_addresses_v4/2                            12          0      0.00  [ 0.00]
inet_gethost_native:ndx/2                                           6          0      0.00  [ 0.00]
inet_gethost_native:ndx/4                                          60          0      0.00  [ 0.00]
inet_gethost_native:pick_names/1                                    6          0      0.00  [ 0.00]
gun_tcp:messages/0                                                  6          0      0.00  [ 0.00]
gun_tcp:connect/2                                                   6          0      0.00  [ 0.00]
gun_tcp:maybe_exit/1                                                1          0      0.00  [ 0.00]
gun_tcp:close/1                                                     5          0      0.00  [ 0.00]
maps:find/2                                                         1          0      0.00  [ 0.00]
logger_config:allow/2                                               2          0      0.00  [ 0.00]
logger_config:less_or_equal_level/2                                 2          0      0.00  [ 0.00]
io:request/3                                                        1          0      0.00  [ 0.00]
io:default_output/0                                                 1          0      0.00  [ 0.00]
io:io_request/2                                                     1          0      0.00  [ 0.00]
lists:keymember/3                                                   1          0      0.00  [ 0.00]
lists:usort/1                                                      12          0      0.00  [ 0.00]
lists:all/2                                                         1          0      0.00  [ 0.00]
lists:all_1/2                                                       1          0      0.00  [ 0.00]
lists:foreach/2                                                     6          0      0.00  [ 0.00]
lists:join/2                                                      362          0      0.00  [ 0.00]
gleam_json_ffi:json_to_string/1                                     1          0      0.00  [ 0.00]
gleam_json_ffi:int/1                                               14          0      0.00  [ 0.00]
gleam_json_ffi:array/1                                              1          0      0.00  [ 0.00]
gleam_json_ffi:array_loop/1                                         3          0      0.00  [ 0.00]
gleam_json_ffi:object/1                                             1          0      0.00  [ 0.00]
gleam_json_ffi:encode_object/1                                      1          0      0.00  [ 0.00]
gleam@list:first/1                                                  3          0      0.00  [ 0.00]
gleam@list:take_loop/3                                              4          0      0.00  [ 0.00]
gleam@list:take/2                                                   1          0      0.00  [ 0.00]
gleam@list:sort/2                                                   1          0      0.00  [ 0.00]
gleam@list:repeat/2                                                 1          0      0.00  [ 0.00]
comparison_ffi:arguments/0                                          1          0      0.00  [ 0.00]
comparison_ffi:'-arguments/0-lc$^0/1-0-'/1                          6          0      0.00  [ 0.00]
                                                                         6596143            [100.0]
