Downloading packages
 Downloaded 5 packages in 0.03s
  Compiling gleam_stdlib
/private/tmp/nix-shell.y7mc9F/sinal-forwarder-race-qxwaj3k0/build/dev/erlang/gleam_stdlib/_gleam_artefacts/gleam_stdlib.erl:75:10: Warning: 'catch ...' is deprecated; please use 'try ... catch ... end' instead.
Compile directive 'nowarn_deprecated_catch' can be used to suppress
warnings in selected modules.
%   75|     case catch binary_to_integer(String, Base) of
%     |          ^

/private/tmp/nix-shell.y7mc9F/sinal-forwarder-race-qxwaj3k0/build/dev/erlang/gleam_stdlib/_gleam_artefacts/gleam_stdlib.erl:81:10: Warning: 'catch ...' is deprecated; please use 'try ... catch ... end' instead.
Compile directive 'nowarn_deprecated_catch' can be used to suppress
warnings in selected modules.
%   81|     case catch binary_to_integer(String) of
%     |          ^

/private/tmp/nix-shell.y7mc9F/sinal-forwarder-race-qxwaj3k0/build/dev/erlang/gleam_stdlib/_gleam_artefacts/gleam_stdlib.erl:87:10: Warning: 'catch ...' is deprecated; please use 'try ... catch ... end' instead.
Compile directive 'nowarn_deprecated_catch' can be used to suppress
warnings in selected modules.
%   87|     case catch binary_to_float(String) of
%     |          ^

  Compiling gleam_erlang
  Compiling gleam_otp
  Compiling gleeunit
  Compiling telemetry
===> Analyzing applications...
===> Compiling telemetry
  Compiling sinal
warning: Unused private function
   ┌─ /private/tmp/nix-shell.y7mc9F/sinal-forwarder-race-qxwaj3k0/src/restart_probe.gleam:10:1
   │
10 │ fn set_start_gate(gate: fn() -> Nil) -> Nil
   │ ^^^^^^^^^^^^^^^^^^^^^^^^^^^^^^^^^^^^ This private function is never used

Hint: You can safely remove it.

warning: Unused private function
   ┌─ /private/tmp/nix-shell.y7mc9F/sinal-forwarder-race-qxwaj3k0/src/restart_probe.gleam:13:1
   │
13 │ fn set_send_gate(gate: fn() -> Nil) -> Nil
   │ ^^^^^^^^^^^^^^^^^^^^^^^^^^^^^^^^^^^ This private function is never used

Hint: You can safely remove it.

warning: Unused private function
   ┌─ /private/tmp/nix-shell.y7mc9F/sinal-forwarder-race-qxwaj3k0/src/restart_probe.gleam:32:1
   │
32 │ fn startup() {
   │ ^^^^^^^^^^^^ This private function is never used

Hint: You can safely remove it.

warning: Unused private function
   ┌─ /private/tmp/nix-shell.y7mc9F/sinal-forwarder-race-qxwaj3k0/src/restart_probe.gleam:78:1
   │
78 │ fn delayed_sender() {
   │ ^^^^^^^^^^^^^^^^^^^ This private function is never used

Hint: You can safely remove it.

   Compiled in 1.03s
    Running restart_probe.main
Delayed drop notice across restart: mailbox before=0, after=1
[31;1mruntime error[39m: let assert[0m

Pattern match failed, no pattern matched the value.

unmatched value:
  False

stacktrace:
  restart_probe.delayed_drop[90m src/restart_probe.gleam:155[0m

