  Compiling http_gun
   Compiled in 0.31s
    Running http_gun_test.main
.........=NOTICE REPORT==== 29-Sep-2026::21:29:16.414215 ===
TLS server: In state wait_finished received CLIENT ALERT: Fatal - Unknown CA

=NOTICE REPORT==== 29-Sep-2026::21:29:16.414116 ===
TLS client: In state wait_cert_cr at ssl_handshake.erl:2254 generated CLIENT ALERT: Fatal - Unknown CA

.....=NOTICE REPORT==== 29-Sep-2026::21:29:16.460088 ===
TLS client: In state wait_cert_cr at ssl_handshake.erl:2262 generated CLIENT ALERT: Fatal - Bad Certificate
 - {bad_cert,{hostname_check_failed,{requested,"127.0.0.1"},
                                    {received,[{dNSName,"localhost"}]}}}
=NOTICE REPORT==== 29-Sep-2026::21:29:16.460172 ===
TLS server: In state wait_finished received CLIENT ALERT: Fatal - Bad Certificate

..................................
let assert test/http_gun_test.gleam:207
 test: http_gun_test.configured_header_count_above_gun_default_test
 code: let assert Ok(reply) = http_gun.send(client, req(serve(bytes)))
value: Error(Failure(RequestFailed, MayHaveBeenSent))
 info: Pattern match failed, no pattern matched the value.

48 passed, 1 failures
