  Compiling http_gun
   Compiled in 0.29s
    Running http_gun_test.main
.......
let assert test/http_gun_h2_test.gleam:56
 test: http_gun_h2_test.h2_configured_header_count_excludes_status_pseudo_header_test
 code: let assert Ok(reply) = http_gun.send(client, req(port, "/many-headers"))
value: Error(Failure(RequestFailed, MayHaveBeenSent))
 info: Pattern match failed, no pattern matched the value.
..=NOTICE REPORT==== 29-Sep-2026::21:30:14.833172 ===
TLS client: In state wait_cert_cr at ssl_handshake.erl:2254 generated CLIENT ALERT: Fatal - Unknown CA

=NOTICE REPORT==== 29-Sep-2026::21:30:14.834337 ===
TLS server: In state wait_finished received CLIENT ALERT: Fatal - Unknown CA

.....=NOTICE REPORT==== 29-Sep-2026::21:30:14.878203 ===
TLS client: In state wait_cert_cr at ssl_handshake.erl:2262 generated CLIENT ALERT: Fatal - Bad Certificate
 - {bad_cert,{hostname_check_failed,{requested,"127.0.0.1"},
                                    {received,[{dNSName,"localhost"}]}}}
=NOTICE REPORT==== 29-Sep-2026::21:30:14.878289 ===
TLS server: In state wait_finished received CLIENT ALERT: Fatal - Bad Certificate

...................................
49 passed, 1 failures
