error (ignored): SQLite database '/Users/edgar/.cache/nix/eval-cache-v6/f193d72487b74f1a2b56ab60f815fe509c00164dc21a57bb7a80e2f49748d73a.sqlite' is busy
+ gleam --version
gleam 1.18.1
+ erl -noshell -eval io:format("OTP ~s ERTS ~s~n",[erlang:system_info(otp_release),erlang:system_info(version)]),halt().
OTP 29 ERTS 17.1
+ gleam format --check src test
+ gleam check
  Compiling gleam_stdlib
/private/tmp/nix-shell.xiZSRE/sinal-candidate-gate-df9t8nad/build/dev/erlang/gleam_stdlib/_gleam_artefacts/gleam_stdlib.erl:75:10: Warning: 'catch ...' is deprecated; please use 'try ... catch ... end' instead.
Compile directive 'nowarn_deprecated_catch' can be used to suppress
warnings in selected modules.
%   75|     case catch binary_to_integer(String, Base) of
%     |          ^

/private/tmp/nix-shell.xiZSRE/sinal-candidate-gate-df9t8nad/build/dev/erlang/gleam_stdlib/_gleam_artefacts/gleam_stdlib.erl:81:10: Warning: 'catch ...' is deprecated; please use 'try ... catch ... end' instead.
Compile directive 'nowarn_deprecated_catch' can be used to suppress
warnings in selected modules.
%   81|     case catch binary_to_integer(String) of
%     |          ^

/private/tmp/nix-shell.xiZSRE/sinal-candidate-gate-df9t8nad/build/dev/erlang/gleam_stdlib/_gleam_artefacts/gleam_stdlib.erl:87:10: Warning: 'catch ...' is deprecated; please use 'try ... catch ... end' instead.
Compile directive 'nowarn_deprecated_catch' can be used to suppress
warnings in selected modules.
%   87|     case catch binary_to_float(String) of
%     |          ^

  Compiling gleam_erlang
  Compiling gleam_otp
  Compiling gleeunit
  Compiling telemetry
===> Analyzing applications...
===> Compiling telemetry
   Checking sinal
   Compiled in 1.39s
+ gleam build --warnings-as-errors
  Compiling sinal
   Compiled in 0.64s
+ gleam test
   Compiled in 0.22s
    Running sinal_test.main
.............................................................................................
93 passed, no failures
+ erlc -Werror -o /tmp/nix-shell.xiZSRE/sinal-candidate-gate-df9t8nad/ffi-check /tmp/nix-shell.xiZSRE/sinal-candidate-gate-df9t8nad/src/sinal_ffi.erl /tmp/nix-shell.xiZSRE/sinal-candidate-gate-df9t8nad/src/sinal_forwarder_ffi.erl /tmp/nix-shell.xiZSRE/sinal-candidate-gate-df9t8nad/src/sinal_scope_ffi.erl /tmp/nix-shell.xiZSRE/sinal-candidate-gate-df9t8nad/test/scope_test_ffi.erl /tmp/nix-shell.xiZSRE/sinal-candidate-gate-df9t8nad/test/forwarder_test_ffi.erl
+ python3 /tmp/nix-shell.xiZSRE/sinal-candidate-gate-df9t8nad/dev/check_forwarder.py
  Compiling gleam_stdlib
/private/tmp/nix-shell.xiZSRE/sinal-forwarder-race-q9pe637j/build/dev/erlang/gleam_stdlib/_gleam_artefacts/gleam_stdlib.erl:75:10: Warning: 'catch ...' is deprecated; please use 'try ... catch ... end' instead.
Compile directive 'nowarn_deprecated_catch' can be used to suppress
warnings in selected modules.
%   75|     case catch binary_to_integer(String, Base) of
%     |          ^

/private/tmp/nix-shell.xiZSRE/sinal-forwarder-race-q9pe637j/build/dev/erlang/gleam_stdlib/_gleam_artefacts/gleam_stdlib.erl:81:10: Warning: 'catch ...' is deprecated; please use 'try ... catch ... end' instead.
Compile directive 'nowarn_deprecated_catch' can be used to suppress
warnings in selected modules.
%   81|     case catch binary_to_integer(String) of
%     |          ^

/private/tmp/nix-shell.xiZSRE/sinal-forwarder-race-q9pe637j/build/dev/erlang/gleam_stdlib/_gleam_artefacts/gleam_stdlib.erl:87:10: Warning: 'catch ...' is deprecated; please use 'try ... catch ... end' instead.
Compile directive 'nowarn_deprecated_catch' can be used to suppress
warnings in selected modules.
%   87|     case catch binary_to_float(String) of
%     |          ^

  Compiling gleam_erlang
  Compiling gleam_otp
  Compiling gleeunit
  Compiling telemetry
===> Analyzing applications...
===> Compiling telemetry
  Compiling sinal
   Compiled in 1.25s
    Running restart_probe.main
Startup capacity=1: first=Error(ForwarderUnavailable), second=Error(CapacityExceeded)
Delayed sender across restart: mailbox before=0, after=0
CANDIDATE GATE PASSED
