  Compiling gleam_stdlib
/private/tmp/nix-shell.TpKq8H/sinal-forwarder-race-9w14y8p5/build/dev/erlang/gleam_stdlib/_gleam_artefacts/gleam_stdlib.erl:75:10: Warning: 'catch ...' is deprecated; please use 'try ... catch ... end' instead.
Compile directive 'nowarn_deprecated_catch' can be used to suppress
warnings in selected modules.
%   75|     case catch binary_to_integer(String, Base) of
%     |          ^

/private/tmp/nix-shell.TpKq8H/sinal-forwarder-race-9w14y8p5/build/dev/erlang/gleam_stdlib/_gleam_artefacts/gleam_stdlib.erl:81:10: Warning: 'catch ...' is deprecated; please use 'try ... catch ... end' instead.
Compile directive 'nowarn_deprecated_catch' can be used to suppress
warnings in selected modules.
%   81|     case catch binary_to_integer(String) of
%     |          ^

/private/tmp/nix-shell.TpKq8H/sinal-forwarder-race-9w14y8p5/build/dev/erlang/gleam_stdlib/_gleam_artefacts/gleam_stdlib.erl:87:10: Warning: 'catch ...' is deprecated; please use 'try ... catch ... end' instead.
Compile directive 'nowarn_deprecated_catch' can be used to suppress
warnings in selected modules.
%   87|     case catch binary_to_float(String) of
%     |          ^

  Compiling gleam_erlang
  Compiling gleam_otp
  Compiling gleeunit
  Compiling telemetry
===> Analyzing applications...
===> Compiling telemetry
  Compiling sinal
warning: Unused private function
   ┌─ /private/tmp/nix-shell.TpKq8H/sinal-forwarder-race-9w14y8p5/src/restart_probe.gleam:13:1
   │
13 │ fn set_send_gate(gate: fn() -> Nil) -> Nil
   │ ^^^^^^^^^^^^^^^^^^^^^^^^^^^^^^^^^^^ This private function is never used

Hint: You can safely remove it.

warning: Unused private function
   ┌─ /private/tmp/nix-shell.TpKq8H/sinal-forwarder-race-9w14y8p5/src/restart_probe.gleam:16:1
   │
16 │ fn message_queue_len(pid: process.Pid) -> Int
   │ ^^^^^^^^^^^^^^^^^^^^^^^^^^^^^^^^^^^^^^ This private function is never used

Hint: You can safely remove it.

warning: Unused private function
   ┌─ /private/tmp/nix-shell.TpKq8H/sinal-forwarder-race-9w14y8p5/src/restart_probe.gleam:78:1
   │
78 │ fn delayed_sender() {
   │ ^^^^^^^^^^^^^^^^^^^ This private function is never used

Hint: You can safely remove it.

   Compiled in 1.03s
    Running restart_probe.main
Startup capacity=1: first=Ok(Nil), second=Ok(Nil)
runtime error: let assert

Pattern match failed, no pattern matched the value.

unmatched value:
  Ok(Nil)

stacktrace:
  restart_probe.startup src/restart_probe.gleam:71

