  Compiling http_gun
warning: Unused result value
   ┌─ /code/gleam-dream/http_gun/test/http_gun_destination_test.gleam:18:3
   │
18 │   pinned_tls_preserves_original_identity_test()
   │   ^^^^^^^^^^^^^^^^^^^^^^^^^^^^^^^^^^^^^^^^^^^^^ The Result value created here is unused

Hint: If you are sure you don't need it you can assign it to `_`.

   Compiled in 0.29s
    Running http_gun_destination_test.main
=NOTICE REPORT==== 1-Oct-2026::07:31:42.086416 ===
TLS server: In state wait_finished received CLIENT ALERT: Fatal - Bad Certificate

=NOTICE REPORT==== 1-Oct-2026::07:31:42.086354 ===
TLS client: In state wait_cert_cr at ssl_handshake.erl:2262 generated CLIENT ALERT: Fatal - Bad Certificate
 - {bad_cert,{hostname_check_failed,{requested,"wrong.invalid"},
                                    {received,[{dNSName,"localhost"}]}}}
=NOTICE REPORT==== 1-Oct-2026::07:31:42.099371 ===
TLS client: In state wait_cert_cr at ssl_handshake.erl:2262 generated CLIENT ALERT: Fatal - Bad Certificate
 - {bad_cert,{hostname_check_failed,{requested,{127,0,0,1}},
                                    {received,[{dNSName,"localhost"}]}}}
=NOTICE REPORT==== 1-Oct-2026::07:31:42.099428 ===
TLS server: In state wait_finished received CLIENT ALERT: Fatal - Bad Certificate

