gleam 1.18.1
OTP 29 ERTS 17.1
  Resolving versions
Downloading packages
 Downloaded 12 packages in 0.06s
  Compiling cowlib
===> Analyzing applications...
===> Compiling cowlib
  Compiling gleam_stdlib
/private/tmp/nix-shell.6FWeCn/nix-shell.uagOTr/http-gun-gate-yg0zxxef/http_gun/build/dev/erlang/gleam_stdlib/_gleam_artefacts/gleam_stdlib.erl:75:10: Warning: 'catch ...' is deprecated; please use 'try ... catch ... end' instead.
Compile directive 'nowarn_deprecated_catch' can be used to suppress
warnings in selected modules.
%   75|     case catch binary_to_integer(String, Base) of
%     |          ^

/private/tmp/nix-shell.6FWeCn/nix-shell.uagOTr/http-gun-gate-yg0zxxef/http_gun/build/dev/erlang/gleam_stdlib/_gleam_artefacts/gleam_stdlib.erl:81:10: Warning: 'catch ...' is deprecated; please use 'try ... catch ... end' instead.
Compile directive 'nowarn_deprecated_catch' can be used to suppress
warnings in selected modules.
%   81|     case catch binary_to_integer(String) of
%     |          ^

/private/tmp/nix-shell.6FWeCn/nix-shell.uagOTr/http-gun-gate-yg0zxxef/http_gun/build/dev/erlang/gleam_stdlib/_gleam_artefacts/gleam_stdlib.erl:87:10: Warning: 'catch ...' is deprecated; please use 'try ... catch ... end' instead.
Compile directive 'nowarn_deprecated_catch' can be used to suppress
warnings in selected modules.
%   87|     case catch binary_to_float(String) of
%     |          ^

  Compiling file_streams
  Compiling filepath
  Compiling gleam_erlang
  Compiling gleam_http
  Compiling gleam_json
  Compiling gleam_otp
  Compiling gleeunit
  Compiling gun
===> Analyzing applications...
===> Compiling gun
  Compiling simplifile
  Compiling telemetry
===> Analyzing applications...
===> Compiling telemetry
  Compiling sinal
   Checking http_gun
   Compiled in 14.80s
  Compiling http_gun
   Compiled in 0.62s
   Compiled in 0.22s
    Running http_gun_test.main
[32m.[39m[32m.[39m[32m.[39m[32m.[39m[32m.[39m[32m.[39m[32m.[39m[32m.[39m[32m.[39m[32m.[39m[32m.[39m[32m.[39m[32m.[39m=CRASH REPORT==== 1-Oct-2026::14:26:35.680031 ===
  crasher:
    initial call: http_gun@internal@preparation:'-start/5-anonymous-0-'/0
    pid: <0.253.0>
    registered_name: []
    exception error: #{function =>
                           <<"throwing_resolver_is_typed_and_does_not_kill_pool_test">>,
                       line => 536,message => <<"injected resolver failure">>,
                       module => <<"http_gun_destination_test">>,
                       file => <<"test/http_gun_destination_test.gleam">>,
                       gleam_error => panic}
      in function  http_gun_destination_test:'-throwing_resolver_is_typed_and_does_not_kill_pool_test/0-anonymous-0-'/2 (test/http_gun_destination_test.gleam:535)
      in call from http_gun@internal@resolution:'-resolve/3-anonymous-4-'/4 (src/http_gun/internal/resolution.gleam:50)
      in call from http_gun@internal@preparation:'-start/5-anonymous-0-'/2 (src/http_gun/internal/preparation.gleam:22)
    ancestors: [<0.252.0>,<0.251.0>,<0.120.0>]
    message_queue_len: 0
    messages: []
    links: [<0.252.0>]
    dictionary: []
    trap_exit: false
    status: running
    heap_size: 233
    stack_size: 29
    reductions: 60
  neighbours:

[32m.[39m[32m.[39m[32m.[39m=NOTICE REPORT==== 1-Oct-2026::14:26:35.967351 ===
TLS client: In state wait_cert_cr at ssl_handshake.erl:2262 generated CLIENT ALERT: Fatal - Bad Certificate
 - {bad_cert,{hostname_check_failed,{requested,{127,0,0,1}},
                                    {received,[{dNSName,"localhost"}]}}}
=NOTICE REPORT==== 1-Oct-2026::14:26:35.967476 ===
TLS server: In state wait_finished received CLIENT ALERT: Fatal - Bad Certificate

[32m.[39m=NOTICE REPORT==== 1-Oct-2026::14:26:35.983664 ===
TLS client: In state wait_cert_cr at ssl_handshake.erl:2262 generated CLIENT ALERT: Fatal - Bad Certificate
 - {bad_cert,{hostname_check_failed,{requested,"wrong.invalid"},
                                    {received,[{dNSName,"localhost"}]}}}
=NOTICE REPORT==== 1-Oct-2026::14:26:35.983728 ===
TLS server: In state wait_finished received CLIENT ALERT: Fatal - Bad Certificate

[32m.[39m[32m.[39m[32m.[39m[32m.[39m[32m.[39m[32m.[39m[32m.[39m[32m.[39m[32m.[39m[32m.[39m[32m.[39m[32m.[39m=ERROR REPORT==== 1-Oct-2026::14:26:36.032772 ===
** State machine <0.470.0> terminating
** Process label = {gun,{127,0,0,1},53153}
** Last event = {info,{tcp,#Port<0.75>,
                           <<"HTTP/1.1 200 OK\r\nContent-Length: +1\r\n\r\nx">>}}
** When server state  = {connected,
                         {state,<0.461.0>,
                          {up,#Ref<0.1413527512.3104833545.246821>},
                          {127,0,0,1},
                          53153,<<"http">>,
                          {127,0,0,1},
                          53153,[],
                          #{protocols => [http],
                            retry => 0,connect_timeout => 1000,
                            domain_lookup_timeout => 1000,
                            http2_opts =>
                             #{flow => 1,max_headers => 101,
                               initial_connection_window_size => 65535,
                               initial_stream_window_size => 16384,
                               notify_settings_changed => true},
                            http_opts => #{flow => 1,max_headers => 100},
                            tcp_opts =>
                             [{send_timeout,1000},{send_timeout_close,true}],
                            tls_handshake_timeout => 1000,transport => tcp},
                          undefined,#Port<0.75>,gun_tcp,true,
                          {tcp,tcp_closed,tcp_error},
                          gun_http,
                          {http_state,#Port<0.75>,gun_tcp,
                           #{flow => 1,max_headers => 100},
                           'HTTP/1.1',keepalive,<<>>,undefined,
                           [{stream,#Ref<0.1413527512.3104833545.246837>,
                             <0.471.0>,1,<<"GET">>,<<"127.0.0.1:53153">>,
                             <<"/">>,[],true,undefined}],
                           head,
                           {0,0},
                           head},
                          undefined,gun_default_event_h,undefined}}
** Reason for termination = error:badarg
** Callback modules = [gun]
** Callback mode = state_functions
** Stacktrace =
**  [{erlang,binary_to_integer,
             [<<>>],
             [{error_info,#{module => erl_erts_errors}}]},
     {cow_http_hd,digits,3,
                  [{file,"/private/tmp/nix-shell.6FWeCn/nix-shell.uagOTr/http-gun-gate-yg0zxxef/http_gun/build/dev/erlang/cowlib/src/cow_http_hd.erl"},
                   {line,3721}]},
     {cow_http_hd,parse_content_length,1,
                  [{file,"/private/tmp/nix-shell.6FWeCn/nix-shell.uagOTr/http-gun-gate-yg0zxxef/http_gun/build/dev/erlang/cowlib/src/cow_http_hd.erl"},
                   {line,1667}]},
     {gun_http,response_io_from_headers,4,
               [{file,"/private/tmp/nix-shell.6FWeCn/nix-shell.uagOTr/http-gun-gate-yg0zxxef/http_gun/build/dev/erlang/gun/src/gun_http.erl"},
                {line,1020}]},
     {gun_http,handle_response,8,
               [{file,"/private/tmp/nix-shell.6FWeCn/nix-shell.uagOTr/http-gun-gate-yg0zxxef/http_gun/build/dev/erlang/gun/src/gun_http.erl"},
                {line,474}]},
     {gun,handle_common_connected_no_input,4,
          [{file,"/private/tmp/nix-shell.6FWeCn/nix-shell.uagOTr/http-gun-gate-yg0zxxef/http_gun/build/dev/erlang/gun/src/gun.erl"},
           {line,1641}]},
     {gen_statem,loop_state_callback,11,[{file,"gen_statem.erl"},{line,3741}]},
     {proc_lib,init_p_do_apply,3,[{file,"proc_lib.erl"},{line,333}]}]

=CRASH REPORT==== 1-Oct-2026::14:26:36.033012 ===
  crasher:
    initial call: gun:init/1
    pid: <0.470.0>
    registered_name: []
    process_label: {gun,{127,0,0,1},53153}
    exception error: bad argument
      in function  binary_to_integer/1
         called as binary_to_integer(<<>>)
         *** argument 1: not a textual representation of an integer
      in call from cow_http_hd:digits/3 (/private/tmp/nix-shell.6FWeCn/nix-shell.uagOTr/http-gun-gate-yg0zxxef/http_gun/build/dev/erlang/cowlib/src/cow_http_hd.erl:3721)
      in call from cow_http_hd:parse_content_length/1 (/private/tmp/nix-shell.6FWeCn/nix-shell.uagOTr/http-gun-gate-yg0zxxef/http_gun/build/dev/erlang/cowlib/src/cow_http_hd.erl:1667)
      in call from gun_http:response_io_from_headers/4 (/private/tmp/nix-shell.6FWeCn/nix-shell.uagOTr/http-gun-gate-yg0zxxef/http_gun/build/dev/erlang/gun/src/gun_http.erl:1020)
      in call from gun_http:handle_response/8 (/private/tmp/nix-shell.6FWeCn/nix-shell.uagOTr/http-gun-gate-yg0zxxef/http_gun/build/dev/erlang/gun/src/gun_http.erl:474)
      in call from gun:handle_common_connected_no_input/4 (/private/tmp/nix-shell.6FWeCn/nix-shell.uagOTr/http-gun-gate-yg0zxxef/http_gun/build/dev/erlang/gun/src/gun.erl:1641)
      in call from gen_statem:loop_state_callback/11 (gen_statem.erl:3741)
    ancestors: [gun_conns_sup,gun_sup,<0.107.0>]
    message_queue_len: 0
    messages: []
    links: [<0.109.0>,#Port<0.75>]
    dictionary: []
    trap_exit: false
    status: running
    heap_size: 10958
    stack_size: 29
    reductions: 21721
  neighbours:

=SUPERVISOR REPORT==== 1-Oct-2026::14:26:36.035061 ===
    supervisor: {local,gun_conns_sup}
    errorContext: child_terminated
    reason: {badarg,
                [{erlang,binary_to_integer,
                     [<<>>],
                     [{error_info,#{module => erl_erts_errors}}]},
                 {cow_http_hd,digits,3,
                     [{file,
                          "/private/tmp/nix-shell.6FWeCn/nix-shell.uagOTr/http-gun-gate-yg0zxxef/http_gun/build/dev/erlang/cowlib/src/cow_http_hd.erl"},
                      {line,3721}]},
                 {cow_http_hd,parse_content_length,1,
                     [{file,
                          "/private/tmp/nix-shell.6FWeCn/nix-shell.uagOTr/http-gun-gate-yg0zxxef/http_gun/build/dev/erlang/cowlib/src/cow_http_hd.erl"},
                      {line,1667}]},
                 {gun_http,response_io_from_headers,4,
                     [{file,
                          "/private/tmp/nix-shell.6FWeCn/nix-shell.uagOTr/http-gun-gate-yg0zxxef/http_gun/build/dev/erlang/gun/src/gun_http.erl"},
                      {line,1020}]},
                 {gun_http,handle_response,8,
                     [{file,
                          "/private/tmp/nix-shell.6FWeCn/nix-shell.uagOTr/http-gun-gate-yg0zxxef/http_gun/build/dev/erlang/gun/src/gun_http.erl"},
                      {line,474}]},
                 {gun,handle_common_connected_no_input,4,
                     [{file,
                          "/private/tmp/nix-shell.6FWeCn/nix-shell.uagOTr/http-gun-gate-yg0zxxef/http_gun/build/dev/erlang/gun/src/gun.erl"},
                      {line,1641}]},
                 {gen_statem,loop_state_callback,11,
                     [{file,"gen_statem.erl"},{line,3741}]},
                 {proc_lib,init_p_do_apply,3,
                     [{file,"proc_lib.erl"},{line,333}]}]}
    offender: [{pid,<0.470.0>},
               {id,gun},
               {mfargs,{gun,start_link,undefined}},
               {restart_type,temporary},
               {significant,false},
               {shutdown,5000},
               {child_type,worker}]

=ERROR REPORT==== 1-Oct-2026::14:26:36.035626 ===
** State machine <0.475.0> terminating
** Process label = {gun,{127,0,0,1},53155}
** Last event = {info,{tcp,#Port<0.78>,
                           <<"HTTP/1.1 200 OK\r\nContent-Length: -1\r\n\r\nx">>}}
** When server state  = {connected,
                         {state,<0.461.0>,
                          {up,#Ref<0.1413527512.3104833545.246878>},
                          {127,0,0,1},
                          53155,<<"http">>,
                          {127,0,0,1},
                          53155,[],
                          #{protocols => [http],
                            retry => 0,connect_timeout => 1000,
                            domain_lookup_timeout => 1000,
                            http2_opts =>
                             #{flow => 1,max_headers => 101,
                               initial_connection_window_size => 65535,
                               initial_stream_window_size => 16384,
                               notify_settings_changed => true},
                            http_opts => #{flow => 1,max_headers => 100},
                            tcp_opts =>
                             [{send_timeout,1000},{send_timeout_close,true}],
                            tls_handshake_timeout => 1000,transport => tcp},
                          undefined,#Port<0.78>,gun_tcp,true,
                          {tcp,tcp_closed,tcp_error},
                          gun_http,
                          {http_state,#Port<0.78>,gun_tcp,
                           #{flow => 1,max_headers => 100},
                           'HTTP/1.1',keepalive,<<>>,undefined,
                           [{stream,#Ref<0.1413527512.3104833546.243495>,
                             <0.476.0>,1,<<"GET">>,<<"127.0.0.1:53155">>,
                             <<"/">>,[],true,undefined}],
                           head,
                           {0,0},
                           head},
                          undefined,gun_default_event_h,undefined}}
** Reason for termination = error:badarg
** Callback modules = [gun]
** Callback mode = state_functions
** Stacktrace =
**  [{erlang,binary_to_integer,
             [<<>>],
             [{error_info,#{module => erl_erts_errors}}]},
     {cow_http_hd,digits,3,
                  [{file,"/private/tmp/nix-shell.6FWeCn/nix-shell.uagOTr/http-gun-gate-yg0zxxef/http_gun/build/dev/erlang/cowlib/src/cow_http_hd.erl"},
                   {line,3721}]},
     {cow_http_hd,parse_content_length,1,
                  [{file,"/private/tmp/nix-shell.6FWeCn/nix-shell.uagOTr/http-gun-gate-yg0zxxef/http_gun/build/dev/erlang/cowlib/src/cow_http_hd.erl"},
                   {line,1667}]},
     {gun_http,response_io_from_headers,4,
               [{file,"/private/tmp/nix-shell.6FWeCn/nix-shell.uagOTr/http-gun-gate-yg0zxxef/http_gun/build/dev/erlang/gun/src/gun_http.erl"},
                {line,1020}]},
     {gun_http,handle_response,8,
               [{file,"/private/tmp/nix-shell.6FWeCn/nix-shell.uagOTr/http-gun-gate-yg0zxxef/http_gun/build/dev/erlang/gun/src/gun_http.erl"},
                {line,474}]},
     {gun,handle_common_connected_no_input,4,
          [{file,"/private/tmp/nix-shell.6FWeCn/nix-shell.uagOTr/http-gun-gate-yg0zxxef/http_gun/build/dev/erlang/gun/src/gun.erl"},
           {line,1641}]},
     {gen_statem,loop_state_callback,11,[{file,"gen_statem.erl"},{line,3741}]},
     {proc_lib,init_p_do_apply,3,[{file,"proc_lib.erl"},{line,333}]}]

=CRASH REPORT==== 1-Oct-2026::14:26:36.035798 ===
  crasher:
    initial call: gun:init/1
    pid: <0.475.0>
    registered_name: []
    process_label: {gun,{127,0,0,1},53155}
    exception error: bad argument
      in function  binary_to_integer/1
         called as binary_to_integer(<<>>)
         *** argument 1: not a textual representation of an integer
      in call from cow_http_hd:digits/3 (/private/tmp/nix-shell.6FWeCn/nix-shell.uagOTr/http-gun-gate-yg0zxxef/http_gun/build/dev/erlang/cowlib/src/cow_http_hd.erl:3721)
      in call from cow_http_hd:parse_content_length/1 (/private/tmp/nix-shell.6FWeCn/nix-shell.uagOTr/http-gun-gate-yg0zxxef/http_gun/build/dev/erlang/cowlib/src/cow_http_hd.erl:1667)
      in call from gun_http:response_io_from_headers/4 (/private/tmp/nix-shell.6FWeCn/nix-shell.uagOTr/http-gun-gate-yg0zxxef/http_gun/build/dev/erlang/gun/src/gun_http.erl:1020)
      in call from gun_http:handle_response/8 (/private/tmp/nix-shell.6FWeCn/nix-shell.uagOTr/http-gun-gate-yg0zxxef/http_gun/build/dev/erlang/gun/src/gun_http.erl:474)
      in call from gun:handle_common_connected_no_input/4 (/private/tmp/nix-shell.6FWeCn/nix-shell.uagOTr/http-gun-gate-yg0zxxef/http_gun/build/dev/erlang/gun/src/gun.erl:1641)
      in call from gen_statem:loop_state_callback/11 (gen_statem.erl:3741)
    ancestors: [gun_conns_sup,gun_sup,<0.107.0>]
    message_queue_len: 0
    messages: []
    links: [<0.109.0>,#Port<0.78>]
    dictionary: []
    trap_exit: false
    status: running
    heap_size: 10958
    stack_size: 29
    reductions: 21588
  neighbours:

=SUPERVISOR REPORT==== 1-Oct-2026::14:26:36.036046 ===
    supervisor: {local,gun_conns_sup}
    errorContext: child_terminated
    reason: {badarg,
                [{erlang,binary_to_integer,
                     [<<>>],
                     [{error_info,#{module => erl_erts_errors}}]},
                 {cow_http_hd,digits,3,
                     [{file,
                          "/private/tmp/nix-shell.6FWeCn/nix-shell.uagOTr/http-gun-gate-yg0zxxef/http_gun/build/dev/erlang/cowlib/src/cow_http_hd.erl"},
                      {line,3721}]},
                 {cow_http_hd,parse_content_length,1,
                     [{file,
                          "/private/tmp/nix-shell.6FWeCn/nix-shell.uagOTr/http-gun-gate-yg0zxxef/http_gun/build/dev/erlang/cowlib/src/cow_http_hd.erl"},
                      {line,1667}]},
                 {gun_http,response_io_from_headers,4,
                     [{file,
                          "/private/tmp/nix-shell.6FWeCn/nix-shell.uagOTr/http-gun-gate-yg0zxxef/http_gun/build/dev/erlang/gun/src/gun_http.erl"},
                      {line,1020}]},
                 {gun_http,handle_response,8,
                     [{file,
                          "/private/tmp/nix-shell.6FWeCn/nix-shell.uagOTr/http-gun-gate-yg0zxxef/http_gun/build/dev/erlang/gun/src/gun_http.erl"},
                      {line,474}]},
                 {gun,handle_common_connected_no_input,4,
                     [{file,
                          "/private/tmp/nix-shell.6FWeCn/nix-shell.uagOTr/http-gun-gate-yg0zxxef/http_gun/build/dev/erlang/gun/src/gun.erl"},
                      {line,1641}]},
                 {gen_statem,loop_state_callback,11,
                     [{file,"gen_statem.erl"},{line,3741}]},
                 {proc_lib,init_p_do_apply,3,
                     [{file,"proc_lib.erl"},{line,333}]}]}
    offender: [{pid,<0.475.0>},
               {id,gun},
               {mfargs,{gun,start_link,undefined}},
               {restart_type,temporary},
               {significant,false},
               {shutdown,5000},
               {child_type,worker}]

[32m.[39m[32m.[39m[32m.[39m[32m.[39m[32m.[39m[32m.[39m[32m.[39m[32m.[39m[32m.[39m[32m.[39m[32m.[39m[32m.[39m[32m.[39m[32m.[39m[32m.[39m[32m.[39m[32m.[39m[32m.[39m=NOTICE REPORT==== 1-Oct-2026::14:26:38.329218 ===
TLS client: In state wait_cert_cr at ssl_handshake.erl:2254 generated CLIENT ALERT: Fatal - Unknown CA

=NOTICE REPORT==== 1-Oct-2026::14:26:38.329439 ===
TLS server: In state wait_finished received CLIENT ALERT: Fatal - Unknown CA

[32m.[39m[32m.[39m[32m.[39m[32m.[39m[32m.[39m=NOTICE REPORT==== 1-Oct-2026::14:26:38.371081 ===
TLS client: In state wait_cert_cr at ssl_handshake.erl:2262 generated CLIENT ALERT: Fatal - Bad Certificate
 - {bad_cert,{hostname_check_failed,{requested,{127,0,0,1}},
                                    {received,[{dNSName,"localhost"}]}}}
=NOTICE REPORT==== 1-Oct-2026::14:26:38.371175 ===
TLS server: In state wait_finished received CLIENT ALERT: Fatal - Bad Certificate

[32m.[39m[32m.[39m[32m.[39m[32m.[39m[32m.[39m[32m.[39m[32m.[39m[32m.[39m[32m.[39m[32m.[39m[32m.[39m[32m.[39m[32m.[39m[32m.[39m[32m.[39m[32m.[39m[32m.[39m[32m.[39m[32m.[39m[32m.[39m[32m.[39m[32m.[39m[32m.[39m[32m.[39m[32m.[39m[32m.[39m[32m.[39m[32m.[39m[32m.[39m[32m.[39m[32m.[39m[32m.[39m[32m.[39m[32m.[39m[32m.[39m[32m.[39m[32m.[39m[32m.[39m[32m.[39m[32m.[39m[32m.[39m[32m.[39m[32m.[39m[32m.[39m[32m.[39m[32m.[39m[32m.[39m[32m.[39m[32m.[39m[32m.[39m[32m.[39m[32m.[39m[32m.[39m[32m.[39m[32m.[39m[32m.[39m[32m.[39m[32m.[39m[32m.[39m[32m.[39m[32m.[39m[32m.[39m[32m.[39m[32m.[39m[32m.[39m[32m.[39m[32m.[39m[32m.[39m[32m.[39m[32m.[39m[32m.[39m[32m.[39m[32m.[39m=NOTICE REPORT==== 1-Oct-2026::14:26:41.248494 ===
SSL WARNING: Ignoring a CA cert as it could not be correctly decoded.~n
=NOTICE REPORT==== 1-Oct-2026::14:26:41.261595 ===
TLS client: In state wait_cert_cr at ssl_handshake.erl:2254 generated CLIENT ALERT: Fatal - Unknown CA

=NOTICE REPORT==== 1-Oct-2026::14:26:41.261751 ===
TLS server: In state wait_finished received CLIENT ALERT: Fatal - Unknown CA

[32m.[39m=NOTICE REPORT==== 1-Oct-2026::14:26:41.271091 ===
TLS client: In state wait_cert_cr at ssl_handshake.erl:2262 generated CLIENT ALERT: Fatal - Bad Certificate
 - {bad_cert,{hostname_check_failed,{requested,"wrong.invalid"},
                                    {received,[{dNSName,"localhost"}]}}}
=NOTICE REPORT==== 1-Oct-2026::14:26:41.271226 ===
TLS server: In state wait_finished received CLIENT ALERT: Fatal - Bad Certificate

=NOTICE REPORT==== 1-Oct-2026::14:26:41.285706 ===
TLS client: In state wait_cert_cr at ssl_handshake.erl:2254 generated CLIENT ALERT: Fatal - Unknown CA

=NOTICE REPORT==== 1-Oct-2026::14:26:41.285834 ===
TLS server: In state wait_finished received CLIENT ALERT: Fatal - Unknown CA

[32m.[39m[32m.[39m[32m
128 passed, no failures[39m
Production dependency, Dynamic and public-consumer boundaries passed.
  Resolving versions
Downloading packages
 Downloaded 11 packages in 0.05s
      Added cowlib v2.20.0
      Added file_streams v1.7.0
      Added filepath v1.1.2
      Added gleam_erlang v1.3.0
      Added gleam_http v4.4.0
      Added gleam_json v3.1.0
      Added gleam_otp v1.3.0
      Added gleam_stdlib v1.0.5
      Added gun v2.6.0
      Added http_gun v0.1.0
      Added simplifile v2.7.0
      Added sinal v0.1.0
      Added telemetry v1.4.2
  Compiling cowlib
===> Analyzing applications...
===> Compiling cowlib
  Compiling gleam_stdlib
  Compiling file_streams
  Compiling filepath
  Compiling gleam_erlang
  Compiling gleam_http
  Compiling gleam_json
  Compiling gleam_otp
  Compiling gun
===> Analyzing applications...
===> Compiling gun
  Compiling simplifile
  Compiling telemetry
===> Analyzing applications...
===> Compiling telemetry
  Compiling sinal
  Compiling http_gun
  Compiling stdlib_consumer
   Compiled in 14.44s
    Running stdlib_consumer.main
  Resolving versions
Downloading packages
 Downloaded 12 packages in 0.05s
      Added cowlib v2.20.0
      Added file_streams v1.7.0
      Added filepath v1.1.2
      Added gleam_erlang v1.3.0
      Added gleam_http v4.4.0
      Added gleam_json v3.1.0
      Added gleam_otp v1.3.0
      Added gleam_stdlib v1.0.5
      Added gleeunit v1.11.0
      Added gun v2.6.0
      Added simplifile v2.7.0
      Added sinal v0.1.0
      Added telemetry v1.4.2
  Compiling cowlib
===> Analyzing applications...
===> Compiling cowlib
  Compiling gleam_stdlib
  Compiling file_streams
  Compiling filepath
  Compiling gleam_erlang
  Compiling gleam_http
  Compiling gleam_json
  Compiling gleam_otp
  Compiling gleeunit
  Compiling gun
===> Analyzing applications...
===> Compiling gun
  Compiling simplifile
  Compiling telemetry
===> Analyzing applications...
===> Compiling telemetry
  Compiling sinal
   Checking http_gun
   Compiled in 14.12s
  Resolving versions
  Compiling http_gun
   Compiled in 0.49s
   Compiled in 0.21s
    Running http_gun_test.main
[32m.[39m[32m.[39m[32m.[39m[32m.[39m[32m.[39m[32m.[39m[32m.[39m[32m.[39m[32m.[39m[32m.[39m[32m.[39m[32m.[39m[32m.[39m=CRASH REPORT==== 1-Oct-2026::14:27:13.480951 ===
  crasher:
    initial call: http_gun@internal@preparation:'-start/5-anonymous-0-'/0
    pid: <0.253.0>
    registered_name: []
    exception error: #{function =>
                           <<"throwing_resolver_is_typed_and_does_not_kill_pool_test">>,
                       line => 536,message => <<"injected resolver failure">>,
                       module => <<"http_gun_destination_test">>,
                       file => <<"test/http_gun_destination_test.gleam">>,
                       gleam_error => panic}
      in function  http_gun_destination_test:'-throwing_resolver_is_typed_and_does_not_kill_pool_test/0-anonymous-0-'/2 (test/http_gun_destination_test.gleam:535)
      in call from http_gun@internal@resolution:'-resolve/3-anonymous-4-'/4 (src/http_gun/internal/resolution.gleam:50)
      in call from http_gun@internal@preparation:'-start/5-anonymous-0-'/2 (src/http_gun/internal/preparation.gleam:22)
    ancestors: [<0.252.0>,<0.251.0>,<0.120.0>]
    message_queue_len: 0
    messages: []
    links: [<0.252.0>]
    dictionary: []
    trap_exit: false
    status: running
    heap_size: 233
    stack_size: 29
    reductions: 60
  neighbours:

[32m.[39m[32m.[39m[32m.[39m=NOTICE REPORT==== 1-Oct-2026::14:27:13.759200 ===
TLS client: In state wait_cert_cr at ssl_handshake.erl:2262 generated CLIENT ALERT: Fatal - Bad Certificate
 - {bad_cert,{hostname_check_failed,{requested,{127,0,0,1}},
                                    {received,[{dNSName,"localhost"}]}}}
=NOTICE REPORT==== 1-Oct-2026::14:27:13.759343 ===
TLS server: In state wait_finished received CLIENT ALERT: Fatal - Bad Certificate

[32m.[39m=NOTICE REPORT==== 1-Oct-2026::14:27:13.772731 ===
TLS client: In state wait_cert_cr at ssl_handshake.erl:2262 generated CLIENT ALERT: Fatal - Bad Certificate
 - {bad_cert,{hostname_check_failed,{requested,"wrong.invalid"},
                                    {received,[{dNSName,"localhost"}]}}}
=NOTICE REPORT==== 1-Oct-2026::14:27:13.772816 ===
TLS server: In state wait_finished received CLIENT ALERT: Fatal - Bad Certificate

[32m.[39m[32m.[39m[32m.[39m[32m.[39m[32m.[39m[32m.[39m[32m.[39m[32m.[39m[32m.[39m[32m.[39m[32m.[39m[32m.[39m=ERROR REPORT==== 1-Oct-2026::14:27:13.820545 ===
** State machine <0.470.0> terminating
** Process label = {gun,{127,0,0,1},54134}
** Last event = {info,{tcp,#Port<0.75>,
                           <<"HTTP/1.1 200 OK\r\nContent-Length: +1\r\n\r\nx">>}}
** When server state  = {connected,
                         {state,<0.461.0>,
                          {up,#Ref<0.3903637656.420478987.162912>},
                          {127,0,0,1},
                          54134,<<"http">>,
                          {127,0,0,1},
                          54134,[],
                          #{protocols => [http],
                            retry => 0,connect_timeout => 1000,
                            domain_lookup_timeout => 1000,
                            http2_opts =>
                             #{flow => 1,max_headers => 101,
                               initial_connection_window_size => 65535,
                               initial_stream_window_size => 16384,
                               notify_settings_changed => true},
                            http_opts => #{flow => 1,max_headers => 100},
                            tcp_opts =>
                             [{send_timeout,1000},{send_timeout_close,true}],
                            tls_handshake_timeout => 1000,transport => tcp},
                          undefined,#Port<0.75>,gun_tcp,true,
                          {tcp,tcp_closed,tcp_error},
                          gun_http,
                          {http_state,#Port<0.75>,gun_tcp,
                           #{flow => 1,max_headers => 100},
                           'HTTP/1.1',keepalive,<<>>,undefined,
                           [{stream,#Ref<0.3903637656.420478987.162928>,
                             <0.471.0>,1,<<"GET">>,<<"127.0.0.1:54134">>,
                             <<"/">>,[],true,undefined}],
                           head,
                           {0,0},
                           head},
                          undefined,gun_default_event_h,undefined}}
** Reason for termination = error:badarg
** Callback modules = [gun]
** Callback mode = state_functions
** Stacktrace =
**  [{erlang,binary_to_integer,
             [<<>>],
             [{error_info,#{module => erl_erts_errors}}]},
     {cow_http_hd,digits,3,
                  [{file,"/private/tmp/nix-shell.6FWeCn/nix-shell.uagOTr/http-gun-stdlib-_sn4pban/http_gun/build/dev/erlang/cowlib/src/cow_http_hd.erl"},
                   {line,3721}]},
     {cow_http_hd,parse_content_length,1,
                  [{file,"/private/tmp/nix-shell.6FWeCn/nix-shell.uagOTr/http-gun-stdlib-_sn4pban/http_gun/build/dev/erlang/cowlib/src/cow_http_hd.erl"},
                   {line,1667}]},
     {gun_http,response_io_from_headers,4,
               [{file,"/private/tmp/nix-shell.6FWeCn/nix-shell.uagOTr/http-gun-stdlib-_sn4pban/http_gun/build/dev/erlang/gun/src/gun_http.erl"},
                {line,1020}]},
     {gun_http,handle_response,8,
               [{file,"/private/tmp/nix-shell.6FWeCn/nix-shell.uagOTr/http-gun-stdlib-_sn4pban/http_gun/build/dev/erlang/gun/src/gun_http.erl"},
                {line,474}]},
     {gun,handle_common_connected_no_input,4,
          [{file,"/private/tmp/nix-shell.6FWeCn/nix-shell.uagOTr/http-gun-stdlib-_sn4pban/http_gun/build/dev/erlang/gun/src/gun.erl"},
           {line,1641}]},
     {gen_statem,loop_state_callback,11,[{file,"gen_statem.erl"},{line,3741}]},
     {proc_lib,init_p_do_apply,3,[{file,"proc_lib.erl"},{line,333}]}]

=CRASH REPORT==== 1-Oct-2026::14:27:13.820768 ===
  crasher:
    initial call: gun:init/1
    pid: <0.470.0>
    registered_name: []
    process_label: {gun,{127,0,0,1},54134}
    exception error: bad argument
      in function  binary_to_integer/1
         called as binary_to_integer(<<>>)
         *** argument 1: not a textual representation of an integer
      in call from cow_http_hd:digits/3 (/private/tmp/nix-shell.6FWeCn/nix-shell.uagOTr/http-gun-stdlib-_sn4pban/http_gun/build/dev/erlang/cowlib/src/cow_http_hd.erl:3721)
      in call from cow_http_hd:parse_content_length/1 (/private/tmp/nix-shell.6FWeCn/nix-shell.uagOTr/http-gun-stdlib-_sn4pban/http_gun/build/dev/erlang/cowlib/src/cow_http_hd.erl:1667)
      in call from gun_http:response_io_from_headers/4 (/private/tmp/nix-shell.6FWeCn/nix-shell.uagOTr/http-gun-stdlib-_sn4pban/http_gun/build/dev/erlang/gun/src/gun_http.erl:1020)
      in call from gun_http:handle_response/8 (/private/tmp/nix-shell.6FWeCn/nix-shell.uagOTr/http-gun-stdlib-_sn4pban/http_gun/build/dev/erlang/gun/src/gun_http.erl:474)
      in call from gun:handle_common_connected_no_input/4 (/private/tmp/nix-shell.6FWeCn/nix-shell.uagOTr/http-gun-stdlib-_sn4pban/http_gun/build/dev/erlang/gun/src/gun.erl:1641)
      in call from gen_statem:loop_state_callback/11 (gen_statem.erl:3741)
    ancestors: [gun_conns_sup,gun_sup,<0.107.0>]
    message_queue_len: 0
    messages: []
    links: [<0.109.0>,#Port<0.75>]
    dictionary: []
    trap_exit: false
    status: running
    heap_size: 10958
    stack_size: 29
    reductions: 21763
  neighbours:

=SUPERVISOR REPORT==== 1-Oct-2026::14:27:13.823124 ===
    supervisor: {local,gun_conns_sup}
    errorContext: child_terminated
    reason: {badarg,
                [{erlang,binary_to_integer,
                     [<<>>],
                     [{error_info,#{module => erl_erts_errors}}]},
                 {cow_http_hd,digits,3,
                     [{file,
                          "/private/tmp/nix-shell.6FWeCn/nix-shell.uagOTr/http-gun-stdlib-_sn4pban/http_gun/build/dev/erlang/cowlib/src/cow_http_hd.erl"},
                      {line,3721}]},
                 {cow_http_hd,parse_content_length,1,
                     [{file,
                          "/private/tmp/nix-shell.6FWeCn/nix-shell.uagOTr/http-gun-stdlib-_sn4pban/http_gun/build/dev/erlang/cowlib/src/cow_http_hd.erl"},
                      {line,1667}]},
                 {gun_http,response_io_from_headers,4,
                     [{file,
                          "/private/tmp/nix-shell.6FWeCn/nix-shell.uagOTr/http-gun-stdlib-_sn4pban/http_gun/build/dev/erlang/gun/src/gun_http.erl"},
                      {line,1020}]},
                 {gun_http,handle_response,8,
                     [{file,
                          "/private/tmp/nix-shell.6FWeCn/nix-shell.uagOTr/http-gun-stdlib-_sn4pban/http_gun/build/dev/erlang/gun/src/gun_http.erl"},
                      {line,474}]},
                 {gun,handle_common_connected_no_input,4,
                     [{file,
                          "/private/tmp/nix-shell.6FWeCn/nix-shell.uagOTr/http-gun-stdlib-_sn4pban/http_gun/build/dev/erlang/gun/src/gun.erl"},
                      {line,1641}]},
                 {gen_statem,loop_state_callback,11,
                     [{file,"gen_statem.erl"},{line,3741}]},
                 {proc_lib,init_p_do_apply,3,
                     [{file,"proc_lib.erl"},{line,333}]}]}
    offender: [{pid,<0.470.0>},
               {id,gun},
               {mfargs,{gun,start_link,undefined}},
               {restart_type,temporary},
               {significant,false},
               {shutdown,5000},
               {child_type,worker}]

=ERROR REPORT==== 1-Oct-2026::14:27:13.823594 ===
** State machine <0.475.0> terminating
** Process label = {gun,{127,0,0,1},54136}
** Last event = {info,{tcp,#Port<0.78>,
                           <<"HTTP/1.1 200 OK\r\nContent-Length: -1\r\n\r\nx">>}}
** When server state  = {connected,
                         {state,<0.461.0>,
                          {up,#Ref<0.3903637656.420478987.162946>},
                          {127,0,0,1},
                          54136,<<"http">>,
                          {127,0,0,1},
                          54136,[],
                          #{protocols => [http],
                            retry => 0,connect_timeout => 1000,
                            domain_lookup_timeout => 1000,
                            http2_opts =>
                             #{flow => 1,max_headers => 101,
                               initial_connection_window_size => 65535,
                               initial_stream_window_size => 16384,
                               notify_settings_changed => true},
                            http_opts => #{flow => 1,max_headers => 100},
                            tcp_opts =>
                             [{send_timeout,1000},{send_timeout_close,true}],
                            tls_handshake_timeout => 1000,transport => tcp},
                          undefined,#Port<0.78>,gun_tcp,true,
                          {tcp,tcp_closed,tcp_error},
                          gun_http,
                          {http_state,#Port<0.78>,gun_tcp,
                           #{flow => 1,max_headers => 100},
                           'HTTP/1.1',keepalive,<<>>,undefined,
                           [{stream,#Ref<0.3903637656.420478987.162961>,
                             <0.476.0>,1,<<"GET">>,<<"127.0.0.1:54136">>,
                             <<"/">>,[],true,undefined}],
                           head,
                           {0,0},
                           head},
                          undefined,gun_default_event_h,undefined}}
** Reason for termination = error:badarg
** Callback modules = [gun]
** Callback mode = state_functions
** Stacktrace =
**  [{erlang,binary_to_integer,
             [<<>>],
             [{error_info,#{module => erl_erts_errors}}]},
     {cow_http_hd,digits,3,
                  [{file,"/private/tmp/nix-shell.6FWeCn/nix-shell.uagOTr/http-gun-stdlib-_sn4pban/http_gun/build/dev/erlang/cowlib/src/cow_http_hd.erl"},
                   {line,3721}]},
     {cow_http_hd,parse_content_length,1,
                  [{file,"/private/tmp/nix-shell.6FWeCn/nix-shell.uagOTr/http-gun-stdlib-_sn4pban/http_gun/build/dev/erlang/cowlib/src/cow_http_hd.erl"},
                   {line,1667}]},
     {gun_http,response_io_from_headers,4,
               [{file,"/private/tmp/nix-shell.6FWeCn/nix-shell.uagOTr/http-gun-stdlib-_sn4pban/http_gun/build/dev/erlang/gun/src/gun_http.erl"},
                {line,1020}]},
     {gun_http,handle_response,8,
               [{file,"/private/tmp/nix-shell.6FWeCn/nix-shell.uagOTr/http-gun-stdlib-_sn4pban/http_gun/build/dev/erlang/gun/src/gun_http.erl"},
                {line,474}]},
     {gun,handle_common_connected_no_input,4,
          [{file,"/private/tmp/nix-shell.6FWeCn/nix-shell.uagOTr/http-gun-stdlib-_sn4pban/http_gun/build/dev/erlang/gun/src/gun.erl"},
           {line,1641}]},
     {gen_statem,loop_state_callback,11,[{file,"gen_statem.erl"},{line,3741}]},
     {proc_lib,init_p_do_apply,3,[{file,"proc_lib.erl"},{line,333}]}]

=CRASH REPORT==== 1-Oct-2026::14:27:13.823781 ===
  crasher:
    initial call: gun:init/1
    pid: <0.475.0>
    registered_name: []
    process_label: {gun,{127,0,0,1},54136}
    exception error: bad argument
      in function  binary_to_integer/1
         called as binary_to_integer(<<>>)
         *** argument 1: not a textual representation of an integer
      in call from cow_http_hd:digits/3 (/private/tmp/nix-shell.6FWeCn/nix-shell.uagOTr/http-gun-stdlib-_sn4pban/http_gun/build/dev/erlang/cowlib/src/cow_http_hd.erl:3721)
      in call from cow_http_hd:parse_content_length/1 (/private/tmp/nix-shell.6FWeCn/nix-shell.uagOTr/http-gun-stdlib-_sn4pban/http_gun/build/dev/erlang/cowlib/src/cow_http_hd.erl:1667)
      in call from gun_http:response_io_from_headers/4 (/private/tmp/nix-shell.6FWeCn/nix-shell.uagOTr/http-gun-stdlib-_sn4pban/http_gun/build/dev/erlang/gun/src/gun_http.erl:1020)
      in call from gun_http:handle_response/8 (/private/tmp/nix-shell.6FWeCn/nix-shell.uagOTr/http-gun-stdlib-_sn4pban/http_gun/build/dev/erlang/gun/src/gun_http.erl:474)
      in call from gun:handle_common_connected_no_input/4 (/private/tmp/nix-shell.6FWeCn/nix-shell.uagOTr/http-gun-stdlib-_sn4pban/http_gun/build/dev/erlang/gun/src/gun.erl:1641)
      in call from gen_statem:loop_state_callback/11 (gen_statem.erl:3741)
    ancestors: [gun_conns_sup,gun_sup,<0.107.0>]
    message_queue_len: 0
    messages: []
    links: [<0.109.0>,#Port<0.78>]
    dictionary: []
    trap_exit: false
    status: running
    heap_size: 10958
    stack_size: 29
    reductions: 21632
  neighbours:

=SUPERVISOR REPORT==== 1-Oct-2026::14:27:13.823961 ===
    supervisor: {local,gun_conns_sup}
    errorContext: child_terminated
    reason: {badarg,
                [{erlang,binary_to_integer,
                     [<<>>],
                     [{error_info,#{module => erl_erts_errors}}]},
                 {cow_http_hd,digits,3,
                     [{file,
                          "/private/tmp/nix-shell.6FWeCn/nix-shell.uagOTr/http-gun-stdlib-_sn4pban/http_gun/build/dev/erlang/cowlib/src/cow_http_hd.erl"},
                      {line,3721}]},
                 {cow_http_hd,parse_content_length,1,
                     [{file,
                          "/private/tmp/nix-shell.6FWeCn/nix-shell.uagOTr/http-gun-stdlib-_sn4pban/http_gun/build/dev/erlang/cowlib/src/cow_http_hd.erl"},
                      {line,1667}]},
                 {gun_http,response_io_from_headers,4,
                     [{file,
                          "/private/tmp/nix-shell.6FWeCn/nix-shell.uagOTr/http-gun-stdlib-_sn4pban/http_gun/build/dev/erlang/gun/src/gun_http.erl"},
                      {line,1020}]},
                 {gun_http,handle_response,8,
                     [{file,
                          "/private/tmp/nix-shell.6FWeCn/nix-shell.uagOTr/http-gun-stdlib-_sn4pban/http_gun/build/dev/erlang/gun/src/gun_http.erl"},
                      {line,474}]},
                 {gun,handle_common_connected_no_input,4,
                     [{file,
                          "/private/tmp/nix-shell.6FWeCn/nix-shell.uagOTr/http-gun-stdlib-_sn4pban/http_gun/build/dev/erlang/gun/src/gun.erl"},
                      {line,1641}]},
                 {gen_statem,loop_state_callback,11,
                     [{file,"gen_statem.erl"},{line,3741}]},
                 {proc_lib,init_p_do_apply,3,
                     [{file,"proc_lib.erl"},{line,333}]}]}
    offender: [{pid,<0.475.0>},
               {id,gun},
               {mfargs,{gun,start_link,undefined}},
               {restart_type,temporary},
               {significant,false},
               {shutdown,5000},
               {child_type,worker}]

[32m.[39m[32m.[39m[32m.[39m[32m.[39m[32m.[39m[32m.[39m[32m.[39m[32m.[39m[32m.[39m[32m.[39m[32m.[39m[32m.[39m[32m.[39m[32m.[39m[32m.[39m[32m.[39m[32m.[39m[32m.[39m=NOTICE REPORT==== 1-Oct-2026::14:27:16.128825 ===
TLS client: In state wait_cert_cr at ssl_handshake.erl:2254 generated CLIENT ALERT: Fatal - Unknown CA

=NOTICE REPORT==== 1-Oct-2026::14:27:16.129964 ===
TLS server: In state wait_finished received CLIENT ALERT: Fatal - Unknown CA

[32m.[39m[32m.[39m[32m.[39m[32m.[39m[32m.[39m=NOTICE REPORT==== 1-Oct-2026::14:27:16.169762 ===
TLS client: In state wait_cert_cr at ssl_handshake.erl:2262 generated CLIENT ALERT: Fatal - Bad Certificate
 - {bad_cert,{hostname_check_failed,{requested,{127,0,0,1}},
                                    {received,[{dNSName,"localhost"}]}}}
=NOTICE REPORT==== 1-Oct-2026::14:27:16.169826 ===
TLS server: In state wait_finished received CLIENT ALERT: Fatal - Bad Certificate

[32m.[39m[32m.[39m[32m.[39m[32m.[39m[32m.[39m[32m.[39m[32m.[39m[32m.[39m[32m.[39m[32m.[39m[32m.[39m[32m.[39m[32m.[39m[32m.[39m[32m.[39m[32m.[39m[32m.[39m[32m.[39m[32m.[39m[32m.[39m[32m.[39m[32m.[39m
[1m[31mpanic[39m[22m [90msrc/gleeunit/should.gleam:10[39m
[36m test[39m: http_gun_pool_test.eligible_origins_take_turns_under_shared_body_capacity_test
[36m info[39m: 
"/b"
should equal
"/a1"
[32m.[39m[32m.[39m[32m.[39m[32m.[39m[32m.[39m[32m.[39m[32m.[39m[32m.[39m[32m.[39m[32m.[39m[32m.[39m[32m.[39m[32m.[39m[32m.[39m[32m.[39m[32m.[39m[32m.[39m[32m.[39m[32m.[39m[32m.[39m[32m.[39m[32m.[39m[32m.[39m[32m.[39m[32m.[39m[32m.[39m[32m.[39m[32m.[39m[32m.[39m[32m.[39m[32m.[39m[32m.[39m[32m.[39m[32m.[39m[32m.[39m[32m.[39m[32m.[39m[32m.[39m[32m.[39m[32m.[39m[32m.[39m[32m.[39m[32m.[39m[32m.[39m[32m.[39m[32m.[39m[32m.[39m[32m.[39m[32m.[39m[32m.[39m=NOTICE REPORT==== 1-Oct-2026::14:27:19.001334 ===
SSL WARNING: Ignoring a CA cert as it could not be correctly decoded.~n
=NOTICE REPORT==== 1-Oct-2026::14:27:19.011361 ===
TLS client: In state wait_cert_cr at ssl_handshake.erl:2254 generated CLIENT ALERT: Fatal - Unknown CA

=NOTICE REPORT==== 1-Oct-2026::14:27:19.011444 ===
TLS server: In state wait_finished received CLIENT ALERT: Fatal - Unknown CA

[32m.[39m=NOTICE REPORT==== 1-Oct-2026::14:27:19.021855 ===
TLS client: In state wait_cert_cr at ssl_handshake.erl:2262 generated CLIENT ALERT: Fatal - Bad Certificate
 - {bad_cert,{hostname_check_failed,{requested,"wrong.invalid"},
                                    {received,[{dNSName,"localhost"}]}}}
=NOTICE REPORT==== 1-Oct-2026::14:27:19.021959 ===
TLS server: In state wait_finished received CLIENT ALERT: Fatal - Bad Certificate

=NOTICE REPORT==== 1-Oct-2026::14:27:19.033909 ===
TLS client: In state wait_cert_cr at ssl_handshake.erl:2254 generated CLIENT ALERT: Fatal - Unknown CA

=NOTICE REPORT==== 1-Oct-2026::14:27:19.034007 ===
TLS server: In state wait_finished received CLIENT ALERT: Fatal - Unknown CA

[32m.[39m[32m.[39m[31m
127 passed, 1 failures[39m
Traceback (most recent call last):
  File "/private/tmp/nix-shell.6FWeCn/nix-shell.uagOTr/http-gun-gate-yg0zxxef/http_gun/dev/check_stdlib.py", line 45, in <module>
    subprocess.run(["sh", "dev/gate", "fast"], cwd=package,
    ~~~~~~~~~~~~~~^^^^^^^^^^^^^^^^^^^^^^^^^^^^^^^^^^^^^^^^^
                   env=dict(os.environ, HTTP_GUN_ISOLATED_GATE="1"), check=True)
                   ^^^^^^^^^^^^^^^^^^^^^^^^^^^^^^^^^^^^^^^^^^^^^^^^^^^^^^^^^^^^^
  File "/nix/store/4l8r0s2r5fna7src82b5fc2hixdvfyw0-python3-3.14.7/lib/python3.14/subprocess.py", line 578, in run
    raise CalledProcessError(retcode, process.args,
                             output=stdout, stderr=stderr)
subprocess.CalledProcessError: Command '['sh', 'dev/gate', 'fast']' returned non-zero exit status 1.
