  Resolving versions
Downloading packages
 Downloaded 10 packages in 0.04s
  Compiling cowlib
===> Analyzing applications...
===> Compiling cowlib
  Compiling gleam_stdlib
/private/tmp/nix-shell.lIRzsq/tmp.MEg5FmXzgh/async/build/dev/erlang/gleam_stdlib/_gleam_artefacts/gleam_stdlib.erl:75:10: Warning: 'catch ...' is deprecated; please use 'try ... catch ... end' instead.
Compile directive 'nowarn_deprecated_catch' can be used to suppress
warnings in selected modules.
%   75|     case catch binary_to_integer(String, Base) of
%     |          ^

/private/tmp/nix-shell.lIRzsq/tmp.MEg5FmXzgh/async/build/dev/erlang/gleam_stdlib/_gleam_artefacts/gleam_stdlib.erl:81:10: Warning: 'catch ...' is deprecated; please use 'try ... catch ... end' instead.
Compile directive 'nowarn_deprecated_catch' can be used to suppress
warnings in selected modules.
%   81|     case catch binary_to_integer(String) of
%     |          ^

/private/tmp/nix-shell.lIRzsq/tmp.MEg5FmXzgh/async/build/dev/erlang/gleam_stdlib/_gleam_artefacts/gleam_stdlib.erl:87:10: Warning: 'catch ...' is deprecated; please use 'try ... catch ... end' instead.
Compile directive 'nowarn_deprecated_catch' can be used to suppress
warnings in selected modules.
%   87|     case catch binary_to_float(String) of
%     |          ^

  Compiling file_streams
  Compiling filepath
  Compiling gleam_erlang
  Compiling gleam_http
  Compiling gleam_json
  Compiling gleam_otp
  Compiling gun
===> Analyzing applications...
===> Compiling gun
  Compiling simplifile
  Compiling http_gun
  Compiling http_gun_async
warning: Unused variable
   ┌─ /private/tmp/nix-shell.lIRzsq/tmp.MEg5FmXzgh/async/test/http_gun_async_startup_test.gleam:22:7
   │
22 │   let failure = error.Failure(error.ClientClosed, error.NotSubmitted)
   │       ^^^^^^^ This variable is never used

Hint: You can ignore it with an underscore: `_failure`.

warning: Unused variable
   ┌─ /private/tmp/nix-shell.lIRzsq/tmp.MEg5FmXzgh/async/test/http_gun_async_startup_test.gleam:23:28
   │
23 │   let assert Error(Startup(failure)) =
   │                            ^^^^^^^ This variable is never used

Hint: You can ignore it with an underscore: `_failure`.

warning: Unused variable
   ┌─ /private/tmp/nix-shell.lIRzsq/tmp.MEg5FmXzgh/async/test/http_gun_async_startup_test.gleam:31:36
   │
31 │     let assert Error(feed_job.Http(failure)) =
   │                                    ^^^^^^^ This variable is never used

Hint: You can ignore it with an underscore: `_failure`.

error: Type mismatch
   ┌─ /private/tmp/nix-shell.lIRzsq/tmp.MEg5FmXzgh/async/test/http_gun_async_startup_test.gleam:30:25
   │  
30 │     int.range(0, 64, Nil, fn(_, _) {
   │ ╭─────────────────────────^
31 │ │     let assert Error(feed_job.Http(failure)) =
32 │ │       feed_job.start(
33 │ │         client,
   · │
37 │ │       )
38 │ │   })
   │ ╰───^

Expected type:

    fn(Nil, Int) -> Nil

Found type:

    fn(Nil, Int) -> Result(feed_job.Job, feed_job.Problem)

