  Resolving versions
Downloading packages
 Downloaded 10 packages in 0.05s
  Compiling cowlib
===> Analyzing applications...
===> Compiling cowlib
  Compiling gleam_stdlib
/private/tmp/nix-shell.Wh1dGi/tmp.IicHO6gDT9/async/build/dev/erlang/gleam_stdlib/_gleam_artefacts/gleam_stdlib.erl:75:10: Warning: 'catch ...' is deprecated; please use 'try ... catch ... end' instead.
Compile directive 'nowarn_deprecated_catch' can be used to suppress
warnings in selected modules.
%   75|     case catch binary_to_integer(String, Base) of
%     |          ^

/private/tmp/nix-shell.Wh1dGi/tmp.IicHO6gDT9/async/build/dev/erlang/gleam_stdlib/_gleam_artefacts/gleam_stdlib.erl:81:10: Warning: 'catch ...' is deprecated; please use 'try ... catch ... end' instead.
Compile directive 'nowarn_deprecated_catch' can be used to suppress
warnings in selected modules.
%   81|     case catch binary_to_integer(String) of
%     |          ^

/private/tmp/nix-shell.Wh1dGi/tmp.IicHO6gDT9/async/build/dev/erlang/gleam_stdlib/_gleam_artefacts/gleam_stdlib.erl:87:10: Warning: 'catch ...' is deprecated; please use 'try ... catch ... end' instead.
Compile directive 'nowarn_deprecated_catch' can be used to suppress
warnings in selected modules.
%   87|     case catch binary_to_float(String) of
%     |          ^

  Compiling file_streams
  Compiling filepath
  Compiling gleam_erlang
  Compiling gleam_http
  Compiling gleam_json
  Compiling gleam_otp
  Compiling gun
===> Analyzing applications...
===> Compiling gun
  Compiling simplifile
  Compiling http_gun
  Compiling http_gun_async
   Compiled in 12.89s
   Compiled in 0.21s
    Running http_gun_async.main
Two application-owned jobs completed on one shared client.
   Compiled in 0.18s
    Running http_gun_async_test.main
PASS head gap, header/body cancellation, shared-client reuse
PASS admission and TLS-connection cancellation
Ceiling probe: supplied 5000 ms, client 100 ms, supplied budget still has 4898 ms
PASS ceiling, queued expiry, expired budget, read wait
=CRASH REPORT==== 30-Sep-2026::23:17:24.961280 ===
  crasher:
    initial call: http_gun_async@feed_job:'-start/4-anonymous-5-'/0
    pid: <0.174.0>
    registered_name: []
    exception error: #{function => <<"early_error_and_exception">>,
                       line => 226,message => <<"controlled sink exception">>,
                       module => <<"http_gun_async_test">>,
                       file => <<"test/http_gun_async_test.gleam">>,
                       gleam_error => panic}
      in function  http_gun_async_test:'-early_error_and_exception/0-anonymous-2-'/1 (test/http_gun_async_test.gleam:236)
      in call from http_gun_async@feed_job:read/3 (src/http_gun_async/feed_job.gleam:139)
      in call from http_gun_ffi:scoped/2 (/private/tmp/nix-shell.Wh1dGi/tmp.IicHO6gDT9/async/build/dev/erlang/http_gun/_gleam_artefacts/http_gun_ffi.erl:49)
      in call from http_gun:'-with_response_with_options/4-anonymous-2-'/2 (src/http_gun.gleam:108)
      in call from http_gun:try_with_response_with_options/5 (src/http_gun.gleam:137)
      in call from http_gun_ffi:scoped/2 (/private/tmp/nix-shell.Wh1dGi/tmp.IicHO6gDT9/async/build/dev/erlang/http_gun/_gleam_artefacts/http_gun_ffi.erl:49)
      in call from http_gun@cancellation:'-with_token/1-anonymous-6-'/2 (src/http_gun/cancellation.gleam:52)
      in call from http_gun@cancellation:try_with_token/2 (src/http_gun/cancellation.gleam:57)
    ancestors: [<0.82.0>]
    message_queue_len: 0
    messages: []
    links: []
    dictionary: []
    trap_exit: false
    status: running
    heap_size: 233
    stack_size: 29
    reductions: 736
  neighbours:

PASS early stop, sink error, exception cleanup
PASS consumer death, copied job, bounded worker shutdown
PASS shared body cursor, wrong owner, conflicting read, idempotent close
=SUPERVISOR REPORT==== 30-Sep-2026::23:17:24.985232 ===
    supervisor: {<0.200.0>,gleam@otp@static_supervisor}
    errorContext: child_terminated
    reason: normal
    offender: [{pid,<0.201.0>},
               {id,0},
               {mfargs,
                   {gleam@otp@static_supervisor,start_child_callback,
                       [#Fun<gleam@otp@supervision.0.84844907>]}},
               {restart_type,permanent},
               {significant,false},
               {shutdown,5000},
               {child_type,worker}]

PASS supervision restart, new capability, stale capability
PASS same async consumer live/script/record/replay, strict matching, two fallible-scope use cases
PASS verified H2, one connection, cancelled job and unfinished healthy sibling
PASS synchronous sink backpressure and shared-client shutdown
PASS live prefix recording/offline replay and independent capture failure
  Compiling http_gun
  Compiling http_gun_async
   Compiled in 0.63s
    Running http_gun_async_startup_test.main
[31;1mruntime error[39m: let assert[0m

Pattern match failed, no pattern matched the value.

unmatched value:
  False

stacktrace:
  http_gun_async_startup_test.main[90m test/http_gun_async_startup_test.gleam:41[0m

