{"client":"gun","scenario":"bounded","requests":1000,"connection_cap":4,"trial":"narrow-profile","elapsed_us":40632,"p50_us":149,"p95_us":225,"p99_us":317,"connections":4,"failures":0,"failure_examples":[],"bytes":3000,"peak_vm_bytes":55372700,"peak_total_mailbox":5,"peak_one_mailbox":3,"peak_processes":101,"peak_ports":11}
FUNCTION                                                 CALLS  TIME (us)  PER CALL  [    %]
http_gun@internal@pool:origin/1                           2038      12197      5.98  [32.10]
http_gun@internal@pool:launch/3                           1002       5766      5.75  [15.18]
http_gun@internal@pool:admit_live/3                       1019       3153      3.09  [ 8.30]
http_gun@internal@pool:'-validate/2-anonymous-5-'/3       1002       2875      2.87  [ 7.57]
http_gun@internal@pool:'-open/2-anonymous-1-'/3           1002       2380      2.38  [ 6.26]
http_gun@internal@pool:'-validate/2-anonymous-0-'/2       5010       1611      0.32  [ 4.24]
http_gun@internal@pool:'-validate/2-anonymous-1-'/2       5010       1416      0.28  [ 3.73]
http_gun@internal@pool:'-validate/2-anonymous-2-'/2       5010       1271      0.25  [ 3.35]
http_gun@internal@pool:open_request/5                     1002       1088      1.09  [ 2.86]
http_gun@internal@pool:process_lost/2                     1003       1083      1.08  [ 2.85]
http_gun@internal@pool:release_body/4                     1002        836      0.83  [ 2.20]
http_gun@internal@pool:'-start_mode/2-anonymous-5-'/3        1        565    565.00  [ 1.49]
http_gun@internal@pool:dispatch/1                         2011        299      0.15  [ 0.79]
http_gun@internal@pool:'-release_body/4-anonymous-1-'/3   3994        289      0.07  [ 0.76]
http_gun@internal@pool:'-process_lost/2-anonymous-4-'/2   3787        286      0.08  [ 0.75]
http_gun@internal@pool:'-launch/3-anonymous-1-'/2         3988        277      0.07  [ 0.73]
http_gun@internal@pool:'-launch/3-anonymous-0-'/3         1002        276      0.28  [ 0.73]
http_gun@internal@pool:'-process_lost/2-anonymous-7-'/3   3994        254      0.06  [ 0.67]
http_gun@internal@pool:'-release_body/4-anonymous-2-'/2   3706        214      0.06  [ 0.56]
http_gun@internal@pool:'-process_lost/2-anonymous-0-'/2   3994        212      0.05  [ 0.56]
http_gun@internal@pool:handle/2                           3014        206      0.07  [ 0.54]
http_gun@internal@pool:'-process_lost/2-anonymous-5-'/2   3787        203      0.05  [ 0.53]
http_gun@internal@pool:'-release_body/4-anonymous-0-'/2   3185        180      0.06  [ 0.47]
http_gun@internal@pool:open/2                             1002        165      0.16  [ 0.43]
http_gun@internal@pool:'-admit_live/3-anonymous-0-'/2     2405        152      0.06  [ 0.40]
http_gun@internal@pool:option_port/2                      2038        129      0.06  [ 0.34]
http_gun@internal@pool:'-open/2-anonymous-0-'/3           1002        128      0.13  [ 0.34]
http_gun@internal@pool:'-start_mode/2-anonymous-6-'/2        1        109    109.00  [ 0.29]
http_gun@internal@pool:validate/2                         1002         81      0.08  [ 0.21]
http_gun@internal@pool:config/1                           1002         77      0.08  [ 0.20]
http_gun@internal@pool:'-start_mode/2-anonymous-2-'/1     1003         68      0.07  [ 0.18]
http_gun@internal@pool:admit/3                            1019         63      0.06  [ 0.17]
http_gun@internal@pool:reserve_capture/2                  1002         59      0.06  [ 0.16]
http_gun@internal@pool:'-handle/2-anonymous-11-'/1           4          9      2.25  [ 0.02]
http_gun@internal@pool:'-open_request/5-anonymous-1-'/1     14          3      0.21  [ 0.01]
http_gun@internal@pool:stop/1                                1          2      2.00  [ 0.01]
http_gun@internal@pool:'-dispatch/1-anonymous-1-'/3         17          2      0.12  [ 0.01]
http_gun@internal@pool:'-admit_live/3-anonymous-1-'/2       33          2      0.06  [ 0.01]
http_gun@internal@pool:make_room/3                          17          1      0.06  [ 0.00]
http_gun@internal@pool:'-start_mode/2-anonymous-4-'/3        1          1      1.00  [ 0.00]
http_gun@internal@pool:'-start_mode/2-anonymous-3-'/1        6          1      0.17  [ 0.00]
http_gun@internal@pool:'-handle/2-anonymous-6-'/4           11          1      0.09  [ 0.00]
http_gun@internal@pool:'-open_request/5-anonymous-0-'/1      6          1      0.17  [ 0.00]
http_gun@internal@pool:'-dispatch/1-anonymous-0-'/1         17          1      0.06  [ 0.00]
http_gun@internal@pool:'-admit_live/3-anonymous-2-'/1       18          1      0.06  [ 0.00]
http_gun@internal@pool:start_mode/2                          1          0      0.00  [ 0.00]
http_gun@internal@pool:start/1                               1          0      0.00  [ 0.00]
http_gun@internal@pool:'-handle/2-anonymous-4-'/2            1          0      0.00  [ 0.00]
http_gun@internal@pool:'-handle/2-anonymous-0-'/2            1          0      0.00  [ 0.00]
http_gun@internal@pool:'-process_lost/2-anonymous-8-'/2      3          0      0.00  [ 0.00]
http_gun@internal@pool:'-process_lost/2-anonymous-2-'/2      3          0      0.00  [ 0.00]
http_gun@internal@pool:'-stop/1-anonymous-0-'/1              1          0      0.00  [ 0.00]
                                                                    37993            [100.0]
