  Compiling http_gun
   Compiled in 0.29s
    Running http_gun_test.main
[32m.[39m[32m.[39m[32m.[39m[32m.[39m[32m.[39m[32m.[39m[32m.[39m[32m.[39m[32m.[39m[32m.[39m[32m.[39m[32m.[39m=NOTICE REPORT==== 30-Sep-2026::10:43:41.696944 ===
TLS server: In state wait_finished received CLIENT ALERT: Fatal - Unknown CA

=NOTICE REPORT==== 30-Sep-2026::10:43:41.696856 ===
TLS client: In state wait_cert_cr at ssl_handshake.erl:2254 generated CLIENT ALERT: Fatal - Unknown CA

[32m.[39m[32m.[39m[32m.[39m[32m.[39m[32m.[39m=NOTICE REPORT==== 30-Sep-2026::10:43:41.748331 ===
TLS client: In state wait_cert_cr at ssl_handshake.erl:2262 generated CLIENT ALERT: Fatal - Bad Certificate
 - {bad_cert,{hostname_check_failed,{requested,"127.0.0.1"},
                                    {received,[{dNSName,"localhost"}]}}}
=NOTICE REPORT==== 30-Sep-2026::10:43:41.748413 ===
TLS server: In state wait_finished received CLIENT ALERT: Fatal - Bad Certificate

[32m.[39m[32m.[39m[32m.[39m[32m.[39m[32m.[39m[32m.[39m[32m.[39m
[1m[31mpanic[39m[22m [90msrc/gleeunit/should.gleam:10[39m
[36m test[39m: http_gun_options_test.cancellation_during_tls_setup_releases_connection_reservation_test
[36m info[39m: 
1
should equal
0
[32m.[39m[32m.[39m[32m.[39m[32m.[39m[32m.[39m[32m.[39m[32m.[39m[32m.[39m[32m.[39m[32m.[39m[32m.[39m[32m.[39m[32m.[39m[32m.[39m[32m.[39m[32m.[39m[32m.[39m[32m.[39m[32m.[39m[32m.[39m[32m.[39m[32m.[39m[32m.[39m[32m.[39m[32m.[39m[32m.[39m[32m.[39m[32m.[39m[32m.[39m[32m.[39m[32m.[39m[32m.[39m[32m.[39m[32m.[39m[32m.[39m[32m.[39m[32m.[39m[32m.[39m[32m.[39m[32m.[39m[32m.[39m[32m.[39m[32m.[39m[32m.[39m[32m.[39m[32m.[39m[32m.[39m[31m
71 passed, 1 failures[39m
