  Compiling http_gun
   Compiled in 0.29s
    Running http_gun_test.main
[32m.[39m[32m.[39m[32m.[39m[32m.[39m[32m.[39m[32m.[39m[32m.[39m[32m.[39m[32m.[39m[32m.[39m[32m.[39m[32m.[39m=NOTICE REPORT==== 30-Sep-2026::10:42:07.466689 ===
TLS server: In state wait_finished received CLIENT ALERT: Fatal - Unknown CA

=NOTICE REPORT==== 30-Sep-2026::10:42:07.466589 ===
TLS client: In state wait_cert_cr at ssl_handshake.erl:2254 generated CLIENT ALERT: Fatal - Unknown CA

[32m.[39m[32m.[39m[32m.[39m[32m.[39m[32m.[39m=NOTICE REPORT==== 30-Sep-2026::10:42:07.516545 ===
TLS client: In state wait_cert_cr at ssl_handshake.erl:2262 generated CLIENT ALERT: Fatal - Bad Certificate
 - {bad_cert,{hostname_check_failed,{requested,"127.0.0.1"},
                                    {received,[{dNSName,"localhost"}]}}}
=NOTICE REPORT==== 30-Sep-2026::10:42:07.516640 ===
TLS server: In state wait_finished received CLIENT ALERT: Fatal - Bad Certificate

[32m.[39m[32m.[39m[32m.[39m[32m.[39m[32m.[39m[32m.[39m
[1m[31mlet assert[39m[22m [90mtest/http_gun_options_test.gleam:126[39m
[36m test[39m: http_gun_options_test.queued_cancellation_removes_waiter_without_submission_test
[36m code[39m: let assert Ok(Error(failure)) = process.receive(result, 1000)
[36mvalue[39m: Error(Nil)
[36m info[39m: Pattern match failed, no pattern matched the value.
[32m.[39m[32m.[39m[32m.[39m[32m.[39m[32m.[39m[32m.[39m[32m.[39m[32m.[39m[32m.[39m[32m.[39m[32m.[39m[32m.[39m[32m.[39m[32m.[39m[32m.[39m[32m.[39m[32m.[39m[32m.[39m[32m.[39m[32m.[39m[32m.[39m[32m.[39m[32m.[39m[32m.[39m[32m.[39m[32m.[39m[32m.[39m[32m.[39m[32m.[39m[32m.[39m[32m.[39m[32m.[39m[32m.[39m[32m.[39m[32m.[39m[32m.[39m[32m.[39m[32m.[39m[32m.[39m[32m.[39m[32m.[39m[32m.[39m[32m.[39m[32m.[39m[32m.[39m[32m.[39m[32m.[39m[31m
70 passed, 1 failures[39m
