  Resolving versions
Downloading packages
 Downloaded 22 packages in 0.12s
      Added cowlib v2.20.0
      Added file_streams v1.7.0
      Added filepath v1.1.2
      Added gleam_http v4.4.0
      Added gun v2.6.0
      Added http_gun v0.1.0
      Added simplifile v2.7.0
  Compiling gleam_stdlib
  Compiling bigi
  Compiling cowlib
===> Analyzing applications...
===> Compiling cowlib
  Compiling exception
  Compiling file_streams
  Compiling filepath
  Compiling gleam_crypto
  Compiling gleam_erlang
  Compiling gleam_http
  Compiling gleam_json
  Compiling gleam_otp
  Compiling gleam_time
  Compiling gleeunit
  Compiling splitter
  Compiling kryptos
  Compiling gose
  Compiling gun
===> Analyzing applications...
===> Compiling gun
  Compiling simplifile
  Compiling telemetry
===> Analyzing applications...
===> Compiling telemetry
  Compiling sinal
  Compiling http_gun
  Compiling jose
src/jwa/jose_jwa.erl:230:7: Warning: 'catch ...' is deprecated; please use 'try ... catch ... end' instead.
Compile directive 'nowarn_deprecated_catch' can be used to suppress
warnings in selected modules.
%  230| 	case catch block_cipher(Cipher) of
%     | 	     ^

src/jwa/jose_jwa.erl:238:7: Warning: 'catch ...' is deprecated; please use 'try ... catch ... end' instead.
Compile directive 'nowarn_deprecated_catch' can be used to suppress
warnings in selected modules.
%  238| 	case catch ?MAYBE_START_JOSE(ets:lookup_element(?TAB, chacha20_poly1305_module, 2)) of
%     | 	     ^

src/jwa/jose_jwa.erl:246:7: Warning: 'catch ...' is deprecated; please use 'try ... catch ... end' instead.
Compile directive 'nowarn_deprecated_catch' can be used to suppress
warnings in selected modules.
%  246| 	case catch rsa_crypt(Padding) of
%     | 	     ^

src/jwa/jose_jwa.erl:254:7: Warning: 'catch ...' is deprecated; please use 'try ... catch ... end' instead.
Compile directive 'nowarn_deprecated_catch' can be used to suppress
warnings in selected modules.
%  254| 	case catch rsa_sign(Padding) of
%     | 	     ^

src/jwa/jose_jwa.erl:262:7: Warning: 'catch ...' is deprecated; please use 'try ... catch ... end' instead.
Compile directive 'nowarn_deprecated_catch' can be used to suppress
warnings in selected modules.
%  262| 	case catch ?MAYBE_START_JOSE(ets:lookup_element(?TAB, xchacha20_poly1305_module, 2)) of
%     | 	     ^

src/jose_server.erl:137:7: Warning: 'catch ...' is deprecated; please use 'try ... catch ... end' instead.
Compile directive 'nowarn_deprecated_catch' can be used to suppress
warnings in selected modules.
%  137| 		_ = catch jose_jwa:unsecured_signing(UnsecuredSigning),
%     | 		    ^

src/jose_server.erl:797:7: Warning: 'catch ...' is deprecated; please use 'try ... catch ... end' instead.
Compile directive 'nowarn_deprecated_catch' can be used to suppress
warnings in selected modules.
%  797| 	case catch jose_crypto_compat:crypto_one_time(Cipher, Key, PlainText, true) of
%     | 	     ^

src/jose_server.erl:799:9: Warning: 'catch ...' is deprecated; please use 'try ... catch ... end' instead.
Compile directive 'nowarn_deprecated_catch' can be used to suppress
warnings in selected modules.
%  799| 			case catch jose_crypto_compat:crypto_one_time(Cipher, Key, CipherText, false) of
%     | 			     ^

src/jose_server.erl:809:7: Warning: 'catch ...' is deprecated; please use 'try ... catch ... end' instead.
Compile directive 'nowarn_deprecated_catch' can be used to suppress
warnings in selected modules.
%  809| 	case catch jose_crypto_compat:crypto_one_time(Cipher, Key, IV, PlainText, true) of
%     | 	     ^

src/jose_server.erl:811:9: Warning: 'catch ...' is deprecated; please use 'try ... catch ... end' instead.
Compile directive 'nowarn_deprecated_catch' can be used to suppress
warnings in selected modules.
%  811| 			case catch jose_crypto_compat:crypto_one_time(Cipher, Key, IV, CipherText, false) of
%     | 			     ^

src/jose_server.erl:821:7: Warning: 'catch ...' is deprecated; please use 'try ... catch ... end' instead.
Compile directive 'nowarn_deprecated_catch' can be used to suppress
warnings in selected modules.
%  821| 	case catch jose_crypto_compat:crypto_one_time(Cipher, Key, IV, {AAD, PlainText}, true) of
%     | 	     ^

src/jose_server.erl:823:9: Warning: 'catch ...' is deprecated; please use 'try ... catch ... end' instead.
Compile directive 'nowarn_deprecated_catch' can be used to suppress
warnings in selected modules.
%  823| 			case catch jose_crypto_compat:crypto_one_time(Cipher, Key, IV, {AAD, CipherText, CipherTag}, false) of
%     | 			     ^

src/jose_server.erl:837:7: Warning: 'catch ...' is deprecated; please use 'try ... catch ... end' instead.
Compile directive 'nowarn_deprecated_catch' can be used to suppress
warnings in selected modules.
%  837| 	case catch public_key:encrypt_public(PlainText, PublicKey, FutureOptions) of
%     | 	     ^

src/jose_server.erl:840:9: Warning: 'catch ...' is deprecated; please use 'try ... catch ... end' instead.
Compile directive 'nowarn_deprecated_catch' can be used to suppress
warnings in selected modules.
%  840| 			case catch public_key:decrypt_private(CipherText, PrivateKey, FutureOptions) of
%     | 			     ^

src/jose_server.erl:842:11: Warning: 'catch ...' is deprecated; please use 'try ... catch ... end' instead.
Compile directive 'nowarn_deprecated_catch' can be used to suppress
warnings in selected modules.
%  842| 					case catch public_key:decrypt_private(rsa_ciphertext(Algorithm), PrivateKey, FutureOptions) of
%     | 					     ^

src/jose_server.erl:859:7: Warning: 'catch ...' is deprecated; please use 'try ... catch ... end' instead.
Compile directive 'nowarn_deprecated_catch' can be used to suppress
warnings in selected modules.
%  859| 	case catch public_key:encrypt_public(PlainText, PublicKey, LegacyOptions) of
%     | 	     ^

src/jose_server.erl:862:9: Warning: 'catch ...' is deprecated; please use 'try ... catch ... end' instead.
Compile directive 'nowarn_deprecated_catch' can be used to suppress
warnings in selected modules.
%  862| 			case catch public_key:decrypt_private(CipherText, PrivateKey, LegacyOptions) of
%     | 			     ^

src/jose_server.erl:864:11: Warning: 'catch ...' is deprecated; please use 'try ... catch ... end' instead.
Compile directive 'nowarn_deprecated_catch' can be used to suppress
warnings in selected modules.
%  864| 					case catch public_key:decrypt_private(rsa_ciphertext(Algorithm), PrivateKey, LegacyOptions) of
%     | 					     ^

src/jose_server.erl:882:7: Warning: 'catch ...' is deprecated; please use 'try ... catch ... end' instead.
Compile directive 'nowarn_deprecated_catch' can be used to suppress
warnings in selected modules.
%  882| 	case catch public_key:sign(Message, DigestType, PrivateKey, Options) of
%     | 	     ^

src/jose_server.erl:885:9: Warning: 'catch ...' is deprecated; please use 'try ... catch ... end' instead.
Compile directive 'nowarn_deprecated_catch' can be used to suppress
warnings in selected modules.
%  885| 			case catch public_key:verify(Message, DigestType, Signature, PublicKey, Options) of
%     | 			     ^

src/jose_server.erl:897:7: Warning: 'catch ...' is deprecated; please use 'try ... catch ... end' instead.
Compile directive 'nowarn_deprecated_catch' can be used to suppress
warnings in selected modules.
%  897| 	case catch public_key:sign(Message, DigestType, PrivateKey) of
%     | 	     ^

src/jose_server.erl:900:9: Warning: 'catch ...' is deprecated; please use 'try ... catch ... end' instead.
Compile directive 'nowarn_deprecated_catch' can be used to suppress
warnings in selected modules.
%  900| 			case catch public_key:verify(Message, DigestType, Signature, PublicKey) of
%     | 			     ^

  Compiling telemetry_registry
  Compiling oidcc
  Compiling warden
/private/tmp/nix-shell.sfDrGT/http-gun-warden-j4ie37sp/warden/build/dev/erlang/warden/_gleam_artefacts/warden@internal@transaction_store.erl:9:2: Warning: local redefinition of built-in type: record()
%    9| -type record() :: {pending, material(), integer()} | {consumed_record, integer(), integer()} | {expired_record, integer(), integer()}.
%     |  ^

/private/tmp/nix-shell.sfDrGT/http-gun-warden-j4ie37sp/warden/build/dev/erlang/warden/_gleam_artefacts/warden_test_server.erl:49:5: Warning: 'catch ...' is deprecated; please use 'try ... catch ... end' instead.
Compile directive 'nowarn_deprecated_catch' can be used to suppress
warnings in selected modules.
%   49|     catch ssl:close(Listen),
%     |     ^

/private/tmp/nix-shell.sfDrGT/http-gun-warden-j4ie37sp/warden/build/dev/erlang/warden/_gleam_artefacts/warden_test_server.erl:91:13: Warning: 'catch ...' is deprecated; please use 'try ... catch ... end' instead.
Compile directive 'nowarn_deprecated_catch' can be used to suppress
warnings in selected modules.
%   91|             catch ssl:close(Socket);
%     |             ^

/private/tmp/nix-shell.sfDrGT/http-gun-warden-j4ie37sp/warden/build/dev/erlang/warden/_gleam_artefacts/integration/node/node_raw_ffi.erl:57:10: Warning: 'catch ...' is deprecated; please use 'try ... catch ... end' instead.
Compile directive 'nowarn_deprecated_catch' can be used to suppress
warnings in selected modules.
%   57|     case catch oidcc_provider_configuration_worker:get_jwks(Name) of
%     |          ^

   Compiled in 19.05s
