  Compiling sinal
  Compiling http_gun
   Compiled in 0.58s
    Running http_gun_test.main
[32m.[39m[32m.[39m[32m.[39m[32m.[39m[32m.[39m[32m.[39m[32m.[39m[32m.[39m[32m.[39m[32m.[39m[32m.[39m[32m.[39m[32m.[39m
[1m[31mpanic[39m[22m [90msrc/gleeunit/should.gleam:10[39m
[36m test[39m: http_gun_destination_test.default_refuses_loopback_before_connecting_test
[36m info[39m: 
MayHaveBeenSent
should equal
NotSubmitted
[32m.[39m[32m.[39m[32m.[39m[32m.[39m[32m.[39m[32m.[39m[32m.[39m[32m.[39m[32m.[39m[32m.[39m[32m.[39m=NOTICE REPORT==== 1-Oct-2026::07:19:17.509092 ===
TLS client: In state wait_cert_cr at ssl_handshake.erl:2254 generated CLIENT ALERT: Fatal - Unknown CA

=NOTICE REPORT==== 1-Oct-2026::07:19:17.510437 ===
TLS server: In state wait_finished received CLIENT ALERT: Fatal - Unknown CA

[32m.[39m[32m.[39m[32m.[39m[32m.[39m[32m.[39m=NOTICE REPORT==== 1-Oct-2026::07:19:17.559937 ===
TLS client: In state wait_cert_cr at ssl_handshake.erl:2262 generated CLIENT ALERT: Fatal - Bad Certificate
 - {bad_cert,{hostname_check_failed,{requested,"127.0.0.1"},
                                    {received,[{dNSName,"localhost"}]}}}
=NOTICE REPORT==== 1-Oct-2026::07:19:17.560042 ===
TLS server: In state wait_finished received CLIENT ALERT: Fatal - Bad Certificate

[32m.[39m[32m.[39m[32m.[39m[32m.[39m[32m.[39m[32m.[39m[32m.[39m[32m.[39m[32m.[39m[32m.[39m[32m.[39m[32m.[39m[32m.[39m[32m.[39m[32m.[39m[32m.[39m[32m.[39m[32m.[39m[32m.[39m[32m.[39m[32m.[39m[32m.[39m[32m.[39m[32m.[39m[32m.[39m[32m.[39m[32m.[39m[32m.[39m[32m.[39m[32m.[39m[32m.[39m[32m.[39m[32m.[39m[32m.[39m[32m.[39m[32m.[39m[32m.[39m[32m.[39m[32m.[39m[32m.[39m[32m.[39m[32m.[39m[32m.[39m[32m.[39m[32m.[39m[32m.[39m[32m.[39m[32m.[39m[32m.[39m[32m.[39m[32m.[39m[32m.[39m[32m.[39m[32m.[39m[32m.[39m[32m.[39m[32m.[39m[32m.[39m[32m.[39m[32m.[39m[32m.[39m[32m.[39m[32m.[39m[32m.[39m[32m.[39m[32m.[39m[32m.[39m[32m.[39m[32m.[39m[31m
98 passed, 1 failures[39m
