+ gleam --version
gleam 1.18.1
+ erl -noshell -eval io:format("OTP ~s ERTS ~s~n",[erlang:system_info(otp_release),erlang:system_info(version)]),halt().
OTP 29 ERTS 17.1
+ gleam format --check src test
+ gleam check
Downloading packages
 Downloaded 5 packages in 0.03s
  Compiling gleam_stdlib
/private/tmp/nix-shell.3z1S9n/sinal-final-gate-bwvun7no/build/dev/erlang/gleam_stdlib/_gleam_artefacts/gleam_stdlib.erl:75:10: Warning: 'catch ...' is deprecated; please use 'try ... catch ... end' instead.
Compile directive 'nowarn_deprecated_catch' can be used to suppress
warnings in selected modules.
%   75|     case catch binary_to_integer(String, Base) of
%     |          ^

/private/tmp/nix-shell.3z1S9n/sinal-final-gate-bwvun7no/build/dev/erlang/gleam_stdlib/_gleam_artefacts/gleam_stdlib.erl:81:10: Warning: 'catch ...' is deprecated; please use 'try ... catch ... end' instead.
Compile directive 'nowarn_deprecated_catch' can be used to suppress
warnings in selected modules.
%   81|     case catch binary_to_integer(String) of
%     |          ^

/private/tmp/nix-shell.3z1S9n/sinal-final-gate-bwvun7no/build/dev/erlang/gleam_stdlib/_gleam_artefacts/gleam_stdlib.erl:87:10: Warning: 'catch ...' is deprecated; please use 'try ... catch ... end' instead.
Compile directive 'nowarn_deprecated_catch' can be used to suppress
warnings in selected modules.
%   87|     case catch binary_to_float(String) of
%     |          ^

  Compiling gleam_erlang
  Compiling gleam_otp
  Compiling gleeunit
  Compiling telemetry
===> Analyzing applications...
===> Compiling telemetry
   Checking sinal
   Compiled in 0.96s
+ gleam build --warnings-as-errors
  Compiling sinal
   Compiled in 0.51s
+ gleam test
   Compiled in 0.19s
    Running sinal_test.main
[32m.[39m[32m.[39m[32m.[39m[32m.[39m[32m.[39m[32m.[39m[32m.[39m[32m.[39m[32m.[39m[32m.[39m[32m.[39m[32m.[39m[32m.[39m[32m.[39m[32m.[39m[32m.[39m[32m.[39m[32m.[39m[32m.[39m[32m.[39m[32m.[39m[32m.[39m[32m.[39m[32m.[39m[32m.[39m[32m.[39m[32m.[39m[32m.[39m[32m.[39m[32m.[39m[32m.[39m[32m.[39m[32m.[39m[32m.[39m[32m.[39m[32m.[39m[32m.[39m[32m.[39m[32m.[39m[32m.[39m[32m.[39m[32m.[39m[32m.[39m[32m.[39m[32m.[39m[32m.[39m[32m.[39m[32m.[39m[32m.[39m[32m.[39m[32m.[39m[32m.[39m[32m.[39m[32m.[39m[32m.[39m[32m.[39m[32m.[39m[32m.[39m[32m.[39m[32m.[39m[32m.[39m[32m.[39m[32m.[39m[32m.[39m[32m.[39m[32m.[39m[32m.[39m[32m.[39m[32m.[39m[32m.[39m[32m.[39m[32m.[39m[32m.[39m[32m.[39m[32m.[39m[32m.[39m[32m.[39m[32m.[39m[32m.[39m[32m.[39m[32m.[39m[32m.[39m[32m.[39m[32m.[39m[32m.[39m[32m.[39m[32m.[39m[32m.[39m[32m.[39m[32m.[39m[32m.[39m[32m.[39m[32m.[39m[32m
93 passed, no failures[39m
+ erlc -Werror -o /tmp/nix-shell.3z1S9n/sinal-final-gate-bwvun7no/ffi-check /tmp/nix-shell.3z1S9n/sinal-final-gate-bwvun7no/src/sinal_ffi.erl /tmp/nix-shell.3z1S9n/sinal-final-gate-bwvun7no/src/sinal_forwarder_ffi.erl /tmp/nix-shell.3z1S9n/sinal-final-gate-bwvun7no/src/sinal_scope_ffi.erl /tmp/nix-shell.3z1S9n/sinal-final-gate-bwvun7no/test/scope_test_ffi.erl /tmp/nix-shell.3z1S9n/sinal-final-gate-bwvun7no/test/forwarder_test_ffi.erl
+ python3 dev/check_forwarder.py
  Compiling gleam_stdlib
/private/tmp/nix-shell.3z1S9n/sinal-forwarder-race-5ed5nege/build/dev/erlang/gleam_stdlib/_gleam_artefacts/gleam_stdlib.erl:75:10: Warning: 'catch ...' is deprecated; please use 'try ... catch ... end' instead.
Compile directive 'nowarn_deprecated_catch' can be used to suppress
warnings in selected modules.
%   75|     case catch binary_to_integer(String, Base) of
%     |          ^

/private/tmp/nix-shell.3z1S9n/sinal-forwarder-race-5ed5nege/build/dev/erlang/gleam_stdlib/_gleam_artefacts/gleam_stdlib.erl:81:10: Warning: 'catch ...' is deprecated; please use 'try ... catch ... end' instead.
Compile directive 'nowarn_deprecated_catch' can be used to suppress
warnings in selected modules.
%   81|     case catch binary_to_integer(String) of
%     |          ^

/private/tmp/nix-shell.3z1S9n/sinal-forwarder-race-5ed5nege/build/dev/erlang/gleam_stdlib/_gleam_artefacts/gleam_stdlib.erl:87:10: Warning: 'catch ...' is deprecated; please use 'try ... catch ... end' instead.
Compile directive 'nowarn_deprecated_catch' can be used to suppress
warnings in selected modules.
%   87|     case catch binary_to_float(String) of
%     |          ^

  Compiling gleam_erlang
  Compiling gleam_otp
  Compiling gleeunit
  Compiling telemetry
===> Analyzing applications...
===> Compiling telemetry
  Compiling sinal
   Compiled in 0.98s
    Running restart_probe.main
Startup capacity=1: first=Error(ForwarderUnavailable), second=Error(CapacityExceeded)
Delayed sender across restart: mailbox before=0, after=0
Delayed drop notice across restart: mailbox before=0, after=0
FINAL SINAL GATE PASSED
